ESP-ROM:esp32s3-20210327
Build:Mar 27 2021
rst:0x1 (POWERON),boot:0x8 (SPI_FAST_FLASH_BOOT)
SPIWP:0xee
mode:DIO, clock div:1
load:0x3fce3810,len:0x178c
load:0x403c9700,len:0x4
load:0x403c9704,len:0xcbc
load:0x403cc700,len:0x2da0
entry 0x403c9914
[0;32mI (27) boot: ESP-IDF v5.2.1-dirty 2nd stage bootloader[0m
[0;32mI (27) boot: compile time Mar  5 2026 16:45:52[0m
[0;32mI (27) boot: Multicore bootloader[0m
[0;32mI (30) boot: chip revision: v0.2[0m
[0;32mI (34) boot.esp32s3: Boot SPI Speed : 80MHz[0m
[0;32mI (39) boot.esp32s3: SPI Mode       : DIO[0m
[0;32mI (44) boot.esp32s3: SPI Flash Size : 16MB[0m
[0;32mI (49) boot: Enabling RNG early entropy source...[0m
[0;32mI (54) boot: Partition Table:[0m
[0;32mI (58) boot: ## Label            Usage          Type ST Offset   Length[0m
[0;32mI (65) boot:  0 esp_secure_cert  unknown          3f 06 0000d000 00002000[0m
[0;32mI (72) boot:  1 nvs              WiFi data        01 02 00010000 00100000[0m
[0;32mI (80) boot:  2 nvs_keys         NVS keys         01 04 00110000 00001000[0m
[0;32mI (87) boot:  3 otadata          OTA data         01 00 00111000 00002000[0m
[0;32mI (95) boot:  4 phy_init         RF data          01 01 00113000 00001000[0m
[0;32mI (102) boot:  5 ota_0            OTA app          00 10 00120000 00500000[0m
[0;32mI (110) boot:  6 ota_1            OTA app          00 11 00620000 00500000[0m
[0;32mI (117) boot:  7 storage          Unknown data     01 82 00b20000 004d0000[0m
[0;32mI (125) boot:  8 fctry            WiFi data        01 02 00ff0000 00010000[0m
[0;32mI (132) boot: End of partition table[0m
[0;32mI (137) esp_image: segment 0: paddr=00120020 vaddr=3c120020 size=45960h (285024) map[0m
[0;32mI (196) esp_image: segment 1: paddr=00165988 vaddr=3fc9c300 size=06ce4h ( 27876) load[0m
[0;32mI (202) esp_image: segment 2: paddr=0016c674 vaddr=40374000 size=039a4h ( 14756) load[0m
[0;32mI (206) esp_image: segment 3: paddr=00170020 vaddr=42000020 size=11a860h (1157216) map[0m
[0;32mI (418) esp_image: segment 4: paddr=0028a888 vaddr=403779a4 size=14934h ( 84276) load[0m
[0;32mI (447) boot: Loaded app from partition at offset 0x120000[0m
[0;32mI (447) boot: Disabling RNG early entropy source...[0m
[0;32mI (459) cpu_start: Multicore app[0m
[0;32mI (460) octal_psram: vendor id    : 0x0d (AP)[0m
[0;32mI (460) octal_psram: dev id       : 0x02 (generation 3)[0m
[0;32mI (463) octal_psram: density      : 0x03 (64 Mbit)[0m
[0;32mI (468) octal_psram: good-die     : 0x01 (Pass)[0m
[0;32mI (473) octal_psram: Latency      : 0x01 (Fixed)[0m
[0;32mI (479) octal_psram: VCC          : 0x01 (3V)[0m
[0;32mI (484) octal_psram: SRF          : 0x01 (Fast Refresh)[0m
[0;32mI (490) octal_psram: BurstType    : 0x01 (Hybrid Wrap)[0m
[0;32mI (495) octal_psram: BurstLen     : 0x01 (32 Byte)[0m
[0;32mI (501) octal_psram: Readlatency  : 0x02 (10 cycles@Fixed)[0m
[0;32mI (507) octal_psram: DriveStrength: 0x00 (1/1)[0m
[0;32mI (513) MSPI Timing: PSRAM timing tuning index: 11[0m
[0;32mI (518) esp_psram: Found 8MB PSRAM device[0m
[0;32mI (522) esp_psram: Speed: 80MHz[0m
[0;32mI (939) esp_psram: SPI SRAM memory test OK[0m
[0;32mI (948) cpu_start: Pro cpu start user code[0m
[0;32mI (948) cpu_start: cpu freq: 160000000 Hz[0m
[0;32mI (948) cpu_start: Application information:[0m
[0;32mI (951) cpu_start: Project name:     light[0m
[0;32mI (956) cpu_start: App version:      1.0[0m
[0;32mI (961) cpu_start: Compile time:     Mar  5 2026 16:45:43[0m
[0;32mI (967) cpu_start: ELF file SHA256:  786f3e904...[0m
[0;32mI (972) cpu_start: ESP-IDF:          v5.2.1-dirty[0m
[0;32mI (977) cpu_start: Min chip rev:     v0.0[0m
[0;32mI (982) cpu_start: Max chip rev:     v0.99 [0m
[0;32mI (987) cpu_start: Chip rev:         v0.2[0m
[0;32mI (992) heap_init: Initializing. RAM available for dynamic allocation:[0m
[0;32mI (999) heap_init: At 3FCB5A18 len 00033CF8 (207 KiB): RAM[0m
[0;32mI (1005) heap_init: At 3FCE9710 len 00005724 (21 KiB): RAM[0m
[0;32mI (1011) heap_init: At 3FCF0000 len 00008000 (32 KiB): DRAM[0m
[0;32mI (1018) heap_init: At 600FE010 len 00001FD8 (7 KiB): RTCRAM[0m
[0;32mI (1024) esp_psram: Adding pool of 8192K of PSRAM memory to heap allocator[0m
[0;32mI (1032) spi_flash: detected chip: generic[0m
[0;32mI (1036) spi_flash: flash io: dio[0m
[0;33mW (1040) rmt(legacy): legacy driver is deprecated, please migrate to `driver/rmt_tx.h` and/or `driver/rmt_rx.h`[0m
[0;32mI (1052) sleep: Configure to isolate all GPIO pins in sleep state[0m
[0;32mI (1058) sleep: Enable automatic switching of GPIO sleep configuration[0m
[0;32mI (1065) coexist: coex firmware version: 77cd7f8[0m
[0;32mI (1070) coexist: coexist rom version e7ae62f[0m
[0;32mI (1076) main_task: Started on CPU0[0m
[0;32mI (1086) esp_psram: Reserving pool of 32K of internal memory for DMA/internal allocations[0m
[0;32mI (1086) main_task: Calling app_main()[0m
[0;32mI (1526) gpio: GPIO[15]| InputEn: 0| OutputEn: 1| OpenDrain: 0| Pullup: 0| Pulldown: 0| Intr:0 [0m
[0;32mI (1526) gpio: GPIO[16]| InputEn: 0| OutputEn: 1| OpenDrain: 0| Pullup: 0| Pulldown: 0| Intr:0 [0m
[0;32mI (1536) gpio: GPIO[17]| InputEn: 0| OutputEn: 1| OpenDrain: 0| Pullup: 0| Pulldown: 0| Intr:0 [0m
[0;32mI (1536) status_led: Status LED ready (R=15 G=16 B=17, common cathode)[0m
[0;31mE (1546) app_main: Failed to register IP_EVENT_STA_GOT_IP handler, err:259[0m

abort() was called at PC 0x42009cc1 on core 0


Backtrace: 0x40375c8e:0x3fcb9170 0x40380f95:0x3fcb9190 0x4038817e:0x3fcb91b0 0x42009cc1:0x3fcb9220 0x42119a58:0x3fcb9330 0x40381a29:0x3fcb9360




ELF file SHA256: 786f3e904

Rebooting...
ESP-ROM:esp32s3-20210327
Build:Mar 27 2021
rst:0xc (RTC_SW_CPU_RST),boot:0x8 (SPI_FAST_FLASH_BOOT)
Saved PC:0x40375c10
SPIWP:0xee
mode:DIO, clock div:1
load:0x3fce3810,len:0x178c
load:0x403c9700,len:0x4
load:0x403c9704,len:0xcbc
load:0x403cc700,len:0x2da0
entry 0x403c9914
[0;32mI (31) boot: ESP-IDF v5.2.1-dirty 2nd stage bootloader[0m
[0;32mI (31) boot: compile time Mar  5 2026 16:45:52[0m
[0;32mI (31) boot: Multicore bootloader[0m
[0;32mI (35) boot: chip revision: v0.2[0m
[0;32mI (39) boot.esp32s3: Boot SPI Speed : 80MHz[0m
[0;32mI (43) boot.esp32s3: SPI Mode       : DIO[0m
[0;32mI (48) boot.esp32s3: SPI Flash Size : 16MB[0m
[0;32mI (53) boot: Enabling RNG early entropy source...[0m
[0;32mI (58) boot: Partition Table:[0m
[0;32mI (62) boot: ## Label            Usage          Type ST Offset   Length[0m
[0;32mI (69) boot:  0 esp_secure_cert  unknown          3f 06 0000d000 00002000[0m
[0;32mI (77) boot:  1 nvs              WiFi data        01 02 00010000 00100000[0m
[0;32mI (84) boot:  2 nvs_keys         NVS keys         01 04 00110000 00001000[0m
[0;32mI (92) boot:  3 otadata          OTA data         01 00 00111000 00002000[0m
[0;32mI (99) boot:  4 phy_init         RF data          01 01 00113000 00001000[0m
[0;32mI (107) boot:  5 ota_0            OTA app          00 10 00120000 00500000[0m
[0;32mI (114) boot:  6 ota_1            OTA app          00 11 00620000 00500000[0m
[0;32mI (122) boot:  7 storage          Unknown data     01 82 00b20000 004d0000[0m
[0;32mI (129) boot:  8 fctry            WiFi data        01 02 00ff0000 00010000[0m
[0;32mI (137) boot: End of partition table[0m
[0;32mI (141) esp_image: segment 0: paddr=00120020 vaddr=3c120020 size=45960h (285024) map[0m
[0;32mI (201) esp_image: segment 1: paddr=00165988 vaddr=3fc9c300 size=06ce4h ( 27876) load[0m
[0;32mI (207) esp_image: segment 2: paddr=0016c674 vaddr=40374000 size=039a4h ( 14756) load[0m
[0;32mI (210) esp_image: segment 3: paddr=00170020 vaddr=42000020 size=11a860h (1157216) map[0m
[0;32mI (423) esp_image: segment 4: paddr=0028a888 vaddr=403779a4 size=14934h ( 84276) load[0m
[0;32mI (452) boot: Loaded app from partition at offset 0x120000[0m
[0;32mI (452) boot: Disabling RNG early entropy source...[0m
[0;32mI (464) cpu_start: Multicore app[0m
[0;32mI (464) octal_psram: vendor id    : 0x0d (AP)[0m
[0;32mI (464) octal_psram: dev id       : 0x02 (generation 3)[0m
[0;32mI (467) octal_psram: density      : 0x03 (64 Mbit)[0m
[0;32mI (472) octal_psram: good-die     : 0x01 (Pass)[0m
[0;32mI (478) octal_psram: Latency      : 0x01 (Fixed)[0m
[0;32mI (483) octal_psram: VCC          : 0x01 (3V)[0m
[0;32mI (488) octal_psram: SRF          : 0x01 (Fast Refresh)[0m
[0;32mI (494) octal_psram: BurstType    : 0x01 (Hybrid Wrap)[0m
[0;32mI (500) octal_psram: BurstLen     : 0x01 (32 Byte)[0m
[0;32mI (505) octal_psram: Readlatency  : 0x02 (10 cycles@Fixed)[0m
[0;32mI (511) octal_psram: DriveStrength: 0x00 (1/1)[0m
[0;32mI (517) MSPI Timing: PSRAM timing tuning index: 5[0m
[0;32mI (522) esp_psram: Found 8MB PSRAM device[0m
[0;32mI (527) esp_psram: Speed: 80MHz[0m
[0;32mI (944) esp_psram: SPI SRAM memory test OK[0m
[0;32mI (952) cpu_start: Pro cpu start user code[0m
[0;32mI (953) cpu_start: cpu freq: 160000000 Hz[0m
[0;32mI (953) cpu_start: Application information:[0m
[0;32mI (956) cpu_start: Project name:     light[0m
[0;32mI (960) cpu_start: App version:      1.0[0m
[0;32mI (965) cpu_start: Compile time:     Mar  5 2026 16:45:43[0m
[0;32mI (971) cpu_start: ELF file SHA256:  786f3e904...[0m
[0;32mI (976) cpu_start: ESP-IDF:          v5.2.1-dirty[0m
[0;32mI (982) cpu_start: Min chip rev:     v0.0[0m
[0;32mI (986) cpu_start: Max chip rev:     v0.99 [0m
[0;32mI (991) cpu_start: Chip rev:         v0.2[0m
[0;32mI (996) heap_init: Initializing. RAM available for dynamic allocation:[0m
[0;32mI (1003) heap_init: At 3FCB5A18 len 00033CF8 (207 KiB): RAM[0m
[0;32mI (1009) heap_init: At 3FCE9710 len 00005724 (21 KiB): RAM[0m
[0;32mI (1016) heap_init: At 3FCF0000 len 00008000 (32 KiB): DRAM[0m
[0;32mI (1022) heap_init: At 600FE010 len 00001FD8 (7 KiB): RTCRAM[0m
[0;32mI (1028) esp_psram: Adding pool of 8192K of PSRAM memory to heap allocator[0m
[0;32mI (1037) spi_flash: detected chip: generic[0m
[0;32mI (1041) spi_flash: flash io: dio[0m
[0;33mW (1045) rmt(legacy): legacy driver is deprecated, please migrate to `driver/rmt_tx.h` and/or `driver/rmt_rx.h`[0m
[0;32mI (1057) sleep: Configure to isolate all GPIO pins in sleep state[0m
[0;32mI (1062) sleep: Enable automatic switching of GPIO sleep configuration[0m
[0;32mI (1070) coexist: coex firmware version: 77cd7f8[0m
[0;32mI (1075) coexist: coexist rom version e7ae62f[0m
[0;32mI (1080) main_task: Started on CPU0[0m
[0;32mI (1090) esp_psram: Reserving pool of 32K of internal memory for DMA/internal allocations[0m
[0;32mI (1090) main_task: Calling app_main()[0m
[0;32mI (1530) gpio: GPIO[15]| InputEn: 0| OutputEn: 1| OpenDrain: 0| Pullup: 0| Pulldown: 0| Intr:0 [0m
[0;32mI (1530) gpio: GPIO[16]| InputEn: 0| OutputEn: 1| OpenDrain: 0| Pullup: 0| Pulldown: 0| Intr:0 [0m
[0;32mI (1530) gpio: GPIO[17]| InputEn: 0| OutputEn: 1| OpenDrain: 0| Pullup: 0| Pulldown: 0| Intr:0 [0m
[0;32mI (1540) status_led: Status LED ready (R=15 G=16 B=17, common cathode)[0m
[0;31mE (1550) app_main: Failed to register IP_EVENT_STA_GOT_IP handler, err:259[0m

abort() was called at PC 0x42009cc1 on core 0


Backtrace: 0x40375c8e:0x3fcb9170 0x40380f95:0x3fcb9190 0x4038817e:0x3fcb91b0 0x42009cc1:0x3fcb9220 0x42119a58:0x3fcb9330 0x40381a29:0x3fcb9360




ELF file SHA256: 786f3e904

Rebooting...
ESP-ROM:esp32s3-20210327
Build:Mar 27 2021
rst:0xc (RTC_SW_CPU_RST),boot:0x8 (SPI_FAST_FLASH_BOOT)
Saved PC:0x40375c10
SPIWP:0xee
mode:DIO, clock div:1
load:0x3fce3810,len:0x178c
load:0x403c9700,len:0x4
load:0x403c9704,len:0xcbc
load:0x403cc700,len:0x2da0
entry 0x403c9914
[0;32mI (31) boot: ESP-IDF v5.2.1-dirty 2nd stage bootloader[0m
[0;32mI (31) boot: compile time Mar  5 2026 16:45:52[0m
[0;32mI (31) boot: Multicore bootloader[0m
[0;32mI (35) boot: chip revision: v0.2[0m
[0;32mI (39) boot.esp32s3: Boot SPI Speed : 80MHz[0m
[0;32mI (43) boot.esp32s3: SPI Mode       : DIO[0m
[0;32mI (48) boot.esp32s3: SPI Flash Size : 16MB[0m
[0;32mI (53) boot: Enabling RNG early entropy source...[0m
[0;32mI (58) boot: Partition Table:[0m
[0;32mI (62) boot: ## Label            Usage          Type ST Offset   Length[0m
[0;32mI (69) boot:  0 esp_secure_cert  unknown          3f 06 0000d000 00002000[0m
[0;32mI (77) boot:  1 nvs              WiFi data        01 02 00010000 00100000[0m
[0;32mI (84) boot:  2 nvs_keys         NVS keys         01 04 00110000 00001000[0m
[0;32mI (92) boot:  3 otadata          OTA data         01 00 00111000 00002000[0m
[0;32mI (99) boot:  4 phy_init         RF data          01 01 00113000 00001000[0m
[0;32mI (107) boot:  5 ota_0            OTA app          00 10 00120000 00500000[0m
[0;32mI (114) boot:  6 ota_1            OTA app          00 11 00620000 00500000[0m
[0;32mI (122) boot:  7 storage          Unknown data     01 82 00b20000 004d0000[0m
[0;32mI (129) boot:  8 fctry            WiFi data        01 02 00ff0000 00010000[0m
[0;32mI (137) boot: End of partition table[0m
[0;32mI (141) esp_image: segment 0: paddr=00120020 vaddr=3c120020 size=45960h (285024) map[0m
[0;32mI (201) esp_image: segment 1: paddr=00165988 vaddr=3fc9c300 size=06ce4h ( 27876) load[0m
[0;32mI (207) esp_image: segment 2: paddr=0016c674 vaddr=40374000 size=039a4h ( 14756) load[0m
[0;32mI (210) esp_image: segment 3: paddr=00170020 vaddr=42000020 size=11a860h (1157216) map[0m
[0;32mI (423) esp_image: segment 4: paddr=0028a888 vaddr=403779a4 size=14934h ( 84276) load[0m
[0;32mI (452) boot: Loaded app from partition at offset 0x120000[0m
[0;32mI (452) boot: Disabling RNG early entropy source...[0m
[0;32mI (464) cpu_start: Multicore app[0m
[0;32mI (464) octal_psram: vendor id    : 0x0d (AP)[0m
[0;32mI (464) octal_psram: dev id       : 0x02 (generation 3)[0m
[0;32mI (467) octal_psram: density      : 0x03 (64 Mbit)[0m
[0;32mI (472) octal_psram: good-die     : 0x01 (Pass)[0m
[0;32mI (478) octal_psram: Latency      : 0x01 (Fixed)[0m
[0;32mI (483) octal_psram: VCC          : 0x01 (3V)[0m
[0;32mI (488) octal_psram: SRF          : 0x01 (Fast Refresh)[0m
[0;32mI (494) octal_psram: BurstType    : 0x01 (Hybrid Wrap)[0m
[0;32mI (500) octal_psram: BurstLen     : 0x01 (32 Byte)[0m
[0;32mI (505) octal_psram: Readlatency  : 0x02 (10 cycles@Fixed)[0m
[0;32mI (511) octal_psram: DriveStrength: 0x00 (1/1)[0m
[0;32mI (517) MSPI Timing: PSRAM timing tuning index: 5[0m
[0;32mI (522) esp_psram: Found 8MB PSRAM device[0m
[0;32mI (527) esp_psram: Speed: 80MHz[0m
[0;32mI (944) esp_psram: SPI SRAM memory test OK[0m
[0;32mI (952) cpu_start: Pro cpu start user code[0m
[0;32mI (953) cpu_start: cpu freq: 160000000 Hz[0m
[0;32mI (953) cpu_start: Application information:[0m
[0;32mI (956) cpu_start: Project name:     light[0m
[0;32mI (960) cpu_start: App version:      1.0[0m
[0;32mI (965) cpu_start: Compile time:     Mar  5 2026 16:45:43[0m
[0;32mI (971) cpu_start: ELF file SHA256:  786f3e904...[0m
[0;32mI (976) cpu_start: ESP-IDF:          v5.2.1-dirty[0m
[0;32mI (982) cpu_start: Min chip rev:     v0.0[0m
[0;32mI (986) cpu_start: Max chip rev:     v0.99 [0m
[0;32mI (991) cpu_start: Chip rev:         v0.2[0m
[0;32mI (996) heap_init: Initializing. RAM available for dynamic allocation:[0m
[0;32mI (1003) heap_init: At 3FCB5A18 len 00033CF8 (207 KiB): RAM[0m
[0;32mI (1009) heap_init: At 3FCE9710 len 00005724 (21 KiB): RAM[0m
[0;32mI (1016) heap_init: At 3FCF0000 len 00008000 (32 KiB): DRAM[0m
[0;32mI (1022) heap_init: At 600FE010 len 00001FD8 (7 KiB): RTCRAM[0m
[0;32mI (1028) esp_psram: Adding pool of 8192K of PSRAM memory to heap allocator[0m
[0;32mI (1037) spi_flash: detected chip: generic[0m
[0;32mI (1041) spi_flash: flash io: dio[0m
[0;33mW (1045) rmt(legacy): legacy driver is deprecated, please migrate to `driver/rmt_tx.h` and/or `driver/rmt_rx.h`[0m
[0;32mI (1057) sleep: Configure to isolate all GPIO pins in sleep state[0m
[0;32mI (1062) sleep: Enable automatic switching of GPIO sleep configuration[0m
[0;32mI (1070) coexist: coex firmware version: 77cd7f8[0m
[0;32mI (1075) coexist: coexist rom version e7ae62f[0m
[0;32mI (1080) main_task: Started on CPU0[0m
[0;32mI (1090) esp_psram: Reserving pool of 32K of internal memory for DMA/internal allocations[0m
[0;32mI (1090) main_task: Calling app_main()[0m
[0;32mI (1530) gpio: GPIO[15]| InputEn: 0| OutputEn: 1| OpenDrain: 0| Pullup: 0| Pulldown: 0| Intr:0 [0m
[0;32mI (1530) gpio: GPIO[16]| InputEn: 0| OutputEn: 1| OpenDrain: 0| Pullup: 0| Pulldown: 0| Intr:0 [0m
[0;32mI (1530) gpio: GPIO[17]| InputEn: 0| OutputEn: 1| OpenDrain: 0| Pullup: 0| Pulldown: 0| Intr:0 [0m
[0;32mI (1540) status_led: Status LED ready (R=15 G=16 B=17, common cathode)[0m
[0;31mE (1550) app_main: Failed to register IP_EVENT_STA_GOT_IP handler, err:259[0m

abort() was called at PC 0x42009cc1 on core 0


Backtrace: 0x40375c8e:0x3fcb9170 0x40380f95:0x3fcb9190 0x4038817e:0x3fcb91b0 0x42009cc1:0x3fcb9220 0x42119a58:0x3fcb9330 0x40381a29:0x3fcb9360




ELF file SHA256: 786f3e904

Rebooting...
ESP-ROM:esp32s3-20210327
Build:Mar 27 2021
rst:0xc (RTC_SW_CPU_RST),boot:0x8 (SPI_FAST_FLASH_BOOT)
Saved PC:0x40375c10
SPIWP:0xee
mode:DIO, clock div:1
load:0x3fce3810,len:0x178c
load:0x403c9700,len:0x4
load:0x403c9704,len:0xcbc
load:0x403cc700,len:0x2da0
entry 0x403c9914
[0;32mI (31) boot: ESP-IDF v5.2.1-dirty 2nd stage bootloader[0m
[0;32mI (31) boot: compile time Mar  5 2026 16:45:52[0m
[0;32mI (31) boot: Multicore bootloader[0m
[0;32mI (35) boot: chip revision: v0.2[0m
[0;32mI (39) boot.esp32s3: Boot SPI Speed : 80MHz[0m
[0;32mI (43) boot.esp32s3: SPI Mode       : DIO[0m
[0;32mI (48) boot.esp32s3: SPI Flash Size : 16MB[0m
[0;32mI (53) boot: Enabling RNG early entropy source...[0m
[0;32mI (58) boot: Partition Table:[0m
[0;32mI (62) boot: ## Label            Usage          Type ST Offset   Length[0m
[0;32mI (69) boot:  0 esp_secure_cert  unknown          3f 06 0000d000 00002000[0m
[0;32mI (77) boot:  1 nvs              WiFi data        01 02 00010000 00100000[0m
[0;32mI (84) boot:  2 nvs_keys         NVS keys         01 04 00110000 00001000[0m
[0;32mI (92) boot:  3 otadata          OTA data         01 00 00111000 00002000[0m
[0;32mI (99) boot:  4 phy_init         RF data          01 01 00113000 00001000[0m
[0;32mI (107) boot:  5 ota_0            OTA app          00 10 00120000 00500000[0m
[0;32mI (114) boot:  6 ota_1            OTA app          00 11 00620000 00500000[0m
[0;32mI (122) boot:  7 storage          Unknown data     01 82 00b20000 004d0000[0m
[0;32mI (129) boot:  8 fctry            WiFi data        01 02 00ff0000 00010000[0m
[0;32mI (137) boot: End of partition table[0m
[0;32mI (141) esp_image: segment 0: paddr=00120020 vaddr=3c120020 size=45960h (285024) map[0m
[0;32mI (201) esp_image: segment 1: paddr=00165988 vaddr=3fc9c300 size=06ce4h ( 27876) load[0m
[0;32mI (207) esp_image: segment 2: paddr=0016c674 vaddr=40374000 size=039a4h ( 14756) load[0m
[0;32mI (210) esp_image: segment 3: paddr=00170020 vaddr=42000020 size=11a860h (1157216) map[0m
[0;32mI (423) esp_image: segment 4: paddr=0028a888 vaddr=403779a4 size=14934h ( 84276) load[0m
[0;32mI (452) boot: Loaded app from partition at offset 0x120000[0m
[0;32mI (452) boot: Disabling RNG early entropy source...[0m
[0;32mI (464) cpu_start: Multicore app[0m
[0;32mI (464) octal_psram: vendor id    : 0x0d (AP)[0m
[0;32mI (464) octal_psram: dev id       : 0x02 (generation 3)[0m
[0;32mI (467) octal_psram: density      : 0x03 (64 Mbit)[0m
[0;32mI (472) octal_psram: good-die     : 0x01 (Pass)[0m
[0;32mI (478) octal_psram: Latency      : 0x01 (Fixed)[0m
[0;32mI (483) octal_psram: VCC          : 0x01 (3V)[0m
[0;32mI (488) octal_psram: SRF          : 0x01 (Fast Refresh)[0m
[0;32mI (494) octal_psram: BurstType    : 0x01 (Hybrid Wrap)[0m
[0;32mI (500) octal_psram: BurstLen     : 0x01 (32 Byte)[0m
[0;32mI (505) octal_psram: Readlatency  : 0x02 (10 cycles@Fixed)[0m
[0;32mI (511) octal_psram: DriveStrength: 0x00 (1/1)[0m
[0;32mI (517) MSPI Timing: PSRAM timing tuning index: 5[0m
[0;32mI (522) esp_psram: Found 8MB PSRAM device[0m
[0;32mI (527) esp_psram: Speed: 80MHz[0m
[0;32mI (944) esp_psram: SPI SRAM memory test OK[0m
[0;32mI (952) cpu_start: Pro cpu start user code[0m
[0;32mI (953) cpu_start: cpu freq: 160000000 Hz[0m
[0;32mI (953) cpu_start: Application information:[0m
[0;32mI (956) cpu_start: Project name:     light[0m
[0;32mI (960) cpu_start: App version:      1.0[0m
[0;32mI (965) cpu_start: Compile time:     Mar  5 2026 16:45:43[0m
[0;32mI (971) cpu_start: ELF file SHA256:  786f3e904...[0m
[0;32mI (976) cpu_start: ESP-IDF:          v5.2.1-dirty[0m
[0;32mI (982) cpu_start: Min chip rev:     v0.0[0m
[0;32mI (986) cpu_start: Max chip rev:     v0.99 [0m
[0;32mI (991) cpu_start: Chip rev:         v0.2[0m
[0;32mI (996) heap_init: Initializing. RAM available for dynamic allocation:[0m
[0;32mI (1003) heap_init: At 3FCB5A18 len 00033CF8 (207 KiB): RAM[0m
[0;32mI (1009) heap_init: At 3FCE9710 len 00005724 (21 KiB): RAM[0m
[0;32mI (1016) heap_init: At 3FCF0000 len 00008000 (32 KiB): DRAM[0m
[0;32mI (1022) heap_init: At 600FE010 len 00001FD8 (7 KiB): RTCRAM[0m
[0;32mI (1028) esp_psram: Adding pool of 8192K of PSRAM memory to heap allocator[0m
[0;32mI (1037) spi_flash: detected chip: generic[0m
[0;32mI (1041) spi_flash: flash io: dio[0m
[0;33mW (1045) rmt(legacy): legacy driver is deprecated, please migrate to `driver/rmt_tx.h` and/or `driver/rmt_rx.h`[0m
[0;32mI (1057) sleep: Configure to isolate all GPIO pins in sleep state[0m
[0;32mI (1062) sleep: Enable automatic switching of GPIO sleep configuration[0m
[0;32mI (1070) coexist: coex firmware version: 77cd7f8[0m
[0;32mI (1075) coexist: coexist rom version e7ae62f[0m
[0;32mI (1080) main_task: Started on CPU0[0m
[0;32mI (1090) esp_psram: Reserving pool of 32K of internal memory for DMA/internal allocations[0m
[0;32mI (1090) main_task: Calling app_main()[0m
[0;32mI (1530) gpio: GPIO[15]| InputEn: 0| OutputEn: 1| OpenDrain: 0| Pullup: 0| Pulldown: 0| Intr:0 [0m
[0;32mI (1530) gpio: GPIO[16]| InputEn: 0| OutputEn: 1| OpenDrain: 0| Pullup: 0| Pulldown: 0| Intr:0 [0m
[0;32mI (1530) gpio: GPIO[17]| InputEn: 0| OutputEn: 1| OpenDrain: 0| Pullup: 0| Pulldown: 0| Intr:0 [0m
[0;32mI (1540) status_led: Status LED ready (R=15 G=16 B=17, common cathode)[0m
[0;31mE (1550) app_main: Failed to register IP_EVENT_STA_GOT_IP handler, err:259[0m

abort() was called at PC 0x42009cc1 on core 0


Backtrace: 0x40375c8e:0x3fcb9170 0x40380f95:0x3fcb9190 0x4038817e:0x3fcb91b0 0x42009cc1:0x3fcb9220 0x42119a58:0x3fcb9330 0x40381a29:0x3fcb9360




ELF file SHA256: 786f3e904

Rebooting...
ESP-ROM:esp32s3-20210327
Build:Mar 27 2021
rst:0xc (RTC_SW_CPU_RST),boot:0x8 (SPI_FAST_FLASH_BOOT)
Saved PC:0x40375c10
SPIWP:0xee
mode:DIO, clock div:1
load:0x3fce3810,len:0x178c
load:0x403c9700,len:0x4
load:0x403c9704,len:0xcbc
load:0x403cc700,len:0x2da0
entry 0x403c9914
[0;32mI (31) boot: ESP-IDF v5.2.1-dirty 2nd stage bootloader[0m
[0;32mI (31) boot: compile time Mar  5 2026 16:45:52[0m
[0;32mI (31) boot: Multicore bootloader[0m
[0;32mI (35) boot: chip revision: v0.2[0m
[0;32mI (39) boot.esp32s3: Boot SPI Speed : 80MHz[0m
[0;32mI (43) boot.esp32s3: SPI Mode       : DIO[0m
[0;32mI (48) boot.esp32s3: SPI Flash Size : 16MB[0m
[0;32mI (53) boot: Enabling RNG early entropy source...[0m
[0;32mI (58) boot: Partition Table:[0m
[0;32mI (62) boot: ## Label            Usage          Type ST Offset   Length[0m
[0;32mI (69) boot:  0 esp_secure_cert  unknown          3f 06 0000d000 00002000[0m
[0;32mI (77) boot:  1 nvs              WiFi data        01 02 00010000 00100000[0m
[0;32mI (84) boot:  2 nvs_keys         NVS keys         01 04 00110000 00001000[0m
[0;32mI (92) boot:  3 otadata          OTA data         01 00 00111000 00002000[0m
[0;32mI (99) boot:  4 phy_init         RF data          01 01 00113000 00001000[0m
[0;32mI (107) boot:  5 ota_0            OTA app          00 10 00120000 00500000[0m
[0;32mI (114) boot:  6 ota_1            OTA app          00 11 00620000 00500000[0m
[0;32mI (122) boot:  7 storage          Unknown data     01 82 00b20000 004d0000[0m
[0;32mI (129) boot:  8 fctry            WiFi data        01 02 00ff0000 00010000[0m
[0;32mI (137) boot: End of partition table[0m
[0;32mI (141) esp_image: segment 0: paddr=00120020 vaddr=3c120020 size=45960h (285024) map[0m
[0;32mI (201) esp_image: segment 1: paddr=00165988 vaddr=3fc9c300 size=06ce4h ( 27876) load[0m
[0;32mI (207) esp_image: segment 2: paddr=0016c674 vaddr=40374000 size=039a4h ( 14756) load[0m
[0;32mI (210) esp_image: segment 3: paddr=00170020 vaddr=42000020 size=11a860h (1157216) map[0m
[0;32mI (423) esp_image: segment 4: paddr=0028a888 vaddr=403779a4 size=14934h ( 84276) load[0m
[0;32mI (452) boot: Loaded app from partition at offset 0x120000[0m
[0;32mI (452) boot: Disabling RNG early entropy source...[0m
[0;32mI (464) cpu_start: Multicore app[0m
[0;32mI (464) octal_psram: vendor id    : 0x0d (AP)[0m
[0;32mI (464) octal_psram: dev id       : 0x02 (generation 3)[0m
[0;32mI (467) octal_psram: density      : 0x03 (64 Mbit)[0m
[0;32mI (472) octal_psram: good-die     : 0x01 (Pass)[0m
[0;32mI (478) octal_psram: Latency      : 0x01 (Fixed)[0m
[0;32mI (483) octal_psram: VCC          : 0x01 (3V)[0m
[0;32mI (488) octal_psram: SRF          : 0x01 (Fast Refresh)[0m
[0;32mI (494) octal_psram: BurstType    : 0x01 (Hybrid Wrap)[0m
[0;32mI (500) octal_psram: BurstLen     : 0x01 (32 Byte)[0m
[0;32mI (505) octal_psram: Readlatency  : 0x02 (10 cycles@Fixed)[0m
[0;32mI (511) octal_psram: DriveStrength: 0x00 (1/1)[0m
[0;32mI (517) MSPI Timing: PSRAM timing tuning index: 5[0m
[0;32mI (522) esp_psram: Found 8MB PSRAM device[0m
[0;32mI (527) esp_psram: Speed: 80MHz[0m
[0;32mI (944) esp_psram: SPI SRAM memory test OK[0m
[0;32mI (952) cpu_start: Pro cpu start user code[0m
[0;32mI (953) cpu_start: cpu freq: 160000000 Hz[0m
[0;32mI (953) cpu_start: Application information:[0m
[0;32mI (956) cpu_start: Project name:     light[0m
[0;32mI (960) cpu_start: App version:      1.0[0m
[0;32mI (965) cpu_start: Compile time:     Mar  5 2026 16:45:43[0m
[0;32mI (971) cpu_start: ELF file SHA256:  786f3e904...[0m
[0;32mI (976) cpu_start: ESP-IDF:          v5.2.1-dirty[0m
[0;32mI (982) cpu_start: Min chip rev:     v0.0[0m
[0;32mI (986) cpu_start: Max chip rev:     v0.99 [0m
[0;32mI (991) cpu_start: Chip rev:         v0.2[0m
[0;32mI (996) heap_init: Initializing. RAM available for dynamic allocation:[0m
[0;32mI (1003) heap_init: At 3FCB5A18 len 00033CF8 (207 KiB): RAM[0m
[0;32mI (1009) heap_init: At 3FCE9710 len 00005724 (21 KiB): RAM[0m
[0;32mI (1016) heap_init: At 3FCF0000 len 00008000 (32 KiB): DRAM[0m
[0;32mI (1022) heap_init: At 600FE010 len 00001FD8 (7 KiB): RTCRAM[0m
[0;32mI (1028) esp_psram: Adding pool of 8192K of PSRAM memory to heap allocator[0m
[0;32mI (1037) spi_flash: detected chip: generic[0m
[0;32mI (1041) spi_flash: flash io: dio[0m
[0;33mW (1045) rmt(legacy): legacy driver is deprecated, please migrate to `driver/rmt_tx.h` and/or `driver/rmt_rx.h`[0m
[0;32mI (1057) sleep: Configure to isolate all GPIO pins in sleep state[0m
[0;32mI (1062) sleep: Enable automatic switching of GPIO sleep configuration[0m
[0;32mI (1070) coexist: coex firmware version: 77cd7f8[0m
[0;32mI (1075) coexist: coexist rom version e7ae62f[0m
[0;32mI (1080) main_task: Started on CPU0[0m
[0;32mI (1090) esp_psram: Reserving pool of 32K of internal memory for DMA/internal allocations[0m
[0;32mI (1090) main_task: Calling app_main()[0m
[0;32mI (1530) gpio: GPIO[15]| InputEn: 0| OutputEn: 1| OpenDrain: 0| Pullup: 0| Pulldown: 0| Intr:0 [0m
[0;32mI (1530) gpio: GPIO[16]| InputEn: 0| OutputEn: 1| OpenDrain: 0| Pullup: 0| Pulldown: 0| Intr:0 [0m
[0;32mI (1530) gpio: GPIO[17]| InputEn: 0| OutputEn: 1| OpenDrain: 0| Pullup: 0| Pulldown: 0| Intr:0 [0m
[0;32mI (1540) status_led: Status LED ready (R=15 G=16 B=17, common cathode)[0m
[0;31mE (1550) app_main: Failed to register IP_EVENT_STA_GOT_IP handler, err:259[0m

abort() was called at PC 0x42009cc1 on core 0


Backtrace: 0x40375c8e:0x3fcb9170 0x40380f95:0x3fcb9190 0x4038817e:0x3fcb91b0 0x42009cc1:0x3fcb9220 0x42119a58:0x3fcb9330 0x40381a29:0x3fcb9360




ELF file SHA256: 786f3e904

Rebooting...
ESP-ROM:esp32s3-20210327
Build:Mar 27 2021
rst:0xc (RTC_SW_CPU_RST),boot:0x8 (SPI_FAST_FLASH_BOOT)
Saved PC:0x40375c10
SPIWP:0xee
mode:DIO, clock div:1
load:0x3fce3810,len:0x178c
load:0x403c9700,len:0x4
load:0x403c9704,len:0xcbc
load:0x403cc700,len:0x2da0
entry 0x403c9914
[0;32mI (31) boot: ESP-IDF v5.2.1-dirty 2nd stage bootloader[0m
[0;32mI (31) boot: compile time Mar  5 2026 16:45:52[0m
[0;32mI (31) boot: Multicore bootloader[0m
[0;32mI (35) boot: chip revision: v0.2[0m
[0;32mI (39) boot.esp32s3: Boot SPI Speed : 80MHz[0m
[0;32mI (43) boot.esp32s3: SPI Mode       : DIO[0m
[0;32mI (48) boot.esp32s3: SPI Flash Size : 16MB[0m
[0;32mI (53) boot: Enabling RNG early entropy source...[0m
[0;32mI (58) boot: Partition Table:[0m
[0;32mI (62) boot: ## Label            Usage          Type ST Offset   Length[0m
[0;32mI (69) boot:  0 esp_secure_cert  unknown          3f 06 0000d000 00002000[0m
[0;32mI (77) boot:  1 nvs              WiFi data        01 02 00010000 00100000[0m
[0;32mI (84) boot:  2 nvs_keys         NVS keys         01 04 00110000 00001000[0m
[0;32mI (92) boot:  3 otadata          OTA data         01 00 00111000 00002000[0m
[0;32mI (99) boot:  4 phy_init         RF data          01 01 00113000 00001000[0m
[0;32mI (107) boot:  5 ota_0            OTA app          00 10 00120000 00500000[0m
[0;32mI (114) boot:  6 ota_1            OTA app          00 11 00620000 00500000[0m
[0;32mI (122) boot:  7 storage          Unknown data     01 82 00b20000 004d0000[0m
[0;32mI (129) boot:  8 fctry            WiFi data        01 02 00ff0000 00010000[0m
[0;32mI (137) boot: End of partition table[0m
[0;32mI (141) esp_image: segment 0: paddr=00120020 vaddr=3c120020 size=45960h (285024) map[0m
[0;32mI (201) esp_image: segment 1: paddr=00165988 vaddr=3fc9c300 size=06ce4h ( 27876) load[0m
[0;32mI (207) esp_image: segment 2: paddr=0016c674 vaddr=40374000 size=039a4h ( 14756) load[0m
[0;32mI (210) esp_image: segment 3: paddr=00170020 vaddr=42000020 size=11a860h (1157216) map[0m
[0;32mI (423) esp_image: segment 4: paddr=0028a888 vaddr=403779a4 size=14934h ( 84276) load[0m
[0;32mI (452) boot: Loaded app from partition at offset 0x120000[0m
[0;32mI (452) boot: Disabling RNG early entropy source...[0m
[0;32mI (464) cpu_start: Multicore app[0m
[0;32mI (464) octal_psram: vendor id    : 0x0d (AP)[0m
[0;32mI (464) octal_psram: dev id       : 0x02 (generation 3)[0m
[0;32mI (467) octal_psram: density      : 0x03 (64 Mbit)[0m
[0;32mI (472) octal_psram: good-die     : 0x01 (Pass)[0m
[0;32mI (478) octal_psram: Latency      : 0x01 (Fixed)[0m
[0;32mI (483) octal_psram: VCC          : 0x01 (3V)[0m
[0;32mI (488) octal_psram: SRF          : 0x01 (Fast Refresh)[0m
[0;32mI (494) octal_psram: BurstType    : 0x01 (Hybrid Wrap)[0m
[0;32mI (500) octal_psram: BurstLen     : 0x01 (32 Byte)[0m
[0;32mI (505) octal_psram: Readlatency  : 0x02 (10 cycles@Fixed)[0m
[0;32mI (511) octal_psram: DriveStrength: 0x00 (1/1)[0m
[0;32mI (517) MSPI Timing: PSRAM timing tuning index: 5[0m
[0;32mI (522) esp_psram: Found 8MB PSRAM device[0m
[0;32mI (527) esp_psram: Speed: 80MHz[0m
[0;32mI (944) esp_psram: SPI SRAM memory test OK[0m
[0;32mI (952) cpu_start: Pro cpu start user code[0m
[0;32mI (953) cpu_start: cpu freq: 160000000 Hz[0m
[0;32mI (953) cpu_start: Application information:[0m
[0;32mI (956) cpu_start: Project name:     light[0m
[0;32mI (960) cpu_start: App version:      1.0[0m
[0;32mI (965) cpu_start: Compile time:     Mar  5 2026 16:45:43[0m
[0;32mI (971) cpu_start: ELF file SHA256:  786f3e904...[0m
[0;32mI (976) cpu_start: ESP-IDF:          v5.2.1-dirty[0m
[0;32mI (982) cpu_start: Min chip rev:     v0.0[0m
[0;32mI (986) cpu_start: Max chip rev:     v0.99 [0m
[0;32mI (991) cpu_start: Chip rev:         v0.2[0m
[0;32mI (996) heap_init: Initializing. RAM available for dynamic allocation:[0m
[0;32mI (1003) heap_init: At 3FCB5A18 len 00033CF8 (207 KiB): RAM[0m
[0;32mI (1009) heap_init: At 3FCE9710 len 00005724 (21 KiB): RAM[0m
[0;32mI (1016) heap_init: At 3FCF0000 len 00008000 (32 KiB): DRAM[0m
[0;32mI (1022) heap_init: At 600FE010 len 00001FD8 (7 KiB): RTCRAM[0m
[0;32mI (1028) esp_psram: Adding pool of 8192K of PSRAM memory to heap allocator[0m
[0;32mI (1037) spi_flash: detected chip: generic[0m
[0;32mI (1041) spi_flash: flash io: dio[0m
[0;33mW (1045) rmt(legacy): legacy driver is deprecated, please migrate to `driver/rmt_tx.h` and/or `driver/rmt_rx.h`[0m
[0;32mI (1057) sleep: Configure to isolate all GPIO pins in sleep state[0m
[0;32mI (1062) sleep: Enable automatic switching of GPIO sleep configuration[0m
[0;32mI (1070) coexist: coex firmware version: 77cd7f8[0m
[0;32mI (1075) coexist: coexist rom version e7ae62f[0m
[0;32mI (1080) main_task: Started on CPU0[0m
[0;32mI (1090) esp_psram: Reserving pool of 32K of internal memory for DMA/internal allocations[0m
[0;32mI (1090) main_task: Calling app_main()[0m
[0;32mI (1530) gpio: GPIO[15]| InputEn: 0| OutputEn: 1| OpenDrain: 0| Pullup: 0| Pulldown: 0| Intr:0 [0m
[0;32mI (1530) gpio: GPIO[16]| InputEn: 0| OutputEn: 1| OpenDrain: 0| Pullup: 0| Pulldown: 0| Intr:0 [0m
[0;32mI (1530) gpio: GPIO[17]| InputEn: 0| OutputEn: 1| OpenDrain: 0| Pullup: 0| Pulldown: 0| Intr:0 [0m
[0;32mI (1540) status_led: Status LED ready (R=15 G=16 B=17, common cathode)[0m
[0;31mE (1550) app_main: Failed to register IP_EVENT_STA_GOT_IP handler, err:259[0m

abort() was called at PC 0x42009cc1 on core 0


Backtrace: 0x40375c8e:0x3fcb9170 0x40380f95:0x3fcb9190 0x4038817e:0x3fcb91b0 0x42009cc1:0x3fcb9220 0x42119a58:0x3fcb9330 0x40381a29:0x3fcb9360




ELF file SHA256: 786f3e904

Rebooting...
ESP-ROM:esp32s3-20210327
Build:Mar 27 2021
rst:0xc (RTC_SW_CPU_RST),boot:0x8 (SPI_FAST_FLASH_BOOT)
Saved PC:0x40375c10
SPIWP:0xee
mode:DIO, clock div:1
load:0x3fce3810,len:0x178c
load:0x403c9700,len:0x4
load:0x403c9704,len:0xcbc
load:0x403cc700,len:0x2da0
entry 0x403c9914
[0;32mI (31) boot: ESP-IDF v5.2.1-dirty 2nd stage bootloader[0m
[0;32mI (31) boot: compile time Mar  5 2026 16:45:52[0m
[0;32mI (31) boot: Multicore bootloader[0m
[0;32mI (35) boot: chip revision: v0.2[0m
[0;32mI (39) boot.esp32s3: Boot SPI Speed : 80MHz[0m
[0;32mI (43) boot.esp32s3: SPI Mode       : DIO[0m
[0;32mI (48) boot.esp32s3: SPI Flash Size : 16MB[0m
[0;32mI (53) boot: Enabling RNG early entropy source...[0m
[0;32mI (58) boot: Partition Table:[0m
[0;32mI (62) boot: ## Label            Usage          Type ST Offset   Length[0m
[0;32mI (69) boot:  0 esp_secure_cert  unknown          3f 06 0000d000 00002000[0m
[0;32mI (77) boot:  1 nvs              WiFi data        01 02 00010000 00100000[0m
[0;32mI (84) boot:  2 nvs_keys         NVS keys         01 04 00110000 00001000[0m
[0;32mI (92) boot:  3 otadata          OTA data         01 00 00111000 00002000[0m
[0;32mI (99) boot:  4 phy_init         RF data          01 01 00113000 00001000[0m
[0;32mI (107) boot:  5 ota_0            OTA app          00 10 00120000 00500000[0m
[0;32mI (114) boot:  6 ota_1            OTA app          00 11 00620000 00500000[0m
[0;32mI (122) boot:  7 storage          Unknown data     01 82 00b20000 004d0000[0m
[0;32mI (129) boot:  8 fctry            WiFi data        01 02 00ff0000 00010000[0m
[0;32mI (137) boot: End of partition table[0m
[0;32mI (141) esp_image: segment 0: paddr=00120020 vaddr=3c120020 size=45960h (285024) map[0m
[0;32mI (201) esp_image: segment 1: paddr=00165988 vaddr=3fc9c300 size=06ce4h ( 27876) load[0m
[0;32mI (207) esp_image: segment 2: paddr=0016c674 vaddr=40374000 size=039a4h ( 14756) load[0m
[0;32mI (210) esp_image: segment 3: paddr=00170020 vaddr=42000020 size=11a860h (1157216) map[0m
[0;32mI (423) esp_image: segment 4: paddr=0028a888 vaddr=403779a4 size=14934h ( 84276) load[0m
[0;32mI (452) boot: Loaded app from partition at offset 0x120000[0m
[0;32mI (452) boot: Disabling RNG early entropy source...[0m
[0;32mI (464) cpu_start: Multicore app[0m
[0;32mI (464) octal_psram: vendor id    : 0x0d (AP)[0m
[0;32mI (464) octal_psram: dev id       : 0x02 (generation 3)[0m
[0;32mI (467) octal_psram: density      : 0x03 (64 Mbit)[0m
[0;32mI (472) octal_psram: good-die     : 0x01 (Pass)[0m
[0;32mI (478) octal_psram: Latency      : 0x01 (Fixed)[0m
[0;32mI (483) octal_psram: VCC          : 0x01 (3V)[0m
[0;32mI (488) octal_psram: SRF          : 0x01 (Fast Refresh)[0m
[0;32mI (494) octal_psram: BurstType    : 0x01 (Hybrid Wrap)[0m
[0;32mI (500) octal_psram: BurstLen     : 0x01 (32 Byte)[0m
[0;32mI (505) octal_psram: Readlatency  : 0x02 (10 cycles@Fixed)[0m
[0;32mI (511) octal_psram: DriveStrength: 0x00 (1/1)[0m
[0;32mI (517) MSPI Timing: PSRAM timing tuning index: 5[0m
[0;32mI (522) esp_psram: Found 8MB PSRAM device[0m
[0;32mI (527) esp_psram: Speed: 80MHz[0m
[0;32mI (944) esp_psram: SPI SRAM memory test OK[0m
[0;32mI (952) cpu_start: Pro cpu start user code[0m
[0;32mI (953) cpu_start: cpu freq: 160000000 Hz[0m
[0;32mI (953) cpu_start: Application information:[0m
[0;32mI (956) cpu_start: Project name:     light[0m
[0;32mI (960) cpu_start: App version:      1.0[0m
[0;32mI (965) cpu_start: Compile time:     Mar  5 2026 16:45:43[0m
[0;32mI (971) cpu_start: ELF file SHA256:  786f3e904...[0m
[0;32mI (976) cpu_start: ESP-IDF:          v5.2.1-dirty[0m
[0;32mI (982) cpu_start: Min chip rev:     v0.0[0m
[0;32mI (986) cpu_start: Max chip rev:     v0.99 [0m
[0;32mI (991) cpu_start: Chip rev:         v0.2[0m
[0;32mI (996) heap_init: Initializing. RAM available for dynamic allocation:[0m
[0;32mI (1003) heap_init: At 3FCB5A18 len 00033CF8 (207 KiB): RAM[0m
[0;32mI (1009) heap_init: At 3FCE9710 len 00005724 (21 KiB): RAM[0m
[0;32mI (1016) heap_init: At 3FCF0000 len 00008000 (32 KiB): DRAM[0m
[0;32mI (1022) heap_init: At 600FE010 len 00001FD8 (7 KiB): RTCRAM[0m
[0;32mI (1028) esp_psram: Adding pool of 8192K of PSRAM memory to heap allocator[0m
[0;32mI (1037) spi_flash: detected chip: generic[0m
[0;32mI (1041) spi_flash: flash io: dio[0m
[0;33mW (1045) rmt(legacy): legacy driver is deprecated, please migrate to `driver/rmt_tx.h` and/or `driver/rmt_rx.h`[0m
[0;32mI (1057) sleep: Configure to isolate all GPIO pins in sleep state[0m
[0;32mI (1062) sleep: Enable automatic switching of GPIO sleep configuration[0m
[0;32mI (1070) coexist: coex firmware version: 77cd7f8[0m
[0;32mI (1075) coexist: coexist rom version e7ae62f[0m
[0;32mI (1080) main_task: Started on CPU0[0m
[0;32mI (1090) esp_psram: Reserving pool of 32K of internal memory for DMA/internal allocations[0m
[0;32mI (1090) main_task: Calling app_main()[0m
[0;32mI (1530) gpio: GPIO[15]| InputEn: 0| OutputEn: 1| OpenDrain: 0| Pullup: 0| Pulldown: 0| Intr:0 [0m
[0;32mI (1530) gpio: GPIO[16]| InputEn: 0| OutputEn: 1| OpenDrain: 0| Pullup: 0| Pulldown: 0| Intr:0 [0m
[0;32mI (1530) gpio: GPIO[17]| InputEn: 0| OutputEn: 1| OpenDrain: 0| Pullup: 0| Pulldown: 0| Intr:0 [0m
[0;32mI (1540) status_led: Status LED ready (R=15 G=16 B=17, common cathode)[0m
[0;31mE (1550) app_main: Failed to register IP_EVENT_STA_GOT_IP handler, err:259[0m

abort() was called at PC 0x42009cc1 on core 0


Backtrace: 0x40375c8e:0x3fcb9170 0x40380f95:0x3fcb9190 0x4038817e:0x3fcb91b0 0x42009cc1:0x3fcb9220 0x42119a58:0x3fcb9330 0x40381a29:0x3fcb9360




ELF file SHA256: 786f3e904

Rebooting...
ESP-ROM:esp32s3-20210327
Build:Mar 27 2021
rst:0xc (RTC_SW_CPU_RST),boot:0x8 (SPI_FAST_FLASH_BOOT)
Saved PC:0x40375c10
SPIWP:0xee
mode:DIO, clock div:1
load:0x3fce3810,len:0x178c
load:0x403c9700,len:0x4
load:0x403c9704,len:0xcbc
load:0x403cc700,len:0x2da0
entry 0x403c9914
[0;32mI (31) boot: ESP-IDF v5.2.1-dirty 2nd stage bootloader[0m
[0;32mI (31) boot: compile time Mar  5 2026 16:45:52[0m
[0;32mI (31) boot: Multicore bootloader[0m
[0;32mI (35) boot: chip revision: v0.2[0m
[0;32mI (39) boot.esp32s3: Boot SPI Speed : 80MHz[0m
[0;32mI (43) boot.esp32s3: SPI Mode       : DIO[0m
[0;32mI (48) boot.esp32s3: SPI Flash Size : 16MB[0m
[0;32mI (53) boot: Enabling RNG early entropy source...[0m
[0;32mI (58) boot: Partition Table:[0m
[0;32mI (62) boot: ## Label            Usage          Type ST Offset   Length[0m
[0;32mI (69) boot:  0 esp_secure_cert  unknown          3f 06 0000d000 00002000[0m
[0;32mI (77) boot:  1 nvs              WiFi data        01 02 00010000 00100000[0m
[0;32mI (84) boot:  2 nvs_keys         NVS keys         01 04 00110000 00001000[0m
[0;32mI (92) boot:  3 otadata          OTA data         01 00 00111000 00002000[0m
[0;32mI (99) boot:  4 phy_init         RF data          01 01 00113000 00001000[0m
[0;32mI (107) boot:  5 ota_0            OTA app          00 10 00120000 00500000[0m
[0;32mI (114) boot:  6 ota_1            OTA app          00 11 00620000 00500000[0m
[0;32mI (122) boot:  7 storage          Unknown data     01 82 00b20000 004d0000[0m
[0;32mI (129) boot:  8 fctry            WiFi data        01 02 00ff0000 00010000[0m
[0;32mI (137) boot: End of partition table[0m
[0;32mI (141) esp_image: segment 0: paddr=00120020 vaddr=3c120020 size=45960h (285024) map[0m
[0;32mI (201) esp_image: segment 1: paddr=00165988 vaddr=3fc9c300 size=06ce4h ( 27876) load[0m
[0;32mI (207) esp_image: segment 2: paddr=0016c674 vaddr=40374000 size=039a4h ( 14756) load[0m
[0;32mI (210) esp_image: segment 3: paddr=00170020 vaddr=42000020 size=11a860h (1157216) map[0m
[0;32mI (423) esp_image: segment 4: paddr=0028a888 vaddr=403779a4 size=14934h ( 84276) load[0m
[0;32mI (452) boot: Loaded app from partition at offset 0x120000[0m
[0;32mI (452) boot: Disabling RNG early entropy source...[0m
[0;32mI (464) cpu_start: Multicore app[0m
[0;32mI (464) octal_psram: vendor id    : 0x0d (AP)[0m
[0;32mI (464) octal_psram: dev id       : 0x02 (generation 3)[0m
[0;32mI (467) octal_psram: density      : 0x03 (64 Mbit)[0m
[0;32mI (472) octal_psram: good-die     : 0x01 (Pass)[0m
[0;32mI (478) octal_psram: Latency      : 0x01 (Fixed)[0m
[0;32mI (483) octal_psram: VCC          : 0x01 (3V)[0m
[0;32mI (488) octal_psram: SRF          : 0x01 (Fast Refresh)[0m
[0;32mI (494) octal_psram: BurstType    : 0x01 (Hybrid Wrap)[0m
[0;32mI (500) octal_psram: BurstLen     : 0x01 (32 Byte)[0m
[0;32mI (505) octal_psram: Readlatency  : 0x02 (10 cycles@Fixed)[0m
[0;32mI (511) octal_psram: DriveStrength: 0x00 (1/1)[0m
[0;32mI (517) MSPI Timing: PSRAM timing tuning index: 5[0m
[0;32mI (522) esp_psram: Found 8MB PSRAM device[0m
[0;32mI (527) esp_psram: Speed: 80MHz[0m
[0;32mI (944) esp_psram: SPI SRAM memory test OK[0m
[0;32mI (952) cpu_start: Pro cpu start user code[0m
[0;32mI (953) cpu_start: cpu freq: 160000000 Hz[0m
[0;32mI (953) cpu_start: Application information:[0m
[0;32mI (956) cpu_start: Project name:     light[0m
[0;32mI (960) cpu_start: App version:      1.0[0m
[0;32mI (965) cpu_start: Compile time:     Mar  5 2026 16:45:43[0m
[0;32mI (971) cpu_start: ELF file SHA256:  786f3e904...[0m
[0;32mI (976) cpu_start: ESP-IDF:          v5.2.1-dirty[0m
[0;32mI (982) cpu_start: Min chip rev:     v0.0[0m
[0;32mI (986) cpu_start: Max chip rev:     v0.99 [0m
[0;32mI (991) cpu_start: Chip rev:         v0.2[0m
[0;32mI (996) heap_init: Initializing. RAM available for dynamic allocation:[0m
[0;32mI (1003) heap_init: At 3FCB5A18 len 00033CF8 (207 KiB): RAM[0m
[0;32mI (1009) heap_init: At 3FCE9710 len 00005724 (21 KiB): RAM[0m
[0;32mI (1016) heap_init: At 3FCF0000 len 00008000 (32 KiB): DRAM[0m
[0;32mI (1022) heap_init: At 600FE010 len 00001FD8 (7 KiB): RTCRAM[0m
[0;32mI (1028) esp_psram: Adding pool of 8192K of PSRAM memory to heap allocator[0m
[0;32mI (1037) spi_flash: detected chip: generic[0m
[0;32mI (1041) spi_flash: flash io: dio[0m
[0;33mW (1045) rmt(legacy): legacy driver is deprecated, please migrate to `driver/rmt_tx.h` and/or `driver/rmt_rx.h`[0m
[0;32mI (1057) sleep: Configure to isolate all GPIO pins in sleep state[0m
[0;32mI (1062) sleep: Enable automatic switching of GPIO sleep configuration[0m
[0;32mI (1070) coexist: coex firmware version: 77cd7f8[0m
[0;32mI (1075) coexist: coexist rom version e7ae62f[0m
[0;32mI (1080) main_task: Started on CPU0[0m
[0;32mI (1090) esp_psram: Reserving pool of 32K of internal memory for DMA/internal allocations[0m
[0;32mI (1090) main_task: Calling app_main()[0m
[0;32mI (1530) gpio: GPIO[15]| InputEn: 0| OutputEn: 1| OpenDrain: 0| Pullup: 0| Pulldown: 0| Intr:0 [0m
[0;32mI (1530) gpio: GPIO[16]| InputEn: 0| OutputEn: 1| OpenDrain: 0| Pullup: 0| Pulldown: 0| Intr:0 [0m
[0;32mI (1530) gpio: GPIO[17]| InputEn: 0| OutputEn: 1| OpenDrain: 0| Pullup: 0| Pulldown: 0| Intr:0 [0m
[0;32mI (1540) status_led: Status LED ready (R=15 G=16 B=17, common cathode)[0m
[0;31mE (1550) app_main: Failed to register IP_EVENT_STA_GOT_IP handler, err:259[0m

abort() was called at PC 0x42009cc1 on core 0


Backtrace: 0x40375c8e:0x3fcb9170 0x40380f95:0x3fcb9190 0x4038817e:0x3fcb91b0 0x42009cc1:0x3fcb9220 0x42119a58:0x3fcb9330 0x40381a29:0x3fcb9360




ELF file SHA256: 786f3e904

Rebooting...
ESP-ROM:esp32s3-20210327
Build:Mar 27 2021
rst:0xc (RTC_SW_CPU_RST),boot:0x8 (SPI_FAST_FLASH_BOOT)
Saved PC:0x40375c10
SPIWP:0xee
mode:DIO, clock div:1
load:0x3fce3810,len:0x178c
load:0x403c9700,len:0x4
load:0x403c9704,len:0xcbc
load:0x403cc700,len:0x2da0
entry 0x403c9914
[0;32mI (31) boot: ESP-IDF v5.2.1-dirty 2nd stage bootloader[0m
[0;32mI (31) boot: compile time Mar  5 2026 16:45:52[0m
[0;32mI (31) boot: Multicore bootloader[0m
[0;32mI (35) boot: chip revision: v0.2[0m
[0;32mI (39) boot.esp32s3: Boot SPI Speed : 80MHz[0m
[0;32mI (43) boot.esp32s3: SPI Mode       : DIO[0m
[0;32mI (48) boot.esp32s3: SPI Flash Size : 16MB[0m
[0;32mI (53) boot: Enabling RNG early entropy source...[0m
[0;32mI (58) boot: Partition Table:[0m
[0;32mI (62) boot: ## Label            Usage          Type ST Offset   Length[0m
[0;32mI (69) boot:  0 esp_secure_cert  unknown          3f 06 0000d000 00002000[0m
[0;32mI (77) boot:  1 nvs              WiFi data        01 02 00010000 00100000[0m
[0;32mI (84) boot:  2 nvs_keys         NVS keys         01 04 00110000 00001000[0m
[0;32mI (92) boot:  3 otadata          OTA data         01 00 00111000 00002000[0m
[0;32mI (99) boot:  4 phy_init         RF data          01 01 00113000 00001000[0m
[0;32mI (107) boot:  5 ota_0            OTA app          00 10 00120000 00500000[0m
[0;32mI (114) boot:  6 ota_1            OTA app          00 11 00620000 00500000[0m
[0;32mI (122) boot:  7 storage          Unknown data     01 82 00b20000 004d0000[0m
[0;32mI (129) boot:  8 fctry            WiFi data        01 02 00ff0000 00010000[0m
[0;32mI (137) boot: End of partition table[0m
[0;32mI (141) esp_image: segment 0: paddr=00120020 vaddr=3c120020 size=45960h (285024) map[0m
[0;32mI (201) esp_image: segment 1: paddr=00165988 vaddr=3fc9c300 size=06ce4h ( 27876) load[0m
[0;32mI (207) esp_image: segment 2: paddr=0016c674 vaddr=40374000 size=039a4h ( 14756) load[0m
[0;32mI (210) esp_image: segment 3: paddr=00170020 vaddr=42000020 size=11a860h (1157216) map[0m
[0;32mI (423) esp_image: segment 4: paddr=0028a888 vaddr=403779a4 size=14934h ( 84276) load[0m
[0;32mI (452) boot: Loaded app from partition at offset 0x120000[0m
[0;32mI (452) boot: Disabling RNG early entropy source...[0m
[0;32mI (464) cpu_start: Multicore app[0m
[0;32mI (464) octal_psram: vendor id    : 0x0d (AP)[0m
[0;32mI (464) octal_psram: dev id       : 0x02 (generation 3)[0m
[0;32mI (467) octal_psram: density      : 0x03 (64 Mbit)[0m
[0;32mI (472) octal_psram: good-die     : 0x01 (Pass)[0m
[0;32mI (478) octal_psram: Latency      : 0x01 (Fixed)[0m
[0;32mI (483) octal_psram: VCC          : 0x01 (3V)[0m
[0;32mI (488) octal_psram: SRF          : 0x01 (Fast Refresh)[0m
[0;32mI (494) octal_psram: BurstType    : 0x01 (Hybrid Wrap)[0m
[0;32mI (500) octal_psram: BurstLen     : 0x01 (32 Byte)[0m
[0;32mI (505) octal_psram: Readlatency  : 0x02 (10 cycles@Fixed)[0m
[0;32mI (511) octal_psram: DriveStrength: 0x00 (1/1)[0m
[0;32mI (517) MSPI Timing: PSRAM timing tuning index: 5[0m
[0;32mI (522) esp_psram: Found 8MB PSRAM device[0m
[0;32mI (527) esp_psram: Speed: 80MHz[0m
[0;32mI (944) esp_psram: SPI SRAM memory test OK[0m
[0;32mI (952) cpu_start: Pro cpu start user code[0m
[0;32mI (953) cpu_start: cpu freq: 160000000 Hz[0m
[0;32mI (953) cpu_start: Application information:[0m
[0;32mI (956) cpu_start: Project name:     light[0m
[0;32mI (960) cpu_start: App version:      1.0[0m
[0;32mI (965) cpu_start: Compile time:     Mar  5 2026 16:45:43[0m
[0;32mI (971) cpu_start: ELF file SHA256:  786f3e904...[0m
[0;32mI (976) cpu_start: ESP-IDF:          v5.2.1-dirty[0m
[0;32mI (982) cpu_start: Min chip rev:     v0.0[0m
[0;32mI (986) cpu_start: Max chip rev:     v0.99 [0m
[0;32mI (991) cpu_start: Chip rev:         v0.2[0m
[0;32mI (996) heap_init: Initializing. RAM available for dynamic allocation:[0m
[0;32mI (1003) heap_init: At 3FCB5A18 len 00033CF8 (207 KiB): RAM[0m
[0;32mI (1009) heap_init: At 3FCE9710 len 00005724 (21 KiB): RAM[0m
[0;32mI (1016) heap_init: At 3FCF0000 len 00008000 (32 KiB): DRAM[0m
[0;32mI (1022) heap_init: At 600FE010 len 00001FD8 (7 KiB): RTCRAM[0m
[0;32mI (1028) esp_psram: Adding pool of 8192K of PSRAM memory to heap allocator[0m
[0;32mI (1037) spi_flash: detected chip: generic[0m
[0;32mI (1041) spi_flash: flash io: dio[0m
[0;33mW (1045) rmt(legacy): legacy driver is deprecated, please migrate to `driver/rmt_tx.h` and/or `driver/rmt_rx.h`[0m
[0;32mI (1057) sleep: Configure to isolate all GPIO pins in sleep state[0m
[0;32mI (1062) sleep: Enable automatic switching of GPIO sleep configuration[0m
[0;32mI (1070) coexist: coex firmware version: 77cd7f8[0m
[0;32mI (1075) coexist: coexist rom version e7ae62f[0m
[0;32mI (1080) main_task: Started on CPU0[0m
[0;32mI (1090) esp_psram: Reserving pool of 32K of internal memory for DMA/internal allocations[0m
[0;32mI (1090) main_task: Calling app_main()[0m
[0;32mI (1530) gpio: GPIO[15]| InputEn: 0| OutputEn: 1| OpenDrain: 0| Pullup: 0| Pulldown: 0| Intr:0 [0m
[0;32mI (1530) gpio: GPIO[16]| InputEn: 0| OutputEn: 1| OpenDrain: 0| Pullup: 0| Pulldown: 0| Intr:0 [0m
[0;32mI (1530) gpio: GPIO[17]| InputEn: 0| OutputEn: 1| OpenDrain: 0| Pullup: 0| Pulldown: 0| Intr:0 [0m
[0;32mI (1540) status_led: Status LED ready (R=15 G=16 B=17, common cathode)[0m
[0;31mE (1550) app_main: Failed to register IP_EVENT_STA_GOT_IP handler, err:259[0m

abort() was called at PC 0x42009cc1 on core 0


Backtrace: 0x40375c8e:0x3fcb9170 0x40380f95:0x3fcb9190 0x4038817e:0x3fcb91b0 0x42009cc1:0x3fcb9220 0x42119a58:0x3fcb9330 0x40381a29:0x3fcb9360




ELF file SHA256: 786f3e904

Rebooting...
ESP-ROM:esp32s3-20210327
Build:Mar 27 2021
rst:0xc (RTC_SW_CPU_RST),boot:0x8 (SPI_FAST_FLASH_BOOT)
Saved PC:0x40375c10
SPIWP:0xee
mode:DIO, clock div:1
load:0x3fce3810,len:0x178c
load:0x403c9700,len:0x4
load:0x403c9704,len:0xcbc
load:0x403cc700,len:0x2da0
entry 0x403c9914
[0;32mI (31) boot: ESP-IDF v5.2.1-dirty 2nd stage bootloader[0m
[0;32mI (31) boot: compile time Mar  5 2026 16:45:52[0m
[0;32mI (31) boot: Multicore bootloader[0m
[0;32mI (35) boot: chip revision: v0.2[0m
[0;32mI (39) boot.esp32s3: Boot SPI Speed : 80MHz[0m
[0;32mI (43) boot.esp32s3: SPI Mode       : DIO[0m
[0;32mI (48) boot.esp32s3: SPI Flash Size : 16MB[0m
[0;32mI (53) boot: Enabling RNG early entropy source...[0m
[0;32mI (58) boot: Partition Table:[0m
[0;32mI (62) boot: ## Label            Usage          Type ST Offset   Length[0m
[0;32mI (69) boot:  0 esp_secure_cert  unknown          3f 06 0000d000 00002000[0m
[0;32mI (77) boot:  1 nvs              WiFi data        01 02 00010000 00100000[0m
[0;32mI (84) boot:  2 nvs_keys         NVS keys         01 04 00110000 00001000[0m
[0;32mI (92) boot:  3 otadata          OTA data         01 00 00111000 00002000[0m
[0;32mI (99) boot:  4 phy_init         RF data          01 01 00113000 00001000[0m
[0;32mI (107) boot:  5 ota_0            OTA app          00 10 00120000 00500000[0m
[0;32mI (114) boot:  6 ota_1            OTA app          00 11 00620000 00500000[0m
[0;32mI (122) boot:  7 storage          Unknown data     01 82 00b20000 004d0000[0m
[0;32mI (129) boot:  8 fctry            WiFi data        01 02 00ff0000 00010000[0m
[0;32mI (137) boot: End of partition table[0m
[0;32mI (141) esp_image: segment 0: paddr=00120020 vaddr=3c120020 size=45960h (285024) map[0m
[0;32mI (201) esp_image: segment 1: paddr=00165988 vaddr=3fc9c300 size=06ce4h ( 27876) load[0m
[0;32mI (207) esp_image: segment 2: paddr=0016c674 vaddr=40374000 size=039a4h ( 14756) load[0m
[0;32mI (210) esp_image: segment 3: paddr=00170020 vaddr=42000020 size=11a860h (1157216) map[0m
[0;32mI (423) esp_image: segment 4: paddr=0028a888 vaddr=403779a4 size=14934h ( 84276) load[0m
[0;32mI (452) boot: Loaded app from partition at offset 0x120000[0m
[0;32mI (452) boot: Disabling RNG early entropy source...[0m
[0;32mI (464) cpu_start: Multicore app[0m
[0;32mI (464) octal_psram: vendor id    : 0x0d (AP)[0m
[0;32mI (464) octal_psram: dev id       : 0x02 (generation 3)[0m
[0;32mI (467) octal_psram: density      : 0x03 (64 Mbit)[0m
[0;32mI (472) octal_psram: good-die     : 0x01 (Pass)[0m
[0;32mI (478) octal_psram: Latency      : 0x01 (Fixed)[0m
[0;32mI (483) octal_psram: VCC          : 0x01 (3V)[0m
[0;32mI (488) octal_psram: SRF          : 0x01 (Fast Refresh)[0m
[0;32mI (494) octal_psram: BurstType    : 0x01 (Hybrid Wrap)[0m
[0;32mI (500) octal_psram: BurstLen     : 0x01 (32 Byte)[0m
[0;32mI (505) octal_psram: Readlatency  : 0x02 (10 cycles@Fixed)[0m
[0;32mI (511) octal_psram: DriveStrength: 0x00 (1/1)[0m
[0;32mI (517) MSPI Timing: PSRAM timing tuning index: 5[0m
[0;32mI (522) esp_psram: Found 8MB PSRAM device[0m
[0;32mI (527) esp_psram: Speed: 80MHz[0m
[0;32mI (944) esp_psram: SPI SRAM memory test OK[0m
[0;32mI (952) cpu_start: Pro cpu start user code[0m
[0;32mI (953) cpu_start: cpu freq: 160000000 Hz[0m
[0;32mI (953) cpu_start: Application information:[0m
[0;32mI (956) cpu_start: Project name:     light[0m
[0;32mI (960) cpu_start: App version:      1.0[0m
[0;32mI (965) cpu_start: Compile time:     Mar  5 2026 16:45:43[0m
[0;32mI (971) cpu_start: ELF file SHA256:  786f3e904...[0m
[0;32mI (976) cpu_start: ESP-IDF:          v5.2.1-dirty[0m
[0;32mI (982) cpu_start: Min chip rev:     v0.0[0m
[0;32mI (986) cpu_start: Max chip rev:     v0.99 [0m
[0;32mI (991) cpu_start: Chip rev:         v0.2[0m
[0;32mI (996) heap_init: Initializing. RAM available for dynamic allocation:[0m
[0;32mI (1003) heap_init: At 3FCB5A18 len 00033CF8 (207 KiB): RAM[0m
[0;32mI (1009) heap_init: At 3FCE9710 len 00005724 (21 KiB): RAM[0m
[0;32mI (1016) heap_init: At 3FCF0000 len 00008000 (32 KiB): DRAM[0m
[0;32mI (1022) heap_init: At 600FE010 len 00001FD8 (7 KiB): RTCRAM[0m
[0;32mI (1028) esp_psram: Adding pool of 8192K of PSRAM memory to heap allocator[0m
[0;32mI (1037) spi_flash: detected chip: generic[0m
[0;32mI (1041) spi_flash: flash io: dio[0m
[0;33mW (1045) rmt(legacy): legacy driver is deprecated, please migrate to `driver/rmt_tx.h` and/or `driver/rmt_rx.h`[0m
[0;32mI (1057) sleep: Configure to isolate all GPIO pins in sleep state[0m
[0;32mI (1062) sleep: Enable automatic switching of GPIO sleep configuration[0m
[0;32mI (1070) coexist: coex firmware version: 77cd7f8[0m
[0;32mI (1075) coexist: coexist rom version e7ae62f[0m
[0;32mI (1080) main_task: Started on CPU0[0m
[0;32mI (1090) esp_psram: Reserving pool of 32K of internal memory for DMA/internal allocations[0m
[0;32mI (1090) main_task: Calling app_main()[0m
[0;32mI (1530) gpio: GPIO[15]| InputEn: 0| OutputEn: 1| OpenDrain: 0| Pullup: 0| Pulldown: 0| Intr:0 [0m
[0;32mI (1530) gpio: GPIO[16]| InputEn: 0| OutputEn: 1| OpenDrain: 0| Pullup: 0| Pulldown: 0| Intr:0 [0m
[0;32mI (1530) gpio: GPIO[17]| InputEn: 0| OutputEn: 1| OpenDrain: 0| Pullup: 0| Pulldown: 0| Intr:0 [0m
[0;32mI (1540) status_led: Status LED ready (R=15 G=16 B=17, common cathode)[0m
[0;31mE (1550) app_main: Failed to register IP_EVENT_STA_GOT_IP handler, err:259[0m

abort() was called at PC 0x42009cc1 on core 0


Backtrace: 0x40375c8e:0x3fcb9170 0x40380f95:0x3fcb9190 0x4038817e:0x3fcb91b0 0x42009cc1:0x3fcb9220 0x42119a58:0x3fcb9330 0x40381a29:0x3fcb9360




ELF file SHA256: 786f3e904

Rebooting...
ESP-ROM:esp32s3-20210327
Build:Mar 27 2021
rst:0xc (RTC_SW_CPU_RST),boot:0x8 (SPI_FAST_FLASH_BOOT)
Saved PC:0x40375c10
SPIWP:0xee
mode:DIO, clock div:1
load:0x3fce3810,len:0x178c
load:0x403c9700,len:0x4
load:0x403c9704,len:0xcbc
load:0x403cc700,len:0x2da0
entry 0x403c9914
[0;32mI (31) boot: ESP-IDF v5.2.1-dirty 2nd stage bootloader[0m
[0;32mI (31) boot: compile time Mar  5 2026 16:45:52[0m
[0;32mI (31) boot: Multicore bootloader[0m
[0;32mI (35) boot: chip revision: v0.2[0m
[0;32mI (39) boot.esp32s3: Boot SPI Speed : 80MHz[0m
[0;32mI (43) boot.esp32s3: SPI Mode       : DIO[0m
[0;32mI (48) boot.esp32s3: SPI Flash Size : 16MB[0m
[0;32mI (53) boot: Enabling RNG early entropy source...[0m
[0;32mI (58) boot: Partition Table:[0m
[0;32mI (62) boot: ## Label            Usage          Type ST Offset   Length[0m
[0;32mI (69) boot:  0 esp_secure_cert  unknown          3f 06 0000d000 00002000[0m
[0;32mI (77) boot:  1 nvs              WiFi data        01 02 00010000 00100000[0m
[0;32mI (84) boot:  2 nvs_keys         NVS keys         01 04 00110000 00001000[0m
[0;32mI (92) boot:  3 otadata          OTA data         01 00 00111000 00002000[0m
[0;32mI (99) boot:  4 phy_init         RF data          01 01 00113000 00001000[0m
[0;32mI (107) boot:  5 ota_0            OTA app          00 10 00120000 00500000[0m
[0;32mI (114) boot:  6 ota_1            OTA app          00 11 00620000 00500000[0m
[0;32mI (122) boot:  7 storage          Unknown data     01 82 00b20000 004d0000[0m
[0;32mI (129) boot:  8 fctry            WiFi data        01 02 00ff0000 00010000[0m
[0;32mI (137) boot: End of partition table[0m
[0;32mI (141) esp_image: segment 0: paddr=00120020 vaddr=3c120020 size=45960h (285024) map[0m
[0;32mI (201) esp_image: segment 1: paddr=00165988 vaddr=3fc9c300 size=06ce4h ( 27876) load[0m
[0;32mI (207) esp_image: segment 2: paddr=0016c674 vaddr=40374000 size=039a4h ( 14756) load[0m
[0;32mI (210) esp_image: segment 3: paddr=00170020 vaddr=42000020 size=11a860h (1157216) map[0m
[0;32mI (423) esp_image: segment 4: paddr=0028a888 vaddr=403779a4 size=14934h ( 84276) load[0m
[0;32mI (452) boot: Loaded app from partition at offset 0x120000[0m
[0;32mI (452) boot: Disabling RNG early entropy source...[0m
[0;32mI (464) cpu_start: Multicore app[0m
[0;32mI (464) octal_psram: vendor id    : 0x0d (AP)[0m
[0;32mI (464) octal_psram: dev id       : 0x02 (generation 3)[0m
[0;32mI (467) octal_psram: density      : 0x03 (64 Mbit)[0m
[0;32mI (472) octal_psram: good-die     : 0x01 (Pass)[0m
[0;32mI (478) octal_psram: Latency      : 0x01 (Fixed)[0m
[0;32mI (483) octal_psram: VCC          : 0x01 (3V)[0m
[0;32mI (488) octal_psram: SRF          : 0x01 (Fast Refresh)[0m
[0;32mI (494) octal_psram: BurstType    : 0x01 (Hybrid Wrap)[0m
[0;32mI (500) octal_psram: BurstLen     : 0x01 (32 Byte)[0m
[0;32mI (505) octal_psram: Readlatency  : 0x02 (10 cycles@Fixed)[0m
[0;32mI (511) octal_psram: DriveStrength: 0x00 (1/1)[0m
[0;32mI (517) MSPI Timing: PSRAM timing tuning index: 5[0m
[0;32mI (522) esp_psram: Found 8MB PSRAM device[0m
[0;32mI (527) esp_psram: Speed: 80MHz[0m
[0;32mI (944) esp_psram: SPI SRAM memory test OK[0m
[0;32mI (952) cpu_start: Pro cpu start user code[0m
[0;32mI (953) cpu_start: cpu freq: 160000000 Hz[0m
[0;32mI (953) cpu_start: Application information:[0m
[0;32mI (956) cpu_start: Project name:     light[0m
[0;32mI (960) cpu_start: App version:      1.0[0m
[0;32mI (965) cpu_start: Compile time:     Mar  5 2026 16:45:43[0m
[0;32mI (971) cpu_start: ELF file SHA256:  786f3e904...[0m
[0;32mI (976) cpu_start: ESP-IDF:          v5.2.1-dirty[0m
[0;32mI (982) cpu_start: Min chip rev:     v0.0[0m
[0;32mI (986) cpu_start: Max chip rev:     v0.99 [0m
[0;32mI (991) cpu_start: Chip rev:         v0.2[0m
[0;32mI (996) heap_init: Initializing. RAM available for dynamic allocation:[0m
[0;32mI (1003) heap_init: At 3FCB5A18 len 00033CF8 (207 KiB): RAM[0m
[0;32mI (1009) heap_init: At 3FCE9710 len 00005724 (21 KiB): RAM[0m
[0;32mI (1016) heap_init: At 3FCF0000 len 00008000 (32 KiB): DRAM[0m
[0;32mI (1022) heap_init: At 600FE010 len 00001FD8 (7 KiB): RTCRAM[0m
[0;32mI (1028) esp_psram: Adding pool of 8192K of PSRAM memory to heap allocator[0m
[0;32mI (1037) spi_flash: detected chip: generic[0m
[0;32mI (1041) spi_flash: flash io: dio[0m
[0;33mW (1045) rmt(legacy): legacy driver is deprecated, please migrate to `driver/rmt_tx.h` and/or `driver/rmt_rx.h`[0m
[0;32mI (1057) sleep: Configure to isolate all GPIO pins in sleep state[0m
[0;32mI (1062) sleep: Enable automatic switching of GPIO sleep configuration[0m
[0;32mI (1070) coexist: coex firmware version: 77cd7f8[0m
[0;32mI (1075) coexist: coexist rom version e7ae62f[0m
[0;32mI (1080) main_task: Started on CPU0[0m
[0;32mI (1090) esp_psram: Reserving pool of 32K of internal memory for DMA/internal allocations[0m
[0;32mI (1090) main_task: Calling app_main()[0m
[0;32mI (1530) gpio: GPIO[15]| InputEn: 0| OutputEn: 1| OpenDrain: 0| Pullup: 0| Pulldown: 0| Intr:0 [0m
[0;32mI (1530) gpio: GPIO[16]| InputEn: 0| OutputEn: 1| OpenDrain: 0| Pullup: 0| Pulldown: 0| Intr:0 [0m
[0;32mI (1530) gpio: GPIO[17]| InputEn: 0| OutputEn: 1| OpenDrain: 0| Pullup: 0| Pulldown: 0| Intr:0 [0m
[0;32mI (1540) status_led: Status LED ready (R=15 G=16 B=17, common cathode)[0m
[0;31mE (1550) app_main: Failed to register IP_EVENT_STA_GOT_IP handler, err:259[0m

abort() was called at PC 0x42009cc1 on core 0


Backtrace: 0x40375c8e:0x3fcb9170 0x40380f95:0x3fcb9190 0x4038817e:0x3fcb91b0 0x42009cc1:0x3fcb9220 0x42119a58:0x3fcb9330 0x40381a29:0x3fcb9360




ELF file SHA256: 786f3e904

Rebooting...
ESP-ROM:esp32s3-20210327
Build:Mar 27 2021
rst:0xc (RTC_SW_CPU_RST),boot:0x8 (SPI_FAST_FLASH_BOOT)
Saved PC:0x40375c10
SPIWP:0xee
mode:DIO, clock div:1
load:0x3fce3810,len:0x178c
load:0x403c9700,len:0x4
load:0x403c9704,len:0xcbc
load:0x403cc700,len:0x2da0
entry 0x403c9914
[0;32mI (31) boot: ESP-IDF v5.2.1-dirty 2nd stage bootloader[0m
[0;32mI (31) boot: compile time Mar  5 2026 16:45:52[0m
[0;32mI (31) boot: Multicore bootloader[0m
[0;32mI (35) boot: chip revision: v0.2[0m
[0;32mI (39) boot.esp32s3: Boot SPI Speed : 80MHz[0m
[0;32mI (43) boot.esp32s3: SPI Mode       : DIO[0m
[0;32mI (48) boot.esp32s3: SPI Flash Size : 16MB[0m
[0;32mI (53) boot: Enabling RNG early entropy source...[0m
[0;32mI (58) boot: Partition Table:[0m
[0;32mI (62) boot: ## Label            Usage          Type ST Offset   Length[0m
[0;32mI (69) boot:  0 esp_secure_cert  unknown          3f 06 0000d000 00002000[0m
[0;32mI (77) boot:  1 nvs              WiFi data        01 02 00010000 00100000[0m
[0;32mI (84) boot:  2 nvs_keys         NVS keys         01 04 00110000 00001000[0m
[0;32mI (92) boot:  3 otadata          OTA data         01 00 00111000 00002000[0m
[0;32mI (99) boot:  4 phy_init         RF data          01 01 00113000 00001000[0m
[0;32mI (107) boot:  5 ota_0            OTA app          00 10 00120000 00500000[0m
[0;32mI (114) boot:  6 ota_1            OTA app          00 11 00620000 00500000[0m
[0;32mI (122) boot:  7 storage          Unknown data     01 82 00b20000 004d0000[0m
[0;32mI (129) boot:  8 fctry            WiFi data        01 02 00ff0000 00010000[0m
[0;32mI (137) boot: End of partition table[0m
[0;32mI (141) esp_image: segment 0: paddr=00120020 vaddr=3c120020 size=45960h (285024) map[0m
[0;32mI (201) esp_image: segment 1: paddr=00165988 vaddr=3fc9c300 size=06ce4h ( 27876) load[0m
[0;32mI (207) esp_image: segment 2: paddr=0016c674 vaddr=40374000 size=039a4h ( 14756) load[0m
[0;32mI (210) esp_image: segment 3: paddr=00170020 vaddr=42000020 size=11a860h (1157216) map[0m
[0;32mI (423) esp_image: segment 4: paddr=0028a888 vaddr=403779a4 size=14934h ( 84276) load[0m
[0;32mI (452) boot: Loaded app from partition at offset 0x120000[0m
[0;32mI (452) boot: Disabling RNG early entropy source...[0m
[0;32mI (464) cpu_start: Multicore app[0m
[0;32mI (464) octal_psram: vendor id    : 0x0d (AP)[0m
[0;32mI (464) octal_psram: dev id       : 0x02 (generation 3)[0m
[0;32mI (467) octal_psram: density      : 0x03 (64 Mbit)[0m
[0;32mI (472) octal_psram: good-die     : 0x01 (Pass)[0m
[0;32mI (478) octal_psram: Latency      : 0x01 (Fixed)[0m
[0;32mI (483) octal_psram: VCC          : 0x01 (3V)[0m
[0;32mI (488) octal_psram: SRF          : 0x01 (Fast Refresh)[0m
[0;32mI (494) octal_psram: BurstType    : 0x01 (Hybrid Wrap)[0m
[0;32mI (500) octal_psram: BurstLen     : 0x01 (32 Byte)[0m
[0;32mI (505) octal_psram: Readlatency  : 0x02 (10 cycles@Fixed)[0m
[0;32mI (511) octal_psram: DriveStrength: 0x00 (1/1)[0m
[0;32mI (517) MSPI Timing: PSRAM timing tuning index: 5[0m
[0;32mI (522) esp_psram: Found 8MB PSRAM device[0m
[0;32mI (527) esp_psram: Speed: 80MHz[0m
[0;32mI (944) esp_psram: SPI SRAM memory test OK[0m
[0;32mI (952) cpu_start: Pro cpu start user code[0m
[0;32mI (953) cpu_start: cpu freq: 160000000 Hz[0m
[0;32mI (953) cpu_start: Application information:[0m
[0;32mI (956) cpu_start: Project name:     light[0m
[0;32mI (960) cpu_start: App version:      1.0[0m
[0;32mI (965) cpu_start: Compile time:     Mar  5 2026 16:45:43[0m
[0;32mI (971) cpu_start: ELF file SHA256:  786f3e904...[0m
[0;32mI (976) cpu_start: ESP-IDF:          v5.2.1-dirty[0m
[0;32mI (982) cpu_start: Min chip rev:     v0.0[0m
[0;32mI (986) cpu_start: Max chip rev:     v0.99 [0m
[0;32mI (991) cpu_start: Chip rev:         v0.2[0m
[0;32mI (996) heap_init: Initializing. RAM available for dynamic allocation:[0m
[0;32mI (1003) heap_init: At 3FCB5A18 len 00033CF8 (207 KiB): RAM[0m
[0;32mI (1009) heap_init: At 3FCE9710 len 00005724 (21 KiB): RAM[0m
[0;32mI (1016) heap_init: At 3FCF0000 len 00008000 (32 KiB): DRAM[0m
[0;32mI (1022) heap_init: At 600FE010 len 00001FD8 (7 KiB): RTCRAM[0m
[0;32mI (1028) esp_psram: Adding pool of 8192K of PSRAM memory to heap allocator[0m
[0;32mI (1037) spi_flash: detected chip: generic[0m
[0;32mI (1041) spi_flash: flash io: dio[0m
[0;33mW (1045) rmt(legacy): legacy driver is deprecated, please migrate to `driver/rmt_tx.h` and/or `driver/rmt_rx.h`[0m
[0;32mI (1057) sleep: Configure to isolate all GPIO pins in sleep state[0m
[0;32mI (1062) sleep: Enable automatic switching of GPIO sleep configuration[0m
[0;32mI (1070) coexist: coex firmware version: 77cd7f8[0m
[0;32mI (1075) coexist: coexist rom version e7ae62f[0m
[0;32mI (1080) main_task: Started on CPU0[0m
[0;32mI (1090) esp_psram: Reserving pool of 32K of internal memory for DMA/internal allocations[0m
[0;32mI (1090) main_task: Calling app_main()[0m
[0;32mI (1530) gpio: GPIO[15]| InputEn: 0| OutputEn: 1| OpenDrain: 0| Pullup: 0| Pulldown: 0| Intr:0 [0m
[0;32mI (1530) gpio: GPIO[16]| InputEn: 0| OutputEn: 1| OpenDrain: 0| Pullup: 0| Pulldown: 0| Intr:0 [0m
[0;32mI (1530) gpio: GPIO[17]| InputEn: 0| OutputEn: 1| OpenDrain: 0| Pullup: 0| Pulldown: 0| Intr:0 [0m
[0;32mI (1540) status_led: Status LED ready (R=15 G=16 B=17, common cathode)[0m
[0;31mE (1550) app_main: Failed to register IP_EVENT_STA_GOT_IP handler, err:259[0m

abort() was called at PC 0x42009cc1 on core 0


Backtrace: 0x40375c8e:0x3fcb9170 0x40380f95:0x3fcb9190 0x4038817e:0x3fcb91b0 0x42009cc1:0x3fcb9220 0x42119a58:0x3fcb9330 0x40381a29:0x3fcb9360




ELF file SHA256: 786f3e904

Rebooting...
ESP-ROM:esp32s3-20210327
Build:Mar 27 2021
rst:0xc (RTC_SW_CPU_RST),boot:0x8 (SPI_FAST_FLASH_BOOT)
Saved PC:0x40375c10
SPIWP:0xee
mode:DIO, clock div:1
load:0x3fce3810,len:0x178c
load:0x403c9700,len:0x4
load:0x403c9704,len:0xcbc
load:0x403cc700,len:0x2da0
entry 0x403c9914
[0;32mI (31) boot: ESP-IDF v5.2.1-dirty 2nd stage bootloader[0m
[0;32mI (31) boot: compile time Mar  5 2026 16:45:52[0m
[0;32mI (31) boot: Multicore bootloader[0m
[0;32mI (35) boot: chip revision: v0.2[0m
[0;32mI (39) boot.esp32s3: Boot SPI Speed : 80MHz[0m
[0;32mI (43) boot.esp32s3: SPI Mode       : DIO[0m
[0;32mI (48) boot.esp32s3: SPI Flash Size : 16MB[0m
[0;32mI (53) boot: Enabling RNG early entropy source...[0m
[0;32mI (58) boot: Partition Table:[0m
[0;32mI (62) boot: ## Label            Usage          Type ST Offset   Length[0m
[0;32mI (69) boot:  0 esp_secure_cert  unknown          3f 06 0000d000 00002000[0m
[0;32mI (77) boot:  1 nvs              WiFi data        01 02 00010000 00100000[0m
[0;32mI (84) boot:  2 nvs_keys         NVS keys         01 04 00110000 00001000[0m
[0;32mI (92) boot:  3 otadata          OTA data         01 00 00111000 00002000[0m
[0;32mI (99) boot:  4 phy_init         RF data          01 01 00113000 00001000[0m
[0;32mI (107) boot:  5 ota_0            OTA app          00 10 00120000 00500000[0m
[0;32mI (114) boot:  6 ota_1            OTA app          00 11 00620000 00500000[0m
[0;32mI (122) boot:  7 storage          Unknown data     01 82 00b20000 004d0000[0m
[0;32mI (129) boot:  8 fctry            WiFi data        01 02 00ff0000 00010000[0m
[0;32mI (137) boot: End of partition table[0m
[0;32mI (141) esp_image: segment 0: paddr=00120020 vaddr=3c120020 size=45960h (285024) map[0m
[0;32mI (201) esp_image: segment 1: paddr=00165988 vaddr=3fc9c300 size=06ce4h ( 27876) load[0m
[0;32mI (207) esp_image: segment 2: paddr=0016c674 vaddr=40374000 size=039a4h ( 14756) load[0m
[0;32mI (210) esp_image: segment 3: paddr=00170020 vaddr=42000020 size=11a860h (1157216) map[0m
[0;32mI (423) esp_image: segment 4: paddr=0028a888 vaddr=403779a4 size=14934h ( 84276) load[0m
[0;32mI (452) boot: Loaded app from partition at offset 0x120000[0m
[0;32mI (452) boot: Disabling RNG early entropy source...[0m
[0;32mI (464) cpu_start: Multicore app[0m
[0;32mI (464) octal_psram: vendor id    : 0x0d (AP)[0m
[0;32mI (464) octal_psram: dev id       : 0x02 (generation 3)[0m
[0;32mI (467) octal_psram: density      : 0x03 (64 Mbit)[0m
[0;32mI (472) octal_psram: good-die     : 0x01 (Pass)[0m
[0;32mI (478) octal_psram: Latency      : 0x01 (Fixed)[0m
[0;32mI (483) octal_psram: VCC          : 0x01 (3V)[0m
[0;32mI (488) octal_psram: SRF          : 0x01 (Fast Refresh)[0m
[0;32mI (494) octal_psram: BurstType    : 0x01 (Hybrid Wrap)[0m
[0;32mI (500) octal_psram: BurstLen     : 0x01 (32 Byte)[0m
[0;32mI (505) octal_psram: Readlatency  : 0x02 (10 cycles@Fixed)[0m
[0;32mI (511) octal_psram: DriveStrength: 0x00 (1/1)[0m
[0;32mI (517) MSPI Timing: PSRAM timing tuning index: 5[0m
[0;32mI (522) esp_psram: Found 8MB PSRAM device[0m
[0;32mI (527) esp_psram: Speed: 80MHz[0m
[0;32mI (944) esp_psram: SPI SRAM memory test OK[0m
[0;32mI (952) cpu_start: Pro cpu start user code[0m
[0;32mI (953) cpu_start: cpu freq: 160000000 Hz[0m
[0;32mI (953) cpu_start: Application information:[0m
[0;32mI (956) cpu_start: Project name:     light[0m
[0;32mI (960) cpu_start: App version:      1.0[0m
[0;32mI (965) cpu_start: Compile time:     Mar  5 2026 16:45:43[0m
[0;32mI (971) cpu_start: ELF file SHA256:  786f3e904...[0m
[0;32mI (976) cpu_start: ESP-IDF:          v5.2.1-dirty[0m
[0;32mI (982) cpu_start: Min chip rev:     v0.0[0m
[0;32mI (986) cpu_start: Max chip rev:     v0.99 [0m
[0;32mI (991) cpu_start: Chip rev:         v0.2[0m
[0;32mI (996) heap_init: Initializing. RAM available for dynamic allocation:[0m
[0;32mI (1003) heap_init: At 3FCB5A18 len 00033CF8 (207 KiB): RAM[0m
[0;32mI (1009) heap_init: At 3FCE9710 len 00005724 (21 KiB): RAM[0m
[0;32mI (1016) heap_init: At 3FCF0000 len 00008000 (32 KiB): DRAM[0m
[0;32mI (1022) heap_init: At 600FE010 len 00001FD8 (7 KiB): RTCRAM[0m
[0;32mI (1028) esp_psram: Adding pool of 8192K of PSRAM memory to heap allocator[0m
[0;32mI (1037) spi_flash: detected chip: generic[0m
[0;32mI (1041) spi_flash: flash io: dio[0m
[0;33mW (1045) rmt(legacy): legacy driver is deprecated, please migrate to `driver/rmt_tx.h` and/or `driver/rmt_rx.h`[0m
[0;32mI (1057) sleep: Configure to isolate all GPIO pins in sleep state[0m
[0;32mI (1062) sleep: Enable automatic switching of GPIO sleep configuration[0m
[0;32mI (1070) coexist: coex firmware version: 77cd7f8[0m
[0;32mI (1075) coexist: coexist rom version e7ae62f[0m
[0;32mI (1080) main_task: Started on CPU0[0m
[0;32mI (1090) esp_psram: Reserving pool of 32K of internal memory for DMA/internal allocations[0m
[0;32mI (1090) main_task: Calling app_main()[0m
[0;32mI (1530) gpio: GPIO[15]| InputEn: 0| OutputEn: 1| OpenDrain: 0| Pullup: 0| Pulldown: 0| Intr:0 [0m
[0;32mI (1530) gpio: GPIO[16]| InputEn: 0| OutputEn: 1| OpenDrain: 0| Pullup: 0| Pulldown: 0| Intr:0 [0m
[0;32mI (1530) gpio: GPIO[17]| InputEn: 0| OutputEn: 1| OpenDrain: 0| Pullup: 0| Pulldown: 0| Intr:0 [0m
[0;32mI (1540) status_led: Status LED ready (R=15 G=16 B=17, common cathode)[0m
[0;31mE (1550) app_main: Failed to register IP_EVENT_STA_GOT_IP handler, err:259[0m

abort() was called at PC 0x42009cc1 on core 0


Backtrace: 0x40375c8e:0x3fcb9170 0x40380f95:0x3fcb9190 0x4038817e:0x3fcb91b0 0x42009cc1:0x3fcb9220 0x42119a58:0x3fcb9330 0x40381a29:0x3fcb9360




ELF file SHA256: 786f3e904

Rebooting...
ESP-ROM:esp32s3-20210327
Build:Mar 27 2021
rst:0xc (RTC_SW_CPU_RST),boot:0x8 (SPI_FAST_FLASH_BOOT)
Saved PC:0x40375c10
SPIWP:0xee
mode:DIO, clock div:1
load:0x3fce3810,len:0x178c
load:0x403c9700,len:0x4
load:0x403c9704,len:0xcbc
load:0x403cc700,len:0x2da0
entry 0x403c9914
[0;32mI (31) boot: ESP-IDF v5.2.1-dirty 2nd stage bootloader[0m
[0;32mI (31) boot: compile time Mar  5 2026 16:45:52[0m
[0;32mI (31) boot: Multicore bootloader[0m
[0;32mI (35) boot: chip revision: v0.2[0m
[0;32mI (39) boot.esp32s3: Boot SPI Speed : 80MHz[0m
[0;32mI (43) boot.esp32s3: SPI Mode       : DIO[0m
[0;32mI (48) boot.esp32s3: SPI Flash Size : 16MB[0m
[0;32mI (53) boot: Enabling RNG early entropy source...[0m
[0;32mI (58) boot: Partition Table:[0m
[0;32mI (62) boot: ## Label            Usage          Type ST Offset   Length[0m
[0;32mI (69) boot:  0 esp_secure_cert  unknown          3f 06 0000d000 00002000[0m
[0;32mI (77) boot:  1 nvs              WiFi data        01 02 00010000 00100000[0m
[0;32mI (84) boot:  2 nvs_keys         NVS keys         01 04 00110000 00001000[0m
[0;32mI (92) boot:  3 otadata          OTA data         01 00 00111000 00002000[0m
[0;32mI (99) boot:  4 phy_init         RF data          01 01 00113000 00001000[0m
[0;32mI (107) boot:  5 ota_0            OTA app          00 10 00120000 00500000[0m
[0;32mI (114) boot:  6 ota_1            OTA app          00 11 00620000 00500000[0m
[0;32mI (122) boot:  7 storage          Unknown data     01 82 00b20000 004d0000[0m
[0;32mI (129) boot:  8 fctry            WiFi data        01 02 00ff0000 00010000[0m
[0;32mI (137) boot: End of partition table[0m
[0;32mI (141) esp_image: segment 0: paddr=00120020 vaddr=3c120020 size=45960h (285024) map[0m
[0;32mI (201) esp_image: segment 1: paddr=00165988 vaddr=3fc9c300 size=06ce4h ( 27876) load[0m
[0;32mI (207) esp_image: segment 2: paddr=0016c674 vaddr=40374000 size=039a4h ( 14756) load[0m
[0;32mI (210) esp_image: segment 3: paddr=00170020 vaddr=42000020 size=11a860h (1157216) map[0m
[0;32mI (423) esp_image: segment 4: paddr=0028a888 vaddr=403779a4 size=14934h ( 84276) load[0m
[0;32mI (452) boot: Loaded app from partition at offset 0x120000[0m
[0;32mI (452) boot: Disabling RNG early entropy source...[0m
[0;32mI (464) cpu_start: Multicore app[0m
[0;32mI (464) octal_psram: vendor id    : 0x0d (AP)[0m
[0;32mI (464) octal_psram: dev id       : 0x02 (generation 3)[0m
[0;32mI (467) octal_psram: density      : 0x03 (64 Mbit)[0m
[0;32mI (472) octal_psram: good-die     : 0x01 (Pass)[0m
[0;32mI (478) octal_psram: Latency      : 0x01 (Fixed)[0m
[0;32mI (483) octal_psram: VCC          : 0x01 (3V)[0m
[0;32mI (488) octal_psram: SRF          : 0x01 (Fast Refresh)[0m
[0;32mI (494) octal_psram: BurstType    : 0x01 (Hybrid Wrap)[0m
[0;32mI (500) octal_psram: BurstLen     : 0x01 (32 Byte)[0m
[0;32mI (505) octal_psram: Readlatency  : 0x02 (10 cycles@Fixed)[0m
[0;32mI (511) octal_psram: DriveStrength: 0x00 (1/1)[0m
[0;32mI (517) MSPI Timing: PSRAM timing tuning index: 5[0m
[0;32mI (522) esp_psram: Found 8MB PSRAM device[0m
[0;32mI (527) esp_psram: Speed: 80MHz[0m
[0;32mI (944) esp_psram: SPI SRAM memory test OK[0m
[0;32mI (952) cpu_start: Pro cpu start user code[0m
[0;32mI (953) cpu_start: cpu freq: 160000000 Hz[0m
[0;32mI (953) cpu_start: Application information:[0m
[0;32mI (956) cpu_start: Project name:     light[0m
[0;32mI (960) cpu_start: App version:      1.0[0m
[0;32mI (965) cpu_start: Compile time:     Mar  5 2026 16:45:43[0m
[0;32mI (971) cpu_start: ELF file SHA256:  786f3e904...[0m
[0;32mI (976) cpu_start: ESP-IDF:          v5.2.1-dirty[0m
[0;32mI (982) cpu_start: Min chip rev:     v0.0[0m
[0;32mI (986) cpu_start: Max chip rev:     v0.99 [0m
[0;32mI (991) cpu_start: Chip rev:         v0.2[0m
[0;32mI (996) heap_init: Initializing. RAM available for dynamic allocation:[0m
[0;32mI (1003) heap_init: At 3FCB5A18 len 00033CF8 (207 KiB): RAM[0m
[0;32mI (1009) heap_init: At 3FCE9710 len 00005724 (21 KiB): RAM[0m
[0;32mI (1016) heap_init: At 3FCF0000 len 00008000 (32 KiB): DRAM[0m
[0;32mI (1022) heap_init: At 600FE010 len 00001FD8 (7 KiB): RTCRAM[0m
[0;32mI (1028) esp_psram: Adding pool of 8192K of PSRAM memory to heap allocator[0m
[0;32mI (1037) spi_flash: detected chip: generic[0m
[0;32mI (1041) spi_flash: flash io: dio[0m
[0;33mW (1045) rmt(legacy): legacy driver is deprecated, please migrate to `driver/rmt_tx.h` and/or `driver/rmt_rx.h`[0m
[0;32mI (1057) sleep: Configure to isolate all GPIO pins in sleep state[0m
[0;32mI (1062) sleep: Enable automatic switching of GPIO sleep configuration[0m
[0;32mI (1070) coexist: coex firmware version: 77cd7f8[0m
[0;32mI (1075) coexist: coexist rom version e7ae62f[0m
[0;32mI (1080) main_task: Started on CPU0[0m
[0;32mI (1090) esp_psram: Reserving pool of 32K of internal memory for DMA/internal allocations[0m
[0;32mI (1090) main_task: Calling app_main()[0m
[0;32mI (1530) gpio: GPIO[15]| InputEn: 0| OutputEn: 1| OpenDrain: 0| Pullup: 0| Pulldown: 0| Intr:0 [0m
[0;32mI (1530) gpio: GPIO[16]| InputEn: 0| OutputEn: 1| OpenDrain: 0| Pullup: 0| Pulldown: 0| Intr:0 [0m
[0;32mI (1530) gpio: GPIO[17]| InputEn: 0| OutputEn: 1| OpenDrain: 0| Pullup: 0| Pulldown: 0| Intr:0 [0m
[0;32mI (1540) status_led: Status LED ready (R=15 G=16 B=17, common cathode)[0m
[0;31mE (1550) app_main: Failed to register IP_EVENT_STA_GOT_IP handler, err:259[0m

abort() was called at PC 0x42009cc1 on core 0


Backtrace: 0x40375c8e:0x3fcb9170 0x40380f95:0x3fcb9190 0x4038817e:0x3fcb91b0 0x42009cc1:0x3fcb9220 0x42119a58:0x3fcb9330 0x40381a29:0x3fcb9360




ELF file SHA256: 786f3e904

Rebooting...
ESP-ROM:esp32s3-20210327
Build:Mar 27 2021
rst:0xc (RTC_SW_CPU_RST),boot:0x8 (SPI_FAST_FLASH_BOOT)
Saved PC:0x40375c10
SPIWP:0xee
mode:DIO, clock div:1
load:0x3fce3810,len:0x178c
load:0x403c9700,len:0x4
load:0x403c9704,len:0xcbc
load:0x403cc700,len:0x2da0
entry 0x403c9914
[0;32mI (31) boot: ESP-IDF v5.2.1-dirty 2nd stage bootloader[0m
[0;32mI (31) boot: compile time Mar  5 2026 16:45:52[0m
[0;32mI (31) boot: Multicore bootloader[0m
[0;32mI (35) boot: chip revision: v0.2[0m
[0;32mI (39) boot.esp32s3: Boot SPI Speed : 80MHz[0m
[0;32mI (43) boot.esp32s3: SPI Mode       : DIO[0m
[0;32mI (48) boot.esp32s3: SPI Flash Size : 16MB[0m
[0;32mI (53) boot: Enabling RNG early entropy source...[0m
[0;32mI (58) boot: Partition Table:[0m
[0;32mI (62) boot: ## Label            Usage          Type ST Offset   Length[0m
[0;32mI (69) boot:  0 esp_secure_cert  unknown          3f 06 0000d000 00002000[0m
[0;32mI (77) boot:  1 nvs              WiFi data        01 02 00010000 00100000[0m
[0;32mI (84) boot:  2 nvs_keys         NVS keys         01 04 00110000 00001000[0m
[0;32mI (92) boot:  3 otadata          OTA data         01 00 00111000 00002000[0m
[0;32mI (99) boot:  4 phy_init         RF data          01 01 00113000 00001000[0m
[0;32mI (107) boot:  5 ota_0            OTA app          00 10 00120000 00500000[0m
[0;32mI (114) boot:  6 ota_1            OTA app          00 11 00620000 00500000[0m
[0;32mI (122) boot:  7 storage          Unknown data     01 82 00b20000 004d0000[0m
[0;32mI (129) boot:  8 fctry            WiFi data        01 02 00ff0000 00010000[0m
[0;32mI (137) boot: End of partition table[0m
[0;32mI (141) esp_image: segment 0: paddr=00120020 vaddr=3c120020 size=45960h (285024) map[0m
[0;32mI (201) esp_image: segment 1: paddr=00165988 vaddr=3fc9c300 size=06ce4h ( 27876) load[0m
[0;32mI (207) esp_image: segment 2: paddr=0016c674 vaddr=40374000 size=039a4h ( 14756) load[0m
[0;32mI (210) esp_image: segment 3: paddr=00170020 vaddr=42000020 size=11a860h (1157216) map[0m
[0;32mI (423) esp_image: segment 4: paddr=0028a888 vaddr=403779a4 size=14934h ( 84276) load[0m
[0;32mI (452) boot: Loaded app from partition at offset 0x120000[0m
[0;32mI (452) boot: Disabling RNG early entropy source...[0m
[0;32mI (464) cpu_start: Multicore app[0m
[0;32mI (464) octal_psram: vendor id    : 0x0d (AP)[0m
[0;32mI (464) octal_psram: dev id       : 0x02 (generation 3)[0m
[0;32mI (467) octal_psram: density      : 0x03 (64 Mbit)[0m
[0;32mI (472) octal_psram: good-die     : 0x01 (Pass)[0m
[0;32mI (478) octal_psram: Latency      : 0x01 (Fixed)[0m
[0;32mI (483) octal_psram: VCC          : 0x01 (3V)[0m
[0;32mI (488) octal_psram: SRF          : 0x01 (Fast Refresh)[0m
[0;32mI (494) octal_psram: BurstType    : 0x01 (Hybrid Wrap)[0m
[0;32mI (500) octal_psram: BurstLen     : 0x01 (32 Byte)[0m
[0;32mI (505) octal_psram: Readlatency  : 0x02 (10 cycles@Fixed)[0m
[0;32mI (511) octal_psram: DriveStrength: 0x00 (1/1)[0m
[0;32mI (517) MSPI Timing: PSRAM timing tuning index: 5[0m
[0;32mI (522) esp_psram: Found 8MB PSRAM device[0m
[0;32mI (527) esp_psram: Speed: 80MHz[0m
[0;32mI (944) esp_psram: SPI SRAM memory test OK[0m
[0;32mI (952) cpu_start: Pro cpu start user code[0m
[0;32mI (953) cpu_start: cpu freq: 160000000 Hz[0m
[0;32mI (953) cpu_start: Application information:[0m
[0;32mI (956) cpu_start: Project name:     light[0m
[0;32mI (960) cpu_start: App version:      1.0[0m
[0;32mI (965) cpu_start: Compile time:     Mar  5 2026 16:45:43[0m
[0;32mI (971) cpu_start: ELF file SHA256:  786f3e904...[0m
[0;32mI (976) cpu_start: ESP-IDF:          v5.2.1-dirty[0m
[0;32mI (982) cpu_start: Min chip rev:     v0.0[0m
[0;32mI (986) cpu_start: Max chip rev:     v0.99 [0m
[0;32mI (991) cpu_start: Chip rev:         v0.2[0m
[0;32mI (996) heap_init: Initializing. RAM available for dynamic allocation:[0m
[0;32mI (1003) heap_init: At 3FCB5A18 len 00033CF8 (207 KiB): RAM[0m
[0;32mI (1009) heap_init: At 3FCE9710 len 00005724 (21 KiB): RAM[0m
[0;32mI (1016) heap_init: At 3FCF0000 len 00008000 (32 KiB): DRAM[0m
[0;32mI (1022) heap_init: At 600FE010 len 00001FD8 (7 KiB): RTCRAM[0m
[0;32mI (1028) esp_psram: Adding pool of 8192K of PSRAM memory to heap allocator[0m
[0;32mI (1037) spi_flash: detected chip: generic[0m
[0;32mI (1041) spi_flash: flash io: dio[0m
[0;33mW (1045) rmt(legacy): legacy driver is deprecated, please migrate to `driver/rmt_tx.h` and/or `driver/rmt_rx.h`[0m
[0;32mI (1057) sleep: Configure to isolate all GPIO pins in sleep state[0m
[0;32mI (1062) sleep: Enable automatic switching of GPIO sleep configuration[0m
[0;32mI (1070) coexist: coex firmware version: 77cd7f8[0m
[0;32mI (1075) coexist: coexist rom version e7ae62f[0m
[0;32mI (1080) main_task: Started on CPU0[0m
[0;32mI (1090) esp_psram: Reserving pool of 32K of internal memory for DMA/internal allocations[0m
[0;32mI (1090) main_task: Calling app_main()[0m
[0;32mI (1530) gpio: GPIO[15]| InputEn: 0| OutputEn: 1| OpenDrain: 0| Pullup: 0| Pulldown: 0| Intr:0 [0m
[0;32mI (1530) gpio: GPIO[16]| InputEn: 0| OutputEn: 1| OpenDrain: 0| Pullup: 0| Pulldown: 0| Intr:0 [0m
[0;32mI (1530) gpio: GPIO[17]| InputEn: 0| OutputEn: 1| OpenDrain: 0| Pullup: 0| Pulldown: 0| Intr:0 [0m
[0;32mI (1540) status_led: Status LED ready (R=15 G=16 B=17, common cathode)[0m
[0;31mE (1550) app_main: Failed to register IP_EVENT_STA_GOT_IP handler, err:259[0m

abort() was called at PC 0x42009cc1 on core 0


Backtrace: 0x40375c8e:0x3fcb9170 0x40380f95:0x3fcb9190 0x4038817e:0x3fcb91b0 0x42009cc1:0x3fcb9220 0x42119a58:0x3fcb9330 0x40381a29:0x3fcb9360




ELF file SHA256: 786f3e904

Rebooting...
ESP-ROM:esp32s3-20210327
Build:Mar 27 2021
rst:0xc (RTC_SW_CPU_RST),boot:0x8 (SPI_FAST_FLASH_BOOT)
Saved PC:0x40375c10
SPIWP:0xee
mode:DIO, clock div:1
load:0x3fce3810,len:0x178c
load:0x403c9700,len:0x4
load:0x403c9704,len:0xcbc
load:0x403cc700,len:0x2da0
entry 0x403c9914
[0;32mI (31) boot: ESP-IDF v5.2.1-dirty 2nd stage bootloader[0m
[0;32mI (31) boot: compile time Mar  5 2026 16:45:52[0m
[0;32mI (31) boot: Multicore bootloader[0m
[0;32mI (35) boot: chip revision: v0.2[0m
[0;32mI (39) boot.esp32s3: Boot SPI Speed : 80MHz[0m
[0;32mI (43) boot.esp32s3: SPI Mode       : DIO[0m
[0;32mI (48) boot.esp32s3: SPI Flash Size : 16MB[0m
[0;32mI (53) boot: Enabling RNG early entropy source...[0m
[0;32mI (58) boot: Partition Table:[0m
[0;32mI (62) boot: ## Label            Usage          Type ST Offset   Length[0m
[0;32mI (69) boot:  0 esp_secure_cert  unknown          3f 06 0000d000 00002000[0m
[0;32mI (77) boot:  1 nvs              WiFi data        01 02 00010000 00100000[0m
[0;32mI (84) boot:  2 nvs_keys         NVS keys         01 04 00110000 00001000[0m
[0;32mI (92) boot:  3 otadata          OTA data         01 00 00111000 00002000[0m
[0;32mI (99) boot:  4 phy_init         RF data          01 01 00113000 00001000[0m
[0;32mI (107) boot:  5 ota_0            OTA app          00 10 00120000 00500000[0m
[0;32mI (114) boot:  6 ota_1            OTA app          00 11 00620000 00500000[0m
[0;32mI (122) boot:  7 storage          Unknown data     01 82 00b20000 004d0000[0m
[0;32mI (129) boot:  8 fctry            WiFi data        01 02 00ff0000 00010000[0m
[0;32mI (137) boot: End of partition table[0m
[0;32mI (141) esp_image: segment 0: paddr=00120020 vaddr=3c120020 size=45960h (285024) map[0m
[0;32mI (201) esp_image: segment 1: paddr=00165988 vaddr=3fc9c300 size=06ce4h ( 27876) load[0m
[0;32mI (207) esp_image: segment 2: paddr=0016c674 vaddr=40374000 size=039a4h ( 14756) load[0m
[0;32mI (210) esp_image: segment 3: paddr=00170020 vaddr=42000020 size=11a860h (1157216) map[0m
[0;32mI (423) esp_image: segment 4: paddr=0028a888 vaddr=403779a4 size=14934h ( 84276) load[0m
[0;32mI (452) boot: Loaded app from partition at offset 0x120000[0m
[0;32mI (452) boot: Disabling RNG early entropy source...[0m
[0;32mI (464) cpu_start: Multicore app[0m
[0;32mI (464) octal_psram: vendor id    : 0x0d (AP)[0m
[0;32mI (464) octal_psram: dev id       : 0x02 (generation 3)[0m
[0;32mI (467) octal_psram: density      : 0x03 (64 Mbit)[0m
[0;32mI (472) octal_psram: good-die     : 0x01 (Pass)[0m
[0;32mI (478) octal_psram: Latency      : 0x01 (Fixed)[0m
[0;32mI (483) octal_psram: VCC          : 0x01 (3V)[0m
[0;32mI (488) octal_psram: SRF          : 0x01 (Fast Refresh)[0m
[0;32mI (494) octal_psram: BurstType    : 0x01 (Hybrid Wrap)[0m
[0;32mI (500) octal_psram: BurstLen     : 0x01 (32 Byte)[0m
[0;32mI (505) octal_psram: Readlatency  : 0x02 (10 cycles@Fixed)[0m
[0;32mI (511) octal_psram: DriveStrength: 0x00 (1/1)[0m
[0;32mI (517) MSPI Timing: PSRAM timing tuning index: 5[0m
[0;32mI (522) esp_psram: Found 8MB PSRAM device[0m
[0;32mI (527) esp_psram: Speed: 80MHz[0m
[0;32mI (944) esp_psram: SPI SRAM memory test OK[0m
[0;32mI (952) cpu_start: Pro cpu start user code[0m
[0;32mI (953) cpu_start: cpu freq: 160000000 Hz[0m
[0;32mI (953) cpu_start: Application information:[0m
[0;32mI (956) cpu_start: Project name:     light[0m
[0;32mI (960) cpu_start: App version:      1.0[0m
[0;32mI (965) cpu_start: Compile time:     Mar  5 2026 16:45:43[0m
[0;32mI (971) cpu_start: ELF file SHA256:  786f3e904...[0m
[0;32mI (976) cpu_start: ESP-IDF:          v5.2.1-dirty[0m
[0;32mI (982) cpu_start: Min chip rev:     v0.0[0m
[0;32mI (986) cpu_start: Max chip rev:     v0.99 [0m
[0;32mI (991) cpu_start: Chip rev:         v0.2[0m
[0;32mI (996) heap_init: Initializing. RAM available for dynamic allocation:[0m
[0;32mI (1003) heap_init: At 3FCB5A18 len 00033CF8 (207 KiB): RAM[0m
[0;32mI (1009) heap_init: At 3FCE9710 len 00005724 (21 KiB): RAM[0m
[0;32mI (1016) heap_init: At 3FCF0000 len 00008000 (32 KiB): DRAM[0m
[0;32mI (1022) heap_init: At 600FE010 len 00001FD8 (7 KiB): RTCRAM[0m
[0;32mI (1028) esp_psram: Adding pool of 8192K of PSRAM memory to heap allocator[0m
[0;32mI (1037) spi_flash: detected chip: generic[0m
[0;32mI (1041) spi_flash: flash io: dio[0m
[0;33mW (1045) rmt(legacy): legacy driver is deprecated, please migrate to `driver/rmt_tx.h` and/or `driver/rmt_rx.h`[0m
[0;32mI (1057) sleep: Configure to isolate all GPIO pins in sleep state[0m
[0;32mI (1062) sleep: Enable automatic switching of GPIO sleep configuration[0m
[0;32mI (1070) coexist: coex firmware version: 77cd7f8[0m
[0;32mI (1075) coexist: coexist rom version e7ae62f[0m
[0;32mI (1080) main_task: Started on CPU0[0m
[0;32mI (1090) esp_psram: Reserving pool of 32K of internal memory for DMA/internal allocations[0m
[0;32mI (1090) main_task: Calling app_main()[0m
[0;32mI (1530) gpio: GPIO[15]| InputEn: 0| OutputEn: 1| OpenDrain: 0| Pullup: 0| Pulldown: 0| Intr:0 [0m
[0;32mI (1530) gpio: GPIO[16]| InputEn: 0| OutputEn: 1| OpenDrain: 0| Pullup: 0| Pulldown: 0| Intr:0 [0m
[0;32mI (1530) gpio: GPIO[17]| InputEn: 0| OutputEn: 1| OpenDrain: 0| Pullup: 0| Pulldown: 0| Intr:0 [0m
[0;32mI (1540) status_led: Status LED ready (R=15 G=16 B=17, common cathode)[0m
[0;31mE (1550) app_main: Failed to register IP_EVENT_STA_GOT_IP handler, err:259[0m

abort() was called at PC 0x42009cc1 on core 0


Backtrace: 0x40375c8e:0x3fcb9170 0x40380f95:0x3fcb9190 0x4038817e:0x3fcb91b0 0x42009cc1:0x3fcb9220 0x42119a58:0x3fcb9330 0x40381a29:0x3fcb9360




ELF file SHA256: 786f3e904

Rebooting...
ESP-ROM:esp32s3-20210327
Build:Mar 27 2021
rst:0xc (RTC_SW_CPU_RST),boot:0x8 (SPI_FAST_FLASH_BOOT)
Saved PC:0x40375c10
SPIWP:0xee
mode:DIO, clock div:1
load:0x3fce3810,len:0x178c
load:0x403c9700,len:0x4
load:0x403c9704,len:0xcbc
load:0x403cc700,len:0x2da0
entry 0x403c9914
[0;32mI (31) boot: ESP-IDF v5.2.1-dirty 2nd stage bootloader[0m
[0;32mI (31) boot: compile time Mar  5 2026 16:45:52[0m
[0;32mI (31) boot: Multicore bootloader[0m
[0;32mI (35) boot: chip revision: v0.2[0m
[0;32mI (39) boot.esp32s3: Boot SPI Speed : 80MHz[0m
[0;32mI (43) boot.esp32s3: SPI Mode       : DIO[0m
[0;32mI (48) boot.esp32s3: SPI Flash Size : 16MB[0m
[0;32mI (53) boot: Enabling RNG early entropy source...[0m
[0;32mI (58) boot: Partition Table:[0m
[0;32mI (62) boot: ## Label            Usage          Type ST Offset   Length[0m
[0;32mI (69) boot:  0 esp_secure_cert  unknown          3f 06 0000d000 00002000[0m
[0;32mI (77) boot:  1 nvs              WiFi data        01 02 00010000 00100000[0m
[0;32mI (84) boot:  2 nvs_keys         NVS keys         01 04 00110000 00001000[0m
[0;32mI (92) boot:  3 otadata          OTA data         01 00 00111000 00002000[0m
[0;32mI (99) boot:  4 phy_init         RF data          01 01 00113000 00001000[0m
[0;32mI (107) boot:  5 ota_0            OTA app          00 10 00120000 00500000[0m
[0;32mI (114) boot:  6 ota_1            OTA app          00 11 00620000 00500000[0m
[0;32mI (122) boot:  7 storage          Unknown data     01 82 00b20000 004d0000[0m
[0;32mI (129) boot:  8 fctry            WiFi data        01 02 00ff0000 00010000[0m
[0;32mI (137) boot: End of partition table[0m
[0;32mI (141) esp_image: segment 0: paddr=00120020 vaddr=3c120020 size=45960h (285024) map[0m
[0;32mI (201) esp_image: segment 1: paddr=00165988 vaddr=3fc9c300 size=06ce4h ( 27876) load[0m
[0;32mI (207) esp_image: segment 2: paddr=0016c674 vaddr=40374000 size=039a4h ( 14756) load[0m
[0;32mI (210) esp_image: segment 3: paddr=00170020 vaddr=42000020 size=11a860h (1157216) map[0m
[0;32mI (423) esp_image: segment 4: paddr=0028a888 vaddr=403779a4 size=14934h ( 84276) load[0m
[0;32mI (452) boot: Loaded app from partition at offset 0x120000[0m
[0;32mI (452) boot: Disabling RNG early entropy source...[0m
[0;32mI (464) cpu_start: Multicore app[0m
[0;32mI (464) octal_psram: vendor id    : 0x0d (AP)[0m
[0;32mI (464) octal_psram: dev id       : 0x02 (generation 3)[0m
[0;32mI (467) octal_psram: density      : 0x03 (64 Mbit)[0m
[0;32mI (472) octal_psram: good-die     : 0x01 (Pass)[0m
[0;32mI (478) octal_psram: Latency      : 0x01 (Fixed)[0m
[0;32mI (483) octal_psram: VCC          : 0x01 (3V)[0m
[0;32mI (488) octal_psram: SRF          : 0x01 (Fast Refresh)[0m
[0;32mI (494) octal_psram: BurstType    : 0x01 (Hybrid Wrap)[0m
[0;32mI (500) octal_psram: BurstLen     : 0x01 (32 Byte)[0m
[0;32mI (505) octal_psram: Readlatency  : 0x02 (10 cycles@Fixed)[0m
[0;32mI (511) octal_psram: DriveStrength: 0x00 (1/1)[0m
[0;32mI (517) MSPI Timing: PSRAM timing tuning index: 5[0m
[0;32mI (522) esp_psram: Found 8MB PSRAM device[0m
[0;32mI (527) esp_psram: Speed: 80MHz[0m
[0;32mI (944) esp_psram: SPI SRAM memory test OK[0m
[0;32mI (952) cpu_start: Pro cpu start user code[0m
[0;32mI (953) cpu_start: cpu freq: 160000000 Hz[0m
[0;32mI (953) cpu_start: Application information:[0m
[0;32mI (956) cpu_start: Project name:     light[0m
[0;32mI (960) cpu_start: App version:      1.0[0m
[0;32mI (965) cpu_start: Compile time:     Mar  5 2026 16:45:43[0m
[0;32mI (971) cpu_start: ELF file SHA256:  786f3e904...[0m
[0;32mI (976) cpu_start: ESP-IDF:          v5.2.1-dirty[0m
[0;32mI (982) cpu_start: Min chip rev:     v0.0[0m
[0;32mI (986) cpu_start: Max chip rev:     v0.99 [0m
[0;32mI (991) cpu_start: Chip rev:         v0.2[0m
[0;32mI (996) heap_init: Initializing. RAM available for dynamic allocation:[0m
[0;32mI (1003) heap_init: At 3FCB5A18 len 00033CF8 (207 KiB): RAM[0m
[0;32mI (1009) heap_init: At 3FCE9710 len 00005724 (21 KiB): RAM[0m
[0;32mI (1016) heap_init: At 3FCF0000 len 00008000 (32 KiB): DRAM[0m
[0;32mI (1022) heap_init: At 600FE010 len 00001FD8 (7 KiB): RTCRAM[0m
[0;32mI (1028) esp_psram: Adding pool of 8192K of PSRAM memory to heap allocator[0m
[0;32mI (1037) spi_flash: detected chip: generic[0m
[0;32mI (1041) spi_flash: flash io: dio[0m
[0;33mW (1045) rmt(legacy): legacy driver is deprecated, please migrate to `driver/rmt_tx.h` and/or `driver/rmt_rx.h`[0m
[0;32mI (1057) sleep: Configure to isolate all GPIO pins in sleep state[0m
[0;32mI (1062) sleep: Enable automatic switching of GPIO sleep configuration[0m
[0;32mI (1070) coexist: coex firmware version: 77cd7f8[0m
[0;32mI (1075) coexist: coexist rom version e7ae62f[0m
[0;32mI (1080) main_task: Started on CPU0[0m
[0;32mI (1090) esp_psram: Reserving pool of 32K of internal memory for DMA/internal allocations[0m
[0;32mI (1090) main_task: Calling app_main()[0m
[0;32mI (1530) gpio: GPIO[15]| InputEn: 0| OutputEn: 1| OpenDrain: 0| Pullup: 0| Pulldown: 0| Intr:0 [0m
[0;32mI (1530) gpio: GPIO[16]| InputEn: 0| OutputEn: 1| OpenDrain: 0| Pullup: 0| Pulldown: 0| Intr:0 [0m
[0;32mI (1530) gpio: GPIO[17]| InputEn: 0| OutputEn: 1| OpenDrain: 0| Pullup: 0| Pulldown: 0| Intr:0 [0m
[0;32mI (1540) status_led: Status LED ready (R=15 G=16 B=17, common cathode)[0m
[0;31mE (1550) app_main: Failed to register IP_EVENT_STA_GOT_IP handler, err:259[0m

abort() was called at PC 0x42009cc1 on core 0


Backtrace: 0x40375c8e:0x3fcb9170 0x40380f95:0x3fcb9190 0x4038817e:0x3fcb91b0 0x42009cc1:0x3fcb9220 0x42119a58:0x3fcb9330 0x40381a29:0x3fcb9360




ELF file SHA256: 786f3e904

Rebooting...
ESP-ROM:esp32s3-20210327
Build:Mar 27 2021
rst:0xc (RTC_SW_CPU_RST),boot:0x8 (SPI_FAST_FLASH_BOOT)
Saved PC:0x40375c10
SPIWP:0xee
mode:DIO, clock div:1
load:0x3fce3810,len:0x178c
load:0x403c9700,len:0x4
load:0x403c9704,len:0xcbc
load:0x403cc700,len:0x2da0
entry 0x403c9914
[0;32mI (31) boot: ESP-IDF v5.2.1-dirty 2nd stage bootloader[0m
[0;32mI (31) boot: compile time Mar  5 2026 16:45:52[0m
[0;32mI (31) boot: Multicore bootloader[0m
[0;32mI (35) boot: chip revision: v0.2[0m
[0;32mI (39) boot.esp32s3: Boot SPI Speed : 80MHz[0m
[0;32mI (43) boot.esp32s3: SPI Mode       : DIO[0m
[0;32mI (48) boot.esp32s3: SPI Flash Size : 16MB[0m
[0;32mI (53) boot: Enabling RNG early entropy source...[0m
[0;32mI (58) boot: Partition Table:[0m
[0;32mI (62) boot: ## Label            Usage          Type ST Offset   Length[0m
[0;32mI (69) boot:  0 esp_secure_cert  unknown          3f 06 0000d000 00002000[0m
[0;32mI (77) boot:  1 nvs              WiFi data        01 02 00010000 00100000[0m
[0;32mI (84) boot:  2 nvs_keys         NVS keys         01 04 00110000 00001000[0m
[0;32mI (92) boot:  3 otadata          OTA data         01 00 00111000 00002000[0m
[0;32mI (99) boot:  4 phy_init         RF data          01 01 00113000 00001000[0m
[0;32mI (107) boot:  5 ota_0            OTA app          00 10 00120000 00500000[0m
