ESP-ROM:esp32s3-20210327
Build:Mar 27 2021
rst:0x1 (POWERON),boot:0x8 (SPI_FAST_FLASH_BOOT)
SPIWP:0xee
mode:DIO, clock div:1
load:0x3fce3810,len:0x178c
load:0x403c9700,len:0x4
load:0x403c9704,len:0xcbc
load:0x403cc700,len:0x2da0
entry 0x403c9914
[0;32mI (27) boot: ESP-IDF v5.2.1-dirty 2nd stage bootloader[0m
[0;32mI (27) boot: compile time Mar  5 2026 16:45:52[0m
[0;32mI (27) boot: Multicore bootloader[0m
[0;32mI (30) boot: chip revision: v0.2[0m
[0;32mI (34) boot.esp32s3: Boot SPI Speed : 80MHz[0m
[0;32mI (39) boot.esp32s3: SPI Mode       : DIO[0m
[0;32mI (44) boot.esp32s3: SPI Flash Size : 16MB[0m
[0;32mI (49) boot: Enabling RNG early entropy source...[0m
[0;32mI (54) boot: Partition Table:[0m
[0;32mI (58) boot: ## Label            Usage          Type ST Offset   Length[0m
[0;32mI (65) boot:  0 esp_secure_cert  unknown          3f 06 0000d000 00002000[0m
[0;32mI (72) boot:  1 nvs              WiFi data        01 02 00010000 00100000[0m
[0;32mI (80) boot:  2 nvs_keys         NVS keys         01 04 00110000 00001000[0m
[0;32mI (87) boot:  3 otadata          OTA data         01 00 00111000 00002000[0m
[0;32mI (95) boot:  4 phy_init         RF data          01 01 00113000 00001000[0m
[0;32mI (102) boot:  5 ota_0            OTA app          00 10 00120000 00500000[0m
[0;32mI (110) boot:  6 ota_1            OTA app          00 11 00620000 00500000[0m
[0;32mI (117) boot:  7 storage          Unknown data     01 82 00b20000 004d0000[0m
[0;32mI (125) boot:  8 fctry            WiFi data        01 02 00ff0000 00010000[0m
[0;32mI (132) boot: End of partition table[0m
[0;32mI (137) esp_image: segment 0: paddr=00120020 vaddr=3c120020 size=46d74h (290164) map[0m
[0;32mI (197) esp_image: segment 1: paddr=00166d9c vaddr=3fc9c300 size=071f4h ( 29172) load[0m
[0;32mI (203) esp_image: segment 2: paddr=0016df98 vaddr=40374000 size=02080h (  8320) load[0m
[0;32mI (206) esp_image: segment 3: paddr=00170020 vaddr=42000020 size=118c18h (1149976) map[0m
[0;32mI (418) esp_image: segment 4: paddr=00288c40 vaddr=40376080 size=16258h ( 90712) load[0m
[0;32mI (448) boot: Loaded app from partition at offset 0x120000[0m
[0;32mI (448) boot: Disabling RNG early entropy source...[0m
[0;32mI (460) cpu_start: Multicore app[0m
[0;32mI (460) octal_psram: vendor id    : 0x0d (AP)[0m
[0;32mI (461) octal_psram: dev id       : 0x02 (generation 3)[0m
[0;32mI (464) octal_psram: density      : 0x03 (64 Mbit)[0m
[0;32mI (469) octal_psram: good-die     : 0x01 (Pass)[0m
[0;32mI (474) octal_psram: Latency      : 0x01 (Fixed)[0m
[0;32mI (480) octal_psram: VCC          : 0x01 (3V)[0m
[0;32mI (485) octal_psram: SRF          : 0x01 (Fast Refresh)[0m
[0;32mI (490) octal_psram: BurstType    : 0x01 (Hybrid Wrap)[0m
[0;32mI (496) octal_psram: BurstLen     : 0x01 (32 Byte)[0m
[0;32mI (502) octal_psram: Readlatency  : 0x02 (10 cycles@Fixed)[0m
[0;32mI (508) octal_psram: DriveStrength: 0x00 (1/1)[0m
[0;32mI (514) MSPI Timing: PSRAM timing tuning index: 5[0m
[0;32mI (518) esp_psram: Found 8MB PSRAM device[0m
[0;32mI (523) esp_psram: Speed: 80MHz[0m
[0;32mI (940) esp_psram: SPI SRAM memory test OK[0m
[0;32mI (949) cpu_start: Pro cpu start user code[0m
[0;32mI (949) cpu_start: cpu freq: 160000000 Hz[0m
[0;32mI (949) cpu_start: Application information:[0m
[0;32mI (952) cpu_start: Project name:     light[0m
[0;32mI (957) cpu_start: App version:      1.0[0m
[0;32mI (961) cpu_start: Compile time:     Mar  9 2026 19:33:06[0m
[0;32mI (968) cpu_start: ELF file SHA256:  0d00e8afa...[0m
[0;32mI (973) cpu_start: ESP-IDF:          v5.2.1-dirty[0m
[0;32mI (978) cpu_start: Min chip rev:     v0.0[0m
[0;32mI (983) cpu_start: Max chip rev:     v0.99 [0m
[0;32mI (988) cpu_start: Chip rev:         v0.2[0m
[0;32mI (993) heap_init: Initializing. RAM available for dynamic allocation:[0m
[0;32mI (1000) heap_init: At 3FCB58D8 len 00033E38 (207 KiB): RAM[0m
[0;32mI (1006) heap_init: At 3FCE9710 len 00005724 (21 KiB): RAM[0m
[0;32mI (1012) heap_init: At 3FCF0000 len 00008000 (32 KiB): DRAM[0m
[0;32mI (1018) heap_init: At 600FE010 len 00001FD8 (7 KiB): RTCRAM[0m
[0;32mI (1025) esp_psram: Adding pool of 8192K of PSRAM memory to heap allocator[0m
[0;32mI (1033) spi_flash: detected chip: generic[0m
[0;32mI (1037) spi_flash: flash io: dio[0m
[0;33mW (1041) rmt(legacy): legacy driver is deprecated, please migrate to `driver/rmt_tx.h` and/or `driver/rmt_rx.h`[0m
[0;32mI (1053) sleep: Configure to isolate all GPIO pins in sleep state[0m
[0;32mI (1059) sleep: Enable automatic switching of GPIO sleep configuration[0m
[0;32mI (1066) coexist: coex firmware version: 77cd7f8[0m
[0;32mI (1071) coexist: coexist rom version e7ae62f[0m
[0;32mI (1077) main_task: Started on CPU0[0m
[0;32mI (1087) esp_psram: Reserving pool of 32K of internal memory for DMA/internal allocations[0m
[0;32mI (1087) main_task: Calling app_main()[0m
[0;32mI (1457) led_driver_ws2812: Initializing light driver[0m
[0;32mI (1457) led_driver_ws2812: led set r:0, g:0, b:0[0m
[0;32mI (1457) led_driver_ws2812: led set r:0, g:0, b:0[0m

***ERROR*** A stack overflow in task status_led has been detected.


Backtrace: 0x40375c8e:0x3fcc4440 0x40380f95:0x3fcc4460 0x40381d36:0x3fcc4480 0x4038325a:0x3fcc4500 0x40381e6c:0x3fcc4530 0x40381e62:0xa5a5a5a5 |<-CORRUPTED




ELF file SHA256: 0d00e8afa

Rebooting...
ESP-ROM:esp32s3-20210327
Build:Mar 27 2021
rst:0xc (RTC_SW_CPU_RST),boot:0x8 (SPI_FAST_FLASH_BOOT)
Saved PC:0x40375c10
SPIWP:0xee
mode:DIO, clock div:1
load:0x3fce3810,len:0x178c
load:0x403c9700,len:0x4
load:0x403c9704,len:0xcbc
load:0x403cc700,len:0x2da0
entry 0x403c9914
[0;32mI (31) boot: ESP-IDF v5.2.1-dirty 2nd stage bootloader[0m
[0;32mI (31) boot: compile time Mar  5 2026 16:45:52[0m
[0;32mI (31) boot: Multicore bootloader[0m
[0;32mI (35) boot: chip revision: v0.2[0m
[0;32mI (39) boot.esp32s3: Boot SPI Speed : 80MHz[0m
[0;32mI (43) boot.esp32s3: SPI Mode       : DIO[0m
[0;32mI (48) boot.esp32s3: SPI Flash Size : 16MB[0m
[0;32mI (53) boot: Enabling RNG early entropy source...[0m
[0;32mI (58) boot: Partition Table:[0m
[0;32mI (62) boot: ## Label            Usage          Type ST Offset   Length[0m
[0;32mI (69) boot:  0 esp_secure_cert  unknown          3f 06 0000d000 00002000[0m
[0;32mI (77) boot:  1 nvs              WiFi data        01 02 00010000 00100000[0m
[0;32mI (84) boot:  2 nvs_keys         NVS keys         01 04 00110000 00001000[0m
[0;32mI (92) boot:  3 otadata          OTA data         01 00 00111000 00002000[0m
[0;32mI (99) boot:  4 phy_init         RF data          01 01 00113000 00001000[0m
[0;32mI (107) boot:  5 ota_0            OTA app          00 10 00120000 00500000[0m
[0;32mI (114) boot:  6 ota_1            OTA app          00 11 00620000 00500000[0m
[0;32mI (122) boot:  7 storage          Unknown data     01 82 00b20000 004d0000[0m
[0;32mI (129) boot:  8 fctry            WiFi data        01 02 00ff0000 00010000[0m
[0;32mI (137) boot: End of partition table[0m
[0;32mI (141) esp_image: segment 0: paddr=00120020 vaddr=3c120020 size=46d74h (290164) map[0m
[0;32mI (202) esp_image: segment 1: paddr=00166d9c vaddr=3fc9c300 size=071f4h ( 29172) load[0m
[0;32mI (208) esp_image: segment 2: paddr=0016df98 vaddr=40374000 size=02080h (  8320) load[0m
[0;32mI (210) esp_image: segment 3: paddr=00170020 vaddr=42000020 size=118c18h (1149976) map[0m
[0;32mI (422) esp_image: segment 4: paddr=00288c40 vaddr=40376080 size=16258h ( 90712) load[0m
[0;32mI (453) boot: Loaded app from partition at offset 0x120000[0m
[0;32mI (453) boot: Disabling RNG early entropy source...[0m
[0;32mI (464) cpu_start: Multicore app[0m
[0;32mI (465) octal_psram: vendor id    : 0x0d (AP)[0m
[0;32mI (465) octal_psram: dev id       : 0x02 (generation 3)[0m
[0;32mI (468) octal_psram: density      : 0x03 (64 Mbit)[0m
[0;32mI (473) octal_psram: good-die     : 0x01 (Pass)[0m
[0;32mI (479) octal_psram: Latency      : 0x01 (Fixed)[0m
[0;32mI (484) octal_psram: VCC          : 0x01 (3V)[0m
[0;32mI (489) octal_psram: SRF          : 0x01 (Fast Refresh)[0m
[0;32mI (495) octal_psram: BurstType    : 0x01 (Hybrid Wrap)[0m
[0;32mI (501) octal_psram: BurstLen     : 0x01 (32 Byte)[0m
[0;32mI (506) octal_psram: Readlatency  : 0x02 (10 cycles@Fixed)[0m
[0;32mI (512) octal_psram: DriveStrength: 0x00 (1/1)[0m
[0;32mI (518) MSPI Timing: PSRAM timing tuning index: 5[0m
[0;32mI (523) esp_psram: Found 8MB PSRAM device[0m
[0;32mI (527) esp_psram: Speed: 80MHz[0m
[0;32mI (945) esp_psram: SPI SRAM memory test OK[0m
[0;32mI (953) cpu_start: Pro cpu start user code[0m
[0;32mI (953) cpu_start: cpu freq: 160000000 Hz[0m
[0;32mI (954) cpu_start: Application information:[0m
[0;32mI (956) cpu_start: Project name:     light[0m
[0;32mI (961) cpu_start: App version:      1.0[0m
[0;32mI (966) cpu_start: Compile time:     Mar  9 2026 19:33:06[0m
[0;32mI (972) cpu_start: ELF file SHA256:  0d00e8afa...[0m
[0;32mI (977) cpu_start: ESP-IDF:          v5.2.1-dirty[0m
[0;32mI (983) cpu_start: Min chip rev:     v0.0[0m
[0;32mI (987) cpu_start: Max chip rev:     v0.99 [0m
[0;32mI (992) cpu_start: Chip rev:         v0.2[0m
[0;32mI (997) heap_init: Initializing. RAM available for dynamic allocation:[0m
[0;32mI (1004) heap_init: At 3FCB58D8 len 00033E38 (207 KiB): RAM[0m
[0;32mI (1010) heap_init: At 3FCE9710 len 00005724 (21 KiB): RAM[0m
[0;32mI (1017) heap_init: At 3FCF0000 len 00008000 (32 KiB): DRAM[0m
[0;32mI (1023) heap_init: At 600FE010 len 00001FD8 (7 KiB): RTCRAM[0m
[0;32mI (1029) esp_psram: Adding pool of 8192K of PSRAM memory to heap allocator[0m
[0;32mI (1038) spi_flash: detected chip: generic[0m
[0;32mI (1041) spi_flash: flash io: dio[0m
[0;33mW (1046) rmt(legacy): legacy driver is deprecated, please migrate to `driver/rmt_tx.h` and/or `driver/rmt_rx.h`[0m
[0;32mI (1057) sleep: Configure to isolate all GPIO pins in sleep state[0m
[0;32mI (1063) sleep: Enable automatic switching of GPIO sleep configuration[0m
[0;32mI (1070) coexist: coex firmware version: 77cd7f8[0m
[0;32mI (1076) coexist: coexist rom version e7ae62f[0m
[0;32mI (1081) main_task: Started on CPU0[0m
[0;32mI (1091) esp_psram: Reserving pool of 32K of internal memory for DMA/internal allocations[0m
[0;32mI (1091) main_task: Calling app_main()[0m
[0;32mI (1461) led_driver_ws2812: Initializing light driver[0m
[0;32mI (1461) led_driver_ws2812: led set r:0, g:0, b:0[0m
[0;32mI (1461) led_driver_ws2812: led set r:0, g:0, b:0[0m

***ERROR*** A stack overflow in task status_led has been detected.


Backtrace: 0x40375c8e:0x3fcc4440 0x40380f95:0x3fcc4460 0x40381d36:0x3fcc4480 0x4038325a:0x3fcc4500 0x40381e6c:0x3fcc4530 0x40381e62:0xa5a5a5a5 |<-CORRUPTED




ELF file SHA256: 0d00e8afa

Rebooting...
ESP-ROM:esp32s3-20210327
Build:Mar 27 2021
rst:0xc (RTC_SW_CPU_RST),boot:0x8 (SPI_FAST_FLASH_BOOT)
Saved PC:0x40375c10
SPIWP:0xee
mode:DIO, clock div:1
load:0x3fce3810,len:0x178c
load:0x403c9700,len:0x4
load:0x403c9704,len:0xcbc
load:0x403cc700,len:0x2da0
entry 0x403c9914
[0;32mI (31) boot: ESP-IDF v5.2.1-dirty 2nd stage bootloader[0m
[0;32mI (31) boot: compile time Mar  5 2026 16:45:52[0m
[0;32mI (31) boot: Multicore bootloader[0m
[0;32mI (35) boot: chip revision: v0.2[0m
[0;32mI (39) boot.esp32s3: Boot SPI Speed : 80MHz[0m
[0;32mI (43) boot.esp32s3: SPI Mode       : DIO[0m
[0;32mI (48) boot.esp32s3: SPI Flash Size : 16MB[0m
[0;32mI (53) boot: Enabling RNG early entropy source...[0m
[0;32mI (58) boot: Partition Table:[0m
[0;32mI (62) boot: ## Label            Usage          Type ST Offset   Length[0m
[0;32mI (69) boot:  0 esp_secure_cert  unknown          3f 06 0000d000 00002000[0m
[0;32mI (77) boot:  1 nvs              WiFi data        01 02 00010000 00100000[0m
[0;32mI (84) boot:  2 nvs_keys         NVS keys         01 04 00110000 00001000[0m
[0;32mI (92) boot:  3 otadata          OTA data         01 00 00111000 00002000[0m
[0;32mI (99) boot:  4 phy_init         RF data          01 01 00113000 00001000[0m
[0;32mI (107) boot:  5 ota_0            OTA app          00 10 00120000 00500000[0m
[0;32mI (114) boot:  6 ota_1            OTA app          00 11 00620000 00500000[0m
[0;32mI (122) boot:  7 storage          Unknown data     01 82 00b20000 004d0000[0m
[0;32mI (129) boot:  8 fctry            WiFi data        01 02 00ff0000 00010000[0m
[0;32mI (137) boot: End of partition table[0m
[0;32mI (141) esp_image: segment 0: paddr=00120020 vaddr=3c120020 size=46d74h (290164) map[0m
[0;32mI (202) esp_image: segment 1: paddr=00166d9c vaddr=3fc9c300 size=071f4h ( 29172) load[0m
[0;32mI (208) esp_image: segment 2: paddr=0016df98 vaddr=40374000 size=02080h (  8320) load[0m
[0;32mI (210) esp_image: segment 3: paddr=00170020 vaddr=42000020 size=118c18h (1149976) map[0m
[0;32mI (422) esp_image: segment 4: paddr=00288c40 vaddr=40376080 size=16258h ( 90712) load[0m
[0;32mI (453) boot: Loaded app from partition at offset 0x120000[0m
[0;32mI (453) boot: Disabling RNG early entropy source...[0m
[0;32mI (464) cpu_start: Multicore app[0m
[0;32mI (465) octal_psram: vendor id    : 0x0d (AP)[0m
[0;32mI (465) octal_psram: dev id       : 0x02 (generation 3)[0m
[0;32mI (468) octal_psram: density      : 0x03 (64 Mbit)[0m
[0;32mI (473) octal_psram: good-die     : 0x01 (Pass)[0m
[0;32mI (479) octal_psram: Latency      : 0x01 (Fixed)[0m
[0;32mI (484) octal_psram: VCC          : 0x01 (3V)[0m
[0;32mI (489) octal_psram: SRF          : 0x01 (Fast Refresh)[0m
[0;32mI (495) octal_psram: BurstType    : 0x01 (Hybrid Wrap)[0m
[0;32mI (501) octal_psram: BurstLen     : 0x01 (32 Byte)[0m
[0;32mI (506) octal_psram: Readlatency  : 0x02 (10 cycles@Fixed)[0m
[0;32mI (512) octal_psram: DriveStrength: 0x00 (1/1)[0m
[0;32mI (518) MSPI Timing: PSRAM timing tuning index: 5[0m
[0;32mI (523) esp_psram: Found 8MB PSRAM device[0m
[0;32mI (527) esp_psram: Speed: 80MHz[0m
[0;32mI (945) esp_psram: SPI SRAM memory test OK[0m
[0;32mI (953) cpu_start: Pro cpu start user code[0m
[0;32mI (953) cpu_start: cpu freq: 160000000 Hz[0m
[0;32mI (954) cpu_start: Application information:[0m
[0;32mI (956) cpu_start: Project name:     light[0m
[0;32mI (961) cpu_start: App version:      1.0[0m
[0;32mI (966) cpu_start: Compile time:     Mar  9 2026 19:33:06[0m
[0;32mI (972) cpu_start: ELF file SHA256:  0d00e8afa...[0m
[0;32mI (977) cpu_start: ESP-IDF:          v5.2.1-dirty[0m
[0;32mI (983) cpu_start: Min chip rev:     v0.0[0m
[0;32mI (987) cpu_start: Max chip rev:     v0.99 [0m
[0;32mI (992) cpu_start: Chip rev:         v0.2[0m
[0;32mI (997) heap_init: Initializing. RAM available for dynamic allocation:[0m
[0;32mI (1004) heap_init: At 3FCB58D8 len 00033E38 (207 KiB): RAM[0m
[0;32mI (1010) heap_init: At 3FCE9710 len 00005724 (21 KiB): RAM[0m
[0;32mI (1017) heap_init: At 3FCF0000 len 00008000 (32 KiB): DRAM[0m
[0;32mI (1023) heap_init: At 600FE010 len 00001FD8 (7 KiB): RTCRAM[0m
[0;32mI (1029) esp_psram: Adding pool of 8192K of PSRAM memory to heap allocator[0m
[0;32mI (1038) spi_flash: detected chip: generic[0m
[0;32mI (1041) spi_flash: flash io: dio[0m
[0;33mW (1046) rmt(legacy): legacy driver is deprecated, please migrate to `driver/rmt_tx.h` and/or `driver/rmt_rx.h`[0m
[0;32mI (1057) sleep: Configure to isolate all GPIO pins in sleep state[0m
[0;32mI (1063) sleep: Enable automatic switching of GPIO sleep configuration[0m
[0;32mI (1070) coexist: coex firmware version: 77cd7f8[0m
[0;32mI (1076) coexist: coexist rom version e7ae62f[0m
[0;32mI (1081) main_task: Started on CPU0[0m
[0;32mI (1091) esp_psram: Reserving pool of 32K of internal memory for DMA/internal allocations[0m
[0;32mI (1091) main_task: Calling app_main()[0m
[0;32mI (1461) led_driver_ws2812: Initializing light driver[0m
[0;32mI (1461) led_driver_ws2812: led set r:0, g:0, b:0[0m
[0;32mI (1461) led_driver_ws2812: led set r:0, g:0, b:0[0m

***ERROR*** A stack overflow in task status_led has been detected.


Backtrace: 0x40375c8e:0x3fcc4440 0x40380f95:0x3fcc4460 0x40381d36:0x3fcc4480 0x4038325a:0x3fcc4500 0x40381e6c:0x3fcc4530 0x40381e62:0xa5a5a5a5 |<-CORRUPTED




ELF file SHA256: 0d00e8afa

Rebooting...
ESP-ROM:esp32s3-20210327
Build:Mar 27 2021
rst:0xc (RTC_SW_CPU_RST),boot:0x8 (SPI_FAST_FLASH_BOOT)
Saved PC:0x40375c10
SPIWP:0xee
mode:DIO, clock div:1
load:0x3fce3810,len:0x178c
load:0x403c9700,len:0x4
load:0x403c9704,len:0xcbc
load:0x403cc700,len:0x2da0
entry 0x403c9914
[0;32mI (31) boot: ESP-IDF v5.2.1-dirty 2nd stage bootloader[0m
[0;32mI (31) boot: compile time Mar  5 2026 16:45:52[0m
[0;32mI (31) boot: Multicore bootloader[0m
[0;32mI (35) boot: chip revision: v0.2[0m
[0;32mI (39) boot.esp32s3: Boot SPI Speed : 80MHz[0m
[0;32mI (43) boot.esp32s3: SPI Mode       : DIO[0m
[0;32mI (48) boot.esp32s3: SPI Flash Size : 16MB[0m
[0;32mI (53) boot: Enabling RNG early entropy source...[0m
[0;32mI (58) boot: Partition Table:[0m
[0;32mI (62) boot: ## Label            Usage          Type ST Offset   Length[0m
[0;32mI (69) boot:  0 esp_secure_cert  unknown          3f 06 0000d000 00002000[0m
[0;32mI (77) boot:  1 nvs              WiFi data        01 02 00010000 00100000[0m
[0;32mI (84) boot:  2 nvs_keys         NVS keys         01 04 00110000 00001000[0m
[0;32mI (92) boot:  3 otadata          OTA data         01 00 00111000 00002000[0m
[0;32mI (99) boot:  4 phy_init         RF data          01 01 00113000 00001000[0m
[0;32mI (107) boot:  5 ota_0            OTA app          00 10 00120000 00500000[0m
[0;32mI (114) boot:  6 ota_1            OTA app          00 11 00620000 00500000[0m
[0;32mI (122) boot:  7 storage          Unknown data     01 82 00b20000 004d0000[0m
[0;32mI (129) boot:  8 fctry            WiFi data        01 02 00ff0000 00010000[0m
[0;32mI (137) boot: End of partition table[0m
[0;32mI (141) esp_image: segment 0: paddr=00120020 vaddr=3c120020 size=46d74h (290164) map[0m
[0;32mI (202) esp_image: segment 1: paddr=00166d9c vaddr=3fc9c300 size=071f4h ( 29172) load[0m
[0;32mI (208) esp_image: segment 2: paddr=0016df98 vaddr=40374000 size=02080h (  8320) load[0m
[0;32mI (210) esp_image: segment 3: paddr=00170020 vaddr=42000020 size=118c18h (1149976) map[0m
[0;32mI (422) esp_image: segment 4: paddr=00288c40 vaddr=40376080 size=16258h ( 90712) load[0m
[0;32mI (453) boot: Loaded app from partition at offset 0x120000[0m
[0;32mI (453) boot: Disabling RNG early entropy source...[0m
[0;32mI (464) cpu_start: Multicore app[0m
[0;32mI (465) octal_psram: vendor id    : 0x0d (AP)[0m
[0;32mI (465) octal_psram: dev id       : 0x02 (generation 3)[0m
[0;32mI (468) octal_psram: density      : 0x03 (64 Mbit)[0m
[0;32mI (473) octal_psram: good-die     : 0x01 (Pass)[0m
[0;32mI (479) octal_psram: Latency      : 0x01 (Fixed)[0m
[0;32mI (484) octal_psram: VCC          : 0x01 (3V)[0m
[0;32mI (489) octal_psram: SRF          : 0x01 (Fast Refresh)[0m
[0;32mI (495) octal_psram: BurstType    : 0x01 (Hybrid Wrap)[0m
[0;32mI (501) octal_psram: BurstLen     : 0x01 (32 Byte)[0m
[0;32mI (506) octal_psram: Readlatency  : 0x02 (10 cycles@Fixed)[0m
[0;32mI (512) octal_psram: DriveStrength: 0x00 (1/1)[0m
[0;32mI (518) MSPI Timing: PSRAM timing tuning index: 5[0m
[0;32mI (523) esp_psram: Found 8MB PSRAM device[0m
[0;32mI (527) esp_psram: Speed: 80MHz[0m
[0;32mI (945) esp_psram: SPI SRAM memory test OK[0m
[0;32mI (953) cpu_start: Pro cpu start user code[0m
[0;32mI (953) cpu_start: cpu freq: 160000000 Hz[0m
[0;32mI (954) cpu_start: Application information:[0m
[0;32mI (956) cpu_start: Project name:     light[0m
[0;32mI (961) cpu_start: App version:      1.0[0m
[0;32mI (966) cpu_start: Compile time:     Mar  9 2026 19:33:06[0m
[0;32mI (972) cpu_start: ELF file SHA256:  0d00e8afa...[0m
[0;32mI (977) cpu_start: ESP-IDF:          v5.2.1-dirty[0m
[0;32mI (983) cpu_start: Min chip rev:     v0.0[0m
[0;32mI (987) cpu_start: Max chip rev:     v0.99 [0m
[0;32mI (992) cpu_start: Chip rev:         v0.2[0m
[0;32mI (997) heap_init: Initializing. RAM available for dynamic allocation:[0m
[0;32mI (1004) heap_init: At 3FCB58D8 len 00033E38 (207 KiB): RAM[0m
[0;32mI (1010) heap_init: At 3FCE9710 len 00005724 (21 KiB): RAM[0m
[0;32mI (1017) heap_init: At 3FCF0000 len 00008000 (32 KiB): DRAM[0m
[0;32mI (1023) heap_init: At 600FE010 len 00001FD8 (7 KiB): RTCRAM[0m
[0;32mI (1029) esp_psram: Adding pool of 8192K of PSRAM memory to heap allocator[0m
[0;32mI (1038) spi_flash: detected chip: generic[0m
[0;32mI (1041) spi_flash: flash io: dio[0m
[0;33mW (1046) rmt(legacy): legacy driver is deprecated, please migrate to `driver/rmt_tx.h` and/or `driver/rmt_rx.h`[0m
[0;32mI (1057) sleep: Configure to isolate all GPIO pins in sleep state[0m
[0;32mI (1063) sleep: Enable automatic switching of GPIO sleep configuration[0m
[0;32mI (1070) coexist: coex firmware version: 77cd7f8[0m
[0;32mI (1076) coexist: coexist rom version e7ae62f[0m
[0;32mI (1081) main_task: Started on CPU0[0m
[0;32mI (1091) esp_psram: Reserving pool of 32K of internal memory for DMA/internal allocations[0m
[0;32mI (1091) main_task: Calling app_main()[0m
[0;32mI (1461) led_driver_ws2812: Initializing light driver[0m
[0;32mI (1461) led_driver_ws2812: led set r:0, g:0, b:0[0m
[0;32mI (1461) led_driver_ws2812: led set r:0, g:0, b:0[0m

***ERROR*** A stack overflow in task status_led has been detected.


Backtrace: 0x40375c8e:0x3fcc4440 0x40380f95:0x3fcc4460 0x40381d36:0x3fcc4480 0x4038325a:0x3fcc4500 0x40381e6c:0x3fcc4530 0x40381e62:0xa5a5a5a5 |<-CORRUPTED




ELF file SHA256: 0d00e8afa

Rebooting...
ESP-ROM:esp32s3-20210327
Build:Mar 27 2021
rst:0xc (RTC_SW_CPU_RST),boot:0x8 (SPI_FAST_FLASH_BOOT)
Saved PC:0x40375c10
SPIWP:0xee
mode:DIO, clock div:1
load:0x3fce3810,len:0x178c
load:0x403c9700,len:0x4
load:0x403c9704,len:0xcbc
load:0x403cc700,len:0x2da0
entry 0x403c9914
[0;32mI (31) boot: ESP-IDF v5.2.1-dirty 2nd stage bootloader[0m
[0;32mI (31) boot: compile time Mar  5 2026 16:45:52[0m
[0;32mI (31) boot: Multicore bootloader[0m
[0;32mI (35) boot: chip revision: v0.2[0m
[0;32mI (39) boot.esp32s3: Boot SPI Speed : 80MHz[0m
[0;32mI (43) boot.esp32s3: SPI Mode       : DIO[0m
[0;32mI (48) boot.esp32s3: SPI Flash Size : 16MB[0m
[0;32mI (53) boot: Enabling RNG early entropy source...[0m
[0;32mI (58) boot: Partition Table:[0m
[0;32mI (62) boot: ## Label            Usage          Type ST Offset   Length[0m
[0;32mI (69) boot:  0 esp_secure_cert  unknown          3f 06 0000d000 00002000[0m
[0;32mI (77) boot:  1 nvs              WiFi data        01 02 00010000 00100000[0m
[0;32mI (84) boot:  2 nvs_keys         NVS keys         01 04 00110000 00001000[0m
[0;32mI (92) boot:  3 otadata          OTA data         01 00 00111000 00002000[0m
[0;32mI (99) boot:  4 phy_init         RF data          01 01 00113000 00001000[0m
[0;32mI (107) boot:  5 ota_0            OTA app          00 10 00120000 00500000[0m
[0;32mI (114) boot:  6 ota_1            OTA app          00 11 00620000 00500000[0m
[0;32mI (122) boot:  7 storage          Unknown data     01 82 00b20000 004d0000[0m
[0;32mI (129) boot:  8 fctry            WiFi data        01 02 00ff0000 00010000[0m
[0;32mI (137) boot: End of partition table[0m
[0;32mI (141) esp_image: segment 0: paddr=00120020 vaddr=3c120020 size=46d74h (290164) map[0m
[0;32mI (202) esp_image: segment 1: paddr=00166d9c vaddr=3fc9c300 size=071f4h ( 29172) load[0m
[0;32mI (208) esp_image: segment 2: paddr=0016df98 vaddr=40374000 size=02080h (  8320) load[0m
[0;32mI (210) esp_image: segment 3: paddr=00170020 vaddr=42000020 size=118c18h (1149976) map[0m
[0;32mI (422) esp_image: segment 4: paddr=00288c40 vaddr=40376080 size=16258h ( 90712) load[0m
[0;32mI (453) boot: Loaded app from partition at offset 0x120000[0m
[0;32mI (453) boot: Disabling RNG early entropy source...[0m
[0;32mI (464) cpu_start: Multicore app[0m
[0;32mI (465) octal_psram: vendor id    : 0x0d (AP)[0m
[0;32mI (465) octal_psram: dev id       : 0x02 (generation 3)[0m
[0;32mI (468) octal_psram: density      : 0x03 (64 Mbit)[0m
[0;32mI (473) octal_psram: good-die     : 0x01 (Pass)[0m
[0;32mI (479) octal_psram: Latency      : 0x01 (Fixed)[0m
[0;32mI (484) octal_psram: VCC          : 0x01 (3V)[0m
[0;32mI (489) octal_psram: SRF          : 0x01 (Fast Refresh)[0m
[0;32mI (495) octal_psram: BurstType    : 0x01 (Hybrid Wrap)[0m
[0;32mI (501) octal_psram: BurstLen     : 0x01 (32 Byte)[0m
[0;32mI (506) octal_psram: Readlatency  : 0x02 (10 cycles@Fixed)[0m
[0;32mI (512) octal_psram: DriveStrength: 0x00 (1/1)[0m
[0;32mI (518) MSPI Timing: PSRAM timing tuning index: 5[0m
[0;32mI (523) esp_psram: Found 8MB PSRAM device[0m
[0;32mI (527) esp_psram: Speed: 80MHz[0m
[0;32mI (945) esp_psram: SPI SRAM memory test OK[0m
[0;32mI (953) cpu_start: Pro cpu start user code[0m
[0;32mI (953) cpu_start: cpu freq: 160000000 Hz[0m
[0;32mI (954) cpu_start: Application information:[0m
[0;32mI (956) cpu_start: Project name:     light[0m
[0;32mI (961) cpu_start: App version:      1.0[0m
[0;32mI (966) cpu_start: Compile time:     Mar  9 2026 19:33:06[0m
[0;32mI (972) cpu_start: ELF file SHA256:  0d00e8afa...[0m
[0;32mI (977) cpu_start: ESP-IDF:          v5.2.1-dirty[0m
[0;32mI (983) cpu_start: Min chip rev:     v0.0[0m
[0;32mI (987) cpu_start: Max chip rev:     v0.99 [0m
[0;32mI (992) cpu_start: Chip rev:         v0.2[0m
[0;32mI (997) heap_init: Initializing. RAM available for dynamic allocation:[0m
[0;32mI (1004) heap_init: At 3FCB58D8 len 00033E38 (207 KiB): RAM[0m
[0;32mI (1010) heap_init: At 3FCE9710 len 00005724 (21 KiB): RAM[0m
[0;32mI (1017) heap_init: At 3FCF0000 len 00008000 (32 KiB): DRAM[0m
[0;32mI (1023) heap_init: At 600FE010 len 00001FD8 (7 KiB): RTCRAM[0m
[0;32mI (1029) esp_psram: Adding pool of 8192K of PSRAM memory to heap allocator[0m
[0;32mI (1038) spi_flash: detected chip: generic[0m
[0;32mI (1041) spi_flash: flash io: dio[0m
[0;33mW (1046) rmt(legacy): legacy driver is deprecated, please migrate to `driver/rmt_tx.h` and/or `driver/rmt_rx.h`[0m
[0;32mI (1057) sleep: Configure to isolate all GPIO pins in sleep state[0m
[0;32mI (1063) sleep: Enable automatic switching of GPIO sleep configuration[0m
[0;32mI (1070) coexist: coex firmware version: 77cd7f8[0m
[0;32mI (1076) coexist: coexist rom version e7ae62f[0m
[0;32mI (1081) main_task: Started on CPU0[0m
[0;32mI (1091) esp_psram: Reserving pool of 32K of internal memory for DMA/internal allocations[0m
[0;32mI (1091) main_task: Calling app_main()[0m
[0;32mI (1461) led_driver_ws2812: Initializing light driver[0m
[0;32mI (1461) led_driver_ws2812: led set r:0, g:0, b:0[0m
[0;32mI (1461) led_driver_ws2812: led set r:0, g:0, b:0[0m

***ERROR*** A stack overflow in task status_led has been detected.


Backtrace: 0x40375c8e:0x3fcc4440 0x40380f95:0x3fcc4460 0x40381d36:0x3fcc4480 0x4038325a:0x3fcc4500 0x40381e6c:0x3fcc4530 0x40381e62:0xa5a5a5a5 |<-CORRUPTED




ELF file SHA256: 0d00e8afa

Rebooting...
ESP-ROM:esp32s3-20210327
Build:Mar 27 2021
rst:0xc (RTC_SW_CPU_RST),boot:0x8 (SPI_FAST_FLASH_BOOT)
Saved PC:0x40375c10
SPIWP:0xee
mode:DIO, clock div:1
load:0x3fce3810,len:0x178c
load:0x403c9700,len:0x4
load:0x403c9704,len:0xcbc
load:0x403cc700,len:0x2da0
entry 0x403c9914
[0;32mI (31) boot: ESP-IDF v5.2.1-dirty 2nd stage bootloader[0m
[0;32mI (31) boot: compile time Mar  5 2026 16:45:52[0m
[0;32mI (31) boot: Multicore bootloader[0m
[0;32mI (35) boot: chip revision: v0.2[0m
[0;32mI (39) boot.esp32s3: Boot SPI Speed : 80MHz[0m
[0;32mI (43) boot.esp32s3: SPI Mode       : DIO[0m
[0;32mI (48) boot.esp32s3: SPI Flash Size : 16MB[0m
[0;32mI (53) boot: Enabling RNG early entropy source...[0m
[0;32mI (58) boot: Partition Table:[0m
[0;32mI (62) boot: ## Label            Usage          Type ST Offset   Length[0m
[0;32mI (69) boot:  0 esp_secure_cert  unknown          3f 06 0000d000 00002000[0m
[0;32mI (77) boot:  1 nvs              WiFi data        01 02 00010000 00100000[0m
[0;32mI (84) boot:  2 nvs_keys         NVS keys         01 04 00110000 00001000[0m
[0;32mI (92) boot:  3 otadata          OTA data         01 00 00111000 00002000[0m
[0;32mI (99) boot:  4 phy_init         RF data          01 01 00113000 00001000[0m
[0;32mI (107) boot:  5 ota_0            OTA app          00 10 00120000 00500000[0m
[0;32mI (114) boot:  6 ota_1            OTA app          00 11 00620000 00500000[0m
[0;32mI (122) boot:  7 storage          Unknown data     01 82 00b20000 004d0000[0m
[0;32mI (129) boot:  8 fctry            WiFi data        01 02 00ff0000 00010000[0m
[0;32mI (137) boot: End of partition table[0m
[0;32mI (141) esp_image: segment 0: paddr=00120020 vaddr=3c120020 size=46d74h (290164) map[0m
[0;32mI (202) esp_image: segment 1: paddr=00166d9c vaddr=3fc9c300 size=071f4h ( 29172) load[0m
[0;32mI (208) esp_image: segment 2: paddr=0016df98 vaddr=40374000 size=02080h (  8320) load[0m
[0;32mI (210) esp_image: segment 3: paddr=00170020 vaddr=42000020 size=118c18h (1149976) map[0m
[0;32mI (422) esp_image: segment 4: paddr=00288c40 vaddr=40376080 size=16258h ( 90712) load[0m
[0;32mI (453) boot: Loaded app from partition at offset 0x120000[0m
[0;32mI (453) boot: Disabling RNG early entropy source...[0m
[0;32mI (464) cpu_start: Multicore app[0m
[0;32mI (465) octal_psram: vendor id    : 0x0d (AP)[0m
[0;32mI (465) octal_psram: dev id       : 0x02 (generation 3)[0m
[0;32mI (468) octal_psram: density      : 0x03 (64 Mbit)[0m
[0;32mI (473) octal_psram: good-die     : 0x01 (Pass)[0m
[0;32mI (479) octal_psram: Latency      : 0x01 (Fixed)[0m
[0;32mI (484) octal_psram: VCC          : 0x01 (3V)[0m
[0;32mI (489) octal_psram: SRF          : 0x01 (Fast Refresh)[0m
[0;32mI (495) octal_psram: BurstType    : 0x01 (Hybrid Wrap)[0m
[0;32mI (501) octal_psram: BurstLen     : 0x01 (32 Byte)[0m
[0;32mI (506) octal_psram: Readlatency  : 0x02 (10 cycles@Fixed)[0m
[0;32mI (512) octal_psram: DriveStrength: 0x00 (1/1)[0m
[0;32mI (518) MSPI Timing: PSRAM timing tuning index: 5[0m
[0;32mI (523) esp_psram: Found 8MB PSRAM device[0m
[0;32mI (527) esp_psram: Speed: 80MHz[0m
[0;32mI (945) esp_psram: SPI SRAM memory test OK[0m
[0;32mI (953) cpu_start: Pro cpu start user code[0m
[0;32mI (953) cpu_start: cpu freq: 160000000 Hz[0m
[0;32mI (954) cpu_start: Application information:[0m
[0;32mI (956) cpu_start: Project name:     light[0m
[0;32mI (961) cpu_start: App version:      1.0[0m
[0;32mI (966) cpu_start: Compile time:     Mar  9 2026 19:33:06[0m
[0;32mI (972) cpu_start: ELF file SHA256:  0d00e8afa...[0m
[0;32mI (977) cpu_start: ESP-IDF:          v5.2.1-dirty[0m
[0;32mI (983) cpu_start: Min chip rev:     v0.0[0m
[0;32mI (987) cpu_start: Max chip rev:     v0.99 [0m
[0;32mI (992) cpu_start: Chip rev:         v0.2[0m
[0;32mI (997) heap_init: Initializing. RAM available for dynamic allocation:[0m
[0;32mI (1004) heap_init: At 3FCB58D8 len 00033E38 (207 KiB): RAM[0m
[0;32mI (1010) heap_init: At 3FCE9710 len 00005724 (21 KiB): RAM[0m
[0;32mI (1017) heap_init: At 3FCF0000 len 00008000 (32 KiB): DRAM[0m
[0;32mI (1023) heap_init: At 600FE010 len 00001FD8 (7 KiB): RTCRAM[0m
[0;32mI (1029) esp_psram: Adding pool of 8192K of PSRAM memory to heap allocator[0m
[0;32mI (1038) spi_flash: detected chip: generic[0m
[0;32mI (1041) spi_flash: flash io: dio[0m
[0;33mW (1046) rmt(legacy): legacy driver is deprecated, please migrate to `driver/rmt_tx.h` and/or `driver/rmt_rx.h`[0m
[0;32mI (1057) sleep: Configure to isolate all GPIO pins in sleep state[0m
[0;32mI (1063) sleep: Enable automatic switching of GPIO sleep configuration[0m
[0;32mI (1070) coexist: coex firmware version: 77cd7f8[0m
[0;32mI (1076) coexist: coexist rom version e7ae62f[0m
[0;32mI (1081) main_task: Started on CPU0[0m
[0;32mI (1091) esp_psram: Reserving pool of 32K of internal memory for DMA/internal allocations[0m
[0;32mI (1091) main_task: Calling app_main()[0m
[0;32mI (1461) led_driver_ws2812: Initializing light driver[0m
[0;32mI (1461) led_driver_ws2812: led set r:0, g:0, b:0[0m
[0;32mI (1461) led_driver_ws2812: led set r:0, g:0, b:0[0m

***ERROR*** A stack overflow in task status_led has been detected.


Backtrace: 0x40375c8e:0x3fcc4440 0x40380f95:0x3fcc4460 0x40381d36:0x3fcc4480 0x4038325a:0x3fcc4500 0x40381e6c:0x3fcc4530 0x40381e62:0xa5a5a5a5 |<-CORRUPTED




ELF file SHA256: 0d00e8afa

Rebooting...
ESP-ROM:esp32s3-20210327
Build:Mar 27 2021
rst:0xc (RTC_SW_CPU_RST),boot:0x8 (SPI_FAST_FLASH_BOOT)
Saved PC:0x40375c10
SPIWP:0xee
mode:DIO, clock div:1
load:0x3fce3810,len:0x178c
load:0x403c9700,len:0x4
load:0x403c9704,len:0xcbc
load:0x403cc700,len:0x2da0
entry 0x403c9914
[0;32mI (31) boot: ESP-IDF v5.2.1-dirty 2nd stage bootloader[0m
[0;32mI (31) boot: compile time Mar  5 2026 16:45:52[0m
[0;32mI (31) boot: Multicore bootloader[0m
[0;32mI (35) boot: chip revision: v0.2[0m
[0;32mI (39) boot.esp32s3: Boot SPI Speed : 80MHz[0m
[0;32mI (43) boot.esp32s3: SPI Mode       : DIO[0m
[0;32mI (48) boot.esp32s3: SPI Flash Size : 16MB[0m
[0;32mI (53) boot: Enabling RNG early entropy source...[0m
[0;32mI (58) boot: Partition Table:[0m
[0;32mI (62) boot: ## Label            Usage          Type ST Offset   Length[0m
[0;32mI (69) boot:  0 esp_secure_cert  unknown          3f 06 0000d000 00002000[0m
[0;32mI (77) boot:  1 nvs              WiFi data        01 02 00010000 00100000[0m
[0;32mI (84) boot:  2 nvs_keys         NVS keys         01 04 00110000 00001000[0m
[0;32mI (92) boot:  3 otadata          OTA data         01 00 00111000 00002000[0m
[0;32mI (99) boot:  4 phy_init         RF data          01 01 00113000 00001000[0m
[0;32mI (107) boot:  5 ota_0            OTA app          00 10 00120000 00500000[0m
[0;32mI (114) boot:  6 ota_1            OTA app          00 11 00620000 00500000[0m
[0;32mI (122) boot:  7 storage          Unknown data     01 82 00b20000 004d0000[0m
[0;32mI (129) boot:  8 fctry            WiFi data        01 02 00ff0000 00010000[0m
[0;32mI (137) boot: End of partition table[0m
[0;32mI (141) esp_image: segment 0: paddr=00120020 vaddr=3c120020 size=46d74h (290164) map[0m
[0;32mI (202) esp_image: segment 1: paddr=00166d9c vaddr=3fc9c300 size=071f4h ( 29172) load[0m
[0;32mI (208) esp_image: segment 2: paddr=0016df98 vaddr=40374000 size=02080h (  8320) load[0m
[0;32mI (210) esp_image: segment 3: paddr=00170020 vaddr=42000020 size=118c18h (1149976) map[0m
[0;32mI (422) esp_image: segment 4: paddr=00288c40 vaddr=40376080 size=16258h ( 90712) load[0m
[0;32mI (453) boot: Loaded app from partition at offset 0x120000[0m
[0;32mI (453) boot: Disabling RNG early entropy source...[0m
[0;32mI (464) cpu_start: Multicore app[0m
[0;32mI (465) octal_psram: vendor id    : 0x0d (AP)[0m
[0;32mI (465) octal_psram: dev id       : 0x02 (generation 3)[0m
[0;32mI (468) octal_psram: density      : 0x03 (64 Mbit)[0m
[0;32mI (473) octal_psram: good-die     : 0x01 (Pass)[0m
[0;32mI (479) octal_psram: Latency      : 0x01 (Fixed)[0m
[0;32mI (484) octal_psram: VCC          : 0x01 (3V)[0m
[0;32mI (489) octal_psram: SRF          : 0x01 (Fast Refresh)[0m
[0;32mI (495) octal_psram: BurstType    : 0x01 (Hybrid Wrap)[0m
[0;32mI (501) octal_psram: BurstLen     : 0x01 (32 Byte)[0m
[0;32mI (506) octal_psram: Readlatency  : 0x02 (10 cycles@Fixed)[0m
[0;32mI (512) octal_psram: DriveStrength: 0x00 (1/1)[0m
[0;32mI (518) MSPI Timing: PSRAM timing tuning index: 5[0m
[0;32mI (523) esp_psram: Found 8MB PSRAM device[0m
[0;32mI (527) esp_psram: Speed: 80MHz[0m
[0;32mI (945) esp_psram: SPI SRAM memory test OK[0m
[0;32mI (953) cpu_start: Pro cpu start user code[0m
[0;32mI (953) cpu_start: cpu freq: 160000000 Hz[0m
[0;32mI (954) cpu_start: Application information:[0m
[0;32mI (956) cpu_start: Project name:     light[0m
[0;32mI (961) cpu_start: App version:      1.0[0m
[0;32mI (966) cpu_start: Compile time:     Mar  9 2026 19:33:06[0m
[0;32mI (972) cpu_start: ELF file SHA256:  0d00e8afa...[0m
[0;32mI (977) cpu_start: ESP-IDF:          v5.2.1-dirty[0m
[0;32mI (983) cpu_start: Min chip rev:     v0.0[0m
[0;32mI (987) cpu_start: Max chip rev:     v0.99 [0m
[0;32mI (992) cpu_start: Chip rev:         v0.2[0m
[0;32mI (997) heap_init: Initializing. RAM available for dynamic allocation:[0m
[0;32mI (1004) heap_init: At 3FCB58D8 len 00033E38 (207 KiB): RAM[0m
[0;32mI (1010) heap_init: At 3FCE9710 len 00005724 (21 KiB): RAM[0m
[0;32mI (1017) heap_init: At 3FCF0000 len 00008000 (32 KiB): DRAM[0m
[0;32mI (1023) heap_init: At 600FE010 len 00001FD8 (7 KiB): RTCRAM[0m
[0;32mI (1029) esp_psram: Adding pool of 8192K of PSRAM memory to heap allocator[0m
[0;32mI (1038) spi_flash: detected chip: generic[0m
[0;32mI (1041) spi_flash: flash io: dio[0m
[0;33mW (1046) rmt(legacy): legacy driver is deprecated, please migrate to `driver/rmt_tx.h` and/or `driver/rmt_rx.h`[0m
[0;32mI (1057) sleep: Configure to isolate all GPIO pins in sleep state[0m
[0;32mI (1063) sleep: Enable automatic switching of GPIO sleep configuration[0m
[0;32mI (1070) coexist: coex firmware version: 77cd7f8[0m
[0;32mI (1076) coexist: coexist rom version e7ae62f[0m
[0;32mI (1081) main_task: Started on CPU0[0m
[0;32mI (1091) esp_psram: Reserving pool of 32K of internal memory for DMA/internal allocations[0m
[0;32mI (1091) main_task: Calling app_main()[0m
[0;32mI (1461) led_driver_ws2812: Initializing light driver[0m
[0;32mI (1461) led_driver_ws2812: led set r:0, g:0, b:0[0m
[0;32mI (1461) led_driver_ws2812: led set r:0, g:0, b:0[0m

***ERROR*** A stack overflow in task status_led has been detected.


Backtrace: 0x40375c8e:0x3fcc4440 0x40380f95:0x3fcc4460 0x40381d36:0x3fcc4480 0x4038325a:0x3fcc4500 0x40381e6c:0x3fcc4530 0x40381e62:0xa5a5a5a5 |<-CORRUPTED




ELF file SHA256: 0d00e8afa

Rebooting...
ESP-ROM:esp32s3-20210327
Build:Mar 27 2021
rst:0xc (RTC_SW_CPU_RST),boot:0x8 (SPI_FAST_FLASH_BOOT)
Saved PC:0x40375c10
SPIWP:0xee
mode:DIO, clock div:1
load:0x3fce3810,len:0x178c
load:0x403c9700,len:0x4
load:0x403c9704,len:0xcbc
load:0x403cc700,len:0x2da0
entry 0x403c9914
[0;32mI (31) boot: ESP-IDF v5.2.1-dirty 2nd stage bootloader[0m
[0;32mI (31) boot: compile time Mar  5 2026 16:45:52[0m
[0;32mI (31) boot: Multicore bootloader[0m
[0;32mI (35) boot: chip revision: v0.2[0m
[0;32mI (39) boot.esp32s3: Boot SPI Speed : 80MHz[0m
[0;32mI (43) boot.esp32s3: SPI Mode       : DIO[0m
[0;32mI (48) boot.esp32s3: SPI Flash Size : 16MB[0m
[0;32mI (53) boot: Enabling RNG early entropy source...[0m
[0;32mI (58) boot: Partition Table:[0m
[0;32mI (62) boot: ## Label            Usage          Type ST Offset   Length[0m
[0;32mI (69) boot:  0 esp_secure_cert  unknown          3f 06 0000d000 00002000[0m
[0;32mI (77) boot:  1 nvs              WiFi data        01 02 00010000 00100000[0m
[0;32mI (84) boot:  2 nvs_keys         NVS keys         01 04 00110000 00001000[0m
[0;32mI (92) boot:  3 otadata          OTA data         01 00 00111000 00002000[0m
[0;32mI (99) boot:  4 phy_init         RF data          01 01 00113000 00001000[0m
[0;32mI (107) boot:  5 ota_0            OTA app          00 10 00120000 00500000[0m
[0;32mI (114) boot:  6 ota_1            OTA app          00 11 00620000 00500000[0m
[0;32mI (122) boot:  7 storage          Unknown data     01 82 00b20000 004d0000[0m
[0;32mI (129) boot:  8 fctry            WiFi data        01 02 00ff0000 00010000[0m
[0;32mI (137) boot: End of partition table[0m
[0;32mI (141) esp_image: segment 0: paddr=00120020 vaddr=3c120020 size=46d74h (290164) map[0m
[0;32mI (202) esp_image: segment 1: paddr=00166d9c vaddr=3fc9c300 size=071f4h ( 29172) load[0m
[0;32mI (208) esp_image: segment 2: paddr=0016df98 vaddr=40374000 size=02080h (  8320) load[0m
[0;32mI (210) esp_image: segment 3: paddr=00170020 vaddr=42000020 size=118c18h (1149976) map[0m
[0;32mI (422) esp_image: segment 4: paddr=00288c40 vaddr=40376080 size=16258h ( 90712) load[0m
[0;32mI (453) boot: Loaded app from partition at offset 0x120000[0m
[0;32mI (453) boot: Disabling RNG early entropy source...[0m
[0;32mI (464) cpu_start: Multicore app[0m
[0;32mI (465) octal_psram: vendor id    : 0x0d (AP)[0m
[0;32mI (465) octal_psram: dev id       : 0x02 (generation 3)[0m
[0;32mI (468) octal_psram: density      : 0x03 (64 Mbit)[0m
[0;32mI (473) octal_psram: good-die     : 0x01 (Pass)[0m
[0;32mI (479) octal_psram: Latency      : 0x01 (Fixed)[0m
[0;32mI (484) octal_psram: VCC          : 0x01 (3V)[0m
[0;32mI (489) octal_psram: SRF          : 0x01 (Fast Refresh)[0m
[0;32mI (495) octal_psram: BurstType    : 0x01 (Hybrid Wrap)[0m
[0;32mI (501) octal_psram: BurstLen     : 0x01 (32 Byte)[0m
[0;32mI (506) octal_psram: Readlatency  : 0x02 (10 cycles@Fixed)[0m
[0;32mI (512) octal_psram: DriveStrength: 0x00 (1/1)[0m
[0;32mI (518) MSPI Timing: PSRAM timing tuning index: 5[0m
[0;32mI (523) esp_psram: Found 8MB PSRAM device[0m
[0;32mI (527) esp_psram: Speed: 80MHz[0m
[0;32mI (945) esp_psram: SPI SRAM memory test OK[0m
[0;32mI (953) cpu_start: Pro cpu start user code[0m
[0;32mI (953) cpu_start: cpu freq: 160000000 Hz[0m
[0;32mI (954) cpu_start: Application information:[0m
[0;32mI (956) cpu_start: Project name:     light[0m
[0;32mI (961) cpu_start: App version:      1.0[0m
[0;32mI (966) cpu_start: Compile time:     Mar  9 2026 19:33:06[0m
[0;32mI (972) cpu_start: ELF file SHA256:  0d00e8afa...[0m
[0;32mI (977) cpu_start: ESP-IDF:          v5.2.1-dirty[0m
[0;32mI (983) cpu_start: Min chip rev:     v0.0[0m
[0;32mI (987) cpu_start: Max chip rev:     v0.99 [0m
[0;32mI (992) cpu_start: Chip rev:         v0.2[0m
[0;32mI (997) heap_init: Initializing. RAM available for dynamic allocation:[0m
[0;32mI (1004) heap_init: At 3FCB58D8 len 00033E38 (207 KiB): RAM[0m
[0;32mI (1010) heap_init: At 3FCE9710 len 00005724 (21 KiB): RAM[0m
[0;32mI (1017) heap_init: At 3FCF0000 len 00008000 (32 KiB): DRAM[0m
[0;32mI (1023) heap_init: At 600FE010 len 00001FD8 (7 KiB): RTCRAM[0m
[0;32mI (1029) esp_psram: Adding pool of 8192K of PSRAM memory to heap allocator[0m
[0;32mI (1038) spi_flash: detected chip: generic[0m
[0;32mI (1041) spi_flash: flash io: dio[0m
[0;33mW (1046) rmt(legacy): legacy driver is deprecated, please migrate to `driver/rmt_tx.h` and/or `driver/rmt_rx.h`[0m
[0;32mI (1057) sleep: Configure to isolate all GPIO pins in sleep state[0m
[0;32mI (1063) sleep: Enable automatic switching of GPIO sleep configuration[0m
[0;32mI (1070) coexist: coex firmware version: 77cd7f8[0m
[0;32mI (1076) coexist: coexist rom version e7ae62f[0m
[0;32mI (1081) main_task: Started on CPU0[0m
[0;32mI (1091) esp_psram: Reserving pool of 32K of internal memory for DMA/internal allocations[0m
[0;32mI (1091) main_task: Calling app_main()[0m
[0;32mI (1461) led_driver_ws2812: Initializing light driver[0m
[0;32mI (1461) led_driver_ws2812: led set r:0, g:0, b:0[0m
[0;32mI (1461) led_driver_ws2812: led set r:0, g:0, b:0[0m

***ERROR*** A stack overflow in task status_led has been detected.


Backtrace: 0x40375c8e:0x3fcc4440 0x40380f95:0x3fcc4460 0x40381d36:0x3fcc4480 0x4038325a:0x3fcc4500 0x40381e6c:0x3fcc4530 0x40381e62:0xa5a5a5a5 |<-CORRUPTED




ELF file SHA256: 0d00e8afa

Rebooting...
ESP-ROM:esp32s3-20210327
Build:Mar 27 2021
rst:0xc (RTC_SW_CPU_RST),boot:0x8 (SPI_FAST_FLASH_BOOT)
Saved PC:0x40375c10
SPIWP:0xee
mode:DIO, clock div:1
load:0x3fce3810,len:0x178c
load:0x403c9700,len:0x4
load:0x403c9704,len:0xcbc
load:0x403cc700,len:0x2da0
entry 0x403c9914
[0;32mI (31) boot: ESP-IDF v5.2.1-dirty 2nd stage bootloader[0m
[0;32mI (31) boot: compile time Mar  5 2026 16:45:52[0m
[0;32mI (31) boot: Multicore bootloader[0m
[0;32mI (35) boot: chip revision: v0.2[0m
[0;32mI (39) boot.esp32s3: Boot SPI Speed : 80MHz[0m
[0;32mI (43) boot.esp32s3: SPI Mode       : DIO[0m
[0;32mI (48) boot.esp32s3: SPI Flash Size : 16MB[0m
[0;32mI (53) boot: Enabling RNG early entropy source...[0m
[0;32mI (58) boot: Partition Table:[0m
[0;32mI (62) boot: ## Label            Usage          Type ST Offset   Length[0m
[0;32mI (69) boot:  0 esp_secure_cert  unknown          3f 06 0000d000 00002000[0m
[0;32mI (77) boot:  1 nvs              WiFi data        01 02 00010000 00100000[0m
[0;32mI (84) boot:  2 nvs_keys         NVS keys         01 04 00110000 00001000[0m
[0;32mI (92) boot:  3 otadata          OTA data         01 00 00111000 00002000[0m
[0;32mI (99) boot:  4 phy_init         RF data          01 01 00113000 00001000[0m
[0;32mI (107) boot:  5 ota_0            OTA app          00 10 00120000 00500000[0m
[0;32mI (114) boot:  6 ota_1            OTA app          00 11 00620000 00500000[0m
[0;32mI (122) boot:  7 storage          Unknown data     01 82 00b20000 004d0000[0m
[0;32mI (129) boot:  8 fctry            WiFi data        01 02 00ff0000 00010000[0m
[0;32mI (137) boot: End of partition table[0m
[0;32mI (141) esp_image: segment 0: paddr=00120020 vaddr=3c120020 size=46d74h (290164) map[0m
[0;32mI (202) esp_image: segment 1: paddr=00166d9c vaddr=3fc9c300 size=071f4h ( 29172) load[0m
[0;32mI (208) esp_image: segment 2: paddr=0016df98 vaddr=40374000 size=02080h (  8320) load[0m
[0;32mI (210) esp_image: segment 3: paddr=00170020 vaddr=42000020 size=118c18h (1149976) map[0m
[0;32mI (422) esp_image: segment 4: paddr=00288c40 vaddr=40376080 size=16258h ( 90712) load[0m
[0;32mI (453) boot: Loaded app from partition at offset 0x120000[0m
[0;32mI (453) boot: Disabling RNG early entropy source...[0m
[0;32mI (464) cpu_start: Multicore app[0m
[0;32mI (465) octal_psram: vendor id    : 0x0d (AP)[0m
[0;32mI (465) octal_psram: dev id       : 0x02 (generation 3)[0m
[0;32mI (468) octal_psram: density      : 0x03 (64 Mbit)[0m
[0;32mI (473) octal_psram: good-die     : 0x01 (Pass)[0m
[0;32mI (479) octal_psram: Latency      : 0x01 (Fixed)[0m
[0;32mI (484) octal_psram: VCC          : 0x01 (3V)[0m
[0;32mI (489) octal_psram: SRF          : 0x01 (Fast Refresh)[0m
[0;32mI (495) octal_psram: BurstType    : 0x01 (Hybrid Wrap)[0m
[0;32mI (501) octal_psram: BurstLen     : 0x01 (32 Byte)[0m
[0;32mI (506) octal_psram: Readlatency  : 0x02 (10 cycles@Fixed)[0m
[0;32mI (512) octal_psram: DriveStrength: 0x00 (1/1)[0m
[0;32mI (518) MSPI Timing: PSRAM timing tuning index: 5[0m
[0;32mI (523) esp_psram: Found 8MB PSRAM device[0m
[0;32mI (527) esp_psram: Speed: 80MHz[0m
[0;32mI (945) esp_psram: SPI SRAM memory test OK[0m
[0;32mI (953) cpu_start: Pro cpu start user code[0m
[0;32mI (953) cpu_start: cpu freq: 160000000 Hz[0m
[0;32mI (954) cpu_start: Application information:[0m
[0;32mI (956) cpu_start: Project name:     light[0m
[0;32mI (961) cpu_start: App version:      1.0[0m
[0;32mI (966) cpu_start: Compile time:     Mar  9 2026 19:33:06[0m
[0;32mI (972) cpu_start: ELF file SHA256:  0d00e8afa...[0m
[0;32mI (977) cpu_start: ESP-IDF:          v5.2.1-dirty[0m
[0;32mI (983) cpu_start: Min chip rev:     v0.0[0m
[0;32mI (987) cpu_start: Max chip rev:     v0.99 [0m
[0;32mI (992) cpu_start: Chip rev:         v0.2[0m
[0;32mI (997) heap_init: Initializing. RAM available for dynamic allocation:[0m
[0;32mI (1004) heap_init: At 3FCB58D8 len 00033E38 (207 KiB): RAM[0m
[0;32mI (1010) heap_init: At 3FCE9710 len 00005724 (21 KiB): RAM[0m
[0;32mI (1017) heap_init: At 3FCF0000 len 00008000 (32 KiB): DRAM[0m
[0;32mI (1023) heap_init: At 600FE010 len 00001FD8 (7 KiB): RTCRAM[0m
[0;32mI (1029) esp_psram: Adding pool of 8192K of PSRAM memory to heap allocator[0m
[0;32mI (1038) spi_flash: detected chip: generic[0m
[0;32mI (1041) spi_flash: flash io: dio[0m
[0;33mW (1046) rmt(legacy): legacy driver is deprecated, please migrate to `driver/rmt_tx.h` and/or `driver/rmt_rx.h`[0m
[0;32mI (1057) sleep: Configure to isolate all GPIO pins in sleep state[0m
[0;32mI (1063) sleep: Enable automatic switching of GPIO sleep configuration[0m
[0;32mI (1070) coexist: coex firmware version: 77cd7f8[0m
[0;32mI (1076) coexist: coexist rom version e7ae62f[0m
[0;32mI (1081) main_task: Started on CPU0[0m
[0;32mI (1091) esp_psram: Reserving pool of 32K of internal memory for DMA/internal allocations[0m
[0;32mI (1091) main_task: Calling app_main()[0m
[0;32mI (1461) led_driver_ws2812: Initializing light driver[0m
[0;32mI (1461) led_driver_ws2812: led set r:0, g:0, b:0[0m
[0;32mI (1461) led_driver_ws2812: led set r:0, g:0, b:0[0m

***ERROR*** A stack overflow in task status_led has been detected.


Backtrace: 0x40375c8e:0x3fcc4440 0x40380f95:0x3fcc4460 0x40381d36:0x3fcc4480 0x4038325a:0x3fcc4500 0x40381e6c:0x3fcc4530 0x40381e62:0xa5a5a5a5 |<-CORRUPTED




ELF file SHA256: 0d00e8afa

Rebooting...
ESP-ROM:esp32s3-20210327
Build:Mar 27 2021
rst:0xc (RTC_SW_CPU_RST),boot:0x8 (SPI_FAST_FLASH_BOOT)
Saved PC:0x40375c10
SPIWP:0xee
mode:DIO, clock div:1
load:0x3fce3810,len:0x178c
load:0x403c9700,len:0x4
load:0x403c9704,len:0xcbc
load:0x403cc700,len:0x2da0
entry 0x403c9914
[0;32mI (31) boot: ESP-IDF v5.2.1-dirty 2nd stage bootloader[0m
[0;32mI (31) boot: compile time Mar  5 2026 16:45:52[0m
[0;32mI (31) boot: Multicore bootloader[0m
[0;32mI (35) boot: chip revision: v0.2[0m
[0;32mI (39) boot.esp32s3: Boot SPI Speed : 80MHz[0m
[0;32mI (43) boot.esp32s3: SPI Mode       : DIO[0m
[0;32mI (48) boot.esp32s3: SPI Flash Size : 16MB[0m
[0;32mI (53) boot: Enabling RNG early entropy source...[0m
[0;32mI (58) boot: Partition Table:[0m
[0;32mI (62) boot: ## Label            Usage          Type ST Offset   Length[0m
[0;32mI (69) boot:  0 esp_secure_cert  unknown          3f 06 0000d000 00002000[0m
[0;32mI (77) boot:  1 nvs              WiFi data        01 02 00010000 00100000[0m
[0;32mI (84) boot:  2 nvs_keys         NVS keys         01 04 00110000 00001000[0m
[0;32mI (92) boot:  3 otadata          OTA data         01 00 00111000 00002000[0m
[0;32mI (99) boot:  4 phy_init         RF data          01 01 00113000 00001000[0m
[0;32mI (107) boot:  5 ota_0            OTA app          00 10 00120000 00500000[0m
[0;32mI (114) boot:  6 ota_1            OTA app          00 11 00620000 00500000[0m
[0;32mI (122) boot:  7 storage          Unknown data     01 82 00b20000 004d0000[0m
[0;32mI (129) boot:  8 fctry            WiFi data        01 02 00ff0000 00010000[0m
[0;32mI (137) boot: End of partition table[0m
[0;32mI (141) esp_image: segment 0: paddr=00120020 vaddr=3c120020 size=46d74h (290164) map[0m
[0;32mI (202) esp_image: segment 1: paddr=00166d9c vaddr=3fc9c300 size=071f4h ( 29172) load[0m
[0;32mI (208) esp_image: segment 2: paddr=0016df98 vaddr=40374000 size=02080h (  8320) load[0m
[0;32mI (210) esp_image: segment 3: paddr=00170020 vaddr=42000020 size=118c18h (1149976) map[0m
[0;32mI (422) esp_image: segment 4: paddr=00288c40 vaddr=40376080 size=16258h ( 90712) load[0m
[0;32mI (453) boot: Loaded app from partition at offset 0x120000[0m
[0;32mI (453) boot: Disabling RNG early entropy source...[0m
[0;32mI (464) cpu_start: Multicore app[0m
[0;32mI (465) octal_psram: vendor id    : 0x0d (AP)[0m
[0;32mI (465) octal_psram: dev id       : 0x02 (generation 3)[0m
[0;32mI (468) octal_psram: density      : 0x03 (64 Mbit)[0m
[0;32mI (473) octal_psram: good-die     : 0x01 (Pass)[0m
[0;32mI (479) octal_psram: Latency      : 0x01 (Fixed)[0m
[0;32mI (484) octal_psram: VCC          : 0x01 (3V)[0m
[0;32mI (489) octal_psram: SRF          : 0x01 (Fast Refresh)[0m
[0;32mI (495) octal_psram: BurstType    : 0x01 (Hybrid Wrap)[0m
[0;32mI (501) octal_psram: BurstLen     : 0x01 (32 Byte)[0m
[0;32mI (506) octal_psram: Readlatency  : 0x02 (10 cycles@Fixed)[0m
[0;32mI (512) octal_psram: DriveStrength: 0x00 (1/1)[0m
[0;32mI (518) MSPI Timing: PSRAM timing tuning index: 5[0m
[0;32mI (523) esp_psram: Found 8MB PSRAM device[0m
[0;32mI (527) esp_psram: Speed: 80MHz[0m
[0;32mI (945) esp_psram: SPI SRAM memory test OK[0m
[0;32mI (953) cpu_start: Pro cpu start user code[0m
[0;32mI (953) cpu_start: cpu freq: 160000000 Hz[0m
[0;32mI (954) cpu_start: Application information:[0m
[0;32mI (956) cpu_start: Project name:     light[0m
[0;32mI (961) cpu_start: App version:      1.0[0m
[0;32mI (966) cpu_start: Compile time:     Mar  9 2026 19:33:06[0m
[0;32mI (972) cpu_start: ELF file SHA256:  0d00e8afa...[0m
[0;32mI (977) cpu_start: ESP-IDF:          v5.2.1-dirty[0m
[0;32mI (983) cpu_start: Min chip rev:     v0.0[0m
[0;32mI (987) cpu_start: Max chip rev:     v0.99 [0m
[0;32mI (992) cpu_start: Chip rev:         v0.2[0m
[0;32mI (997) heap_init: Initializing. RAM available for dynamic allocation:[0m
[0;32mI (1004) heap_init: At 3FCB58D8 len 00033E38 (207 KiB): RAM[0m
[0;32mI (1010) heap_init: At 3FCE9710 len 00005724 (21 KiB): RAM[0m
[0;32mI (1017) heap_init: At 3FCF0000 len 00008000 (32 KiB): DRAM[0m
[0;32mI (1023) heap_init: At 600FE010 len 00001FD8 (7 KiB): RTCRAM[0m
[0;32mI (1029) esp_psram: Adding pool of 8192K of PSRAM memory to heap allocator[0m
[0;32mI (1038) spi_flash: detected chip: generic[0m
[0;32mI (1041) spi_flash: flash io: dio[0m
[0;33mW (1046) rmt(legacy): legacy driver is deprecated, please migrate to `driver/rmt_tx.h` and/or `driver/rmt_rx.h`[0m
[0;32mI (1057) sleep: Configure to isolate all GPIO pins in sleep state[0m
[0;32mI (1063) sleep: Enable automatic switching of GPIO sleep configuration[0m
[0;32mI (1070) coexist: coex firmware version: 77cd7f8[0m
[0;32mI (1076) coexist: coexist rom version e7ae62f[0m
[0;32mI (1081) main_task: Started on CPU0[0m
[0;32mI (1091) esp_psram: Reserving pool of 32K of internal memory for DMA/internal allocations[0m
[0;32mI (1091) main_task: Calling app_main()[0m
[0;32mI (1461) led_driver_ws2812: Initializing light driver[0m
[0;32mI (1461) led_driver_ws2812: led set r:0, g:0, b:0[0m
[0;32mI (1461) led_driver_ws2812: led set r:0, g:0, b:0[0m

***ERROR*** A stack overflow in task status_led has been detected.


Backtrace: 0x40375c8e:0x3fcc4440 0x40380f95:0x3fcc4460 0x40381d36:0x3fcc4480 0x4038325a:0x3fcc4500 0x40381e6c:0x3fcc4530 0x40381e62:0xa5a5a5a5 |<-CORRUPTED




ELF file SHA256: 0d00e8afa

Rebooting...
ESP-ROM:esp32s3-20210327
Build:Mar 27 2021
rst:0xc (RTC_SW_CPU_RST),boot:0x8 (SPI_FAST_FLASH_BOOT)
Saved PC:0x40375c10
SPIWP:0xee
mode:DIO, clock div:1
load:0x3fce3810,len:0x178c
load:0x403c9700,len:0x4
load:0x403c9704,len:0xcbc
load:0x403cc700,len:0x2da0
entry 0x403c9914
[0;32mI (31) boot: ESP-IDF v5.2.1-dirty 2nd stage bootloader[0m
[0;32mI (31) boot: compile time Mar  5 2026 16:45:52[0m
[0;32mI (31) boot: Multicore bootloader[0m
[0;32mI (35) boot: chip revision: v0.2[0m
[0;32mI (39) boot.esp32s3: Boot SPI Speed : 80MHz[0m
[0;32mI (43) boot.esp32s3: SPI Mode       : DIO[0m
[0;32mI (48) boot.esp32s3: SPI Flash Size : 16MB[0m
[0;32mI (53) boot: Enabling RNG early entropy source...[0m
[0;32mI (58) boot: Partition Table:[0m
[0;32mI (62) boot: ## Label            Usage          Type ST Offset   Length[0m
[0;32mI (69) boot:  0 esp_secure_cert  unknown          3f 06 0000d000 00002000[0m
[0;32mI (77) boot:  1 nvs              WiFi data        01 02 00010000 00100000[0m
[0;32mI (84) boot:  2 nvs_keys         NVS keys         01 04 00110000 00001000[0m
[0;32mI (92) boot:  3 otadata          OTA data         01 00 00111000 00002000[0m
[0;32mI (99) boot:  4 phy_init         RF data          01 01 00113000 00001000[0m
[0;32mI (107) boot:  5 ota_0            OTA app          00 10 00120000 00500000[0m
[0;32mI (114) boot:  6 ota_1            OTA app          00 11 00620000 00500000[0m
[0;32mI (122) boot:  7 storage          Unknown data     01 82 00b20000 004d0000[0m
[0;32mI (129) boot:  8 fctry            WiFi data        01 02 00ff0000 00010000[0m
[0;32mI (137) boot: End of partition table[0m
[0;32mI (141) esp_image: segment 0: paddr=00120020 vaddr=3c120020 size=46d74h (290164) map[0m
[0;32mI (202) esp_image: segment 1: paddr=00166d9c vaddr=3fc9c300 size=071f4h ( 29172) load[0m
[0;32mI (208) esp_image: segment 2: paddr=0016df98 vaddr=40374000 size=02080h (  8320) load[0m
[0;32mI (210) esp_image: segment 3: paddr=00170020 vaddr=42000020 size=118c18h (1149976) map[0m
[0;32mI (422) esp_image: segment 4: paddr=00288c40 vaddr=40376080 size=16258h ( 90712) load[0m
[0;32mI (453) boot: Loaded app from partition at offset 0x120000[0m
[0;32mI (453) boot: Disabling RNG early entropy source...[0m
[0;32mI (464) cpu_start: Multicore app[0m
[0;32mI (465) octal_psram: vendor id    : 0x0d (AP)[0m
[0;32mI (465) octal_psram: dev id       : 0x02 (generation 3)[0m
[0;32mI (468) octal_psram: density      : 0x03 (64 Mbit)[0m
[0;32mI (473) octal_psram: good-die     : 0x01 (Pass)[0m
[0;32mI (479) octal_psram: Latency      : 0x01 (Fixed)[0m
[0;32mI (484) octal_psram: VCC          : 0x01 (3V)[0m
[0;32mI (489) octal_psram: SRF          : 0x01 (Fast Refresh)[0m
[0;32mI (495) octal_psram: BurstType    : 0x01 (Hybrid Wrap)[0m
[0;32mI (501) octal_psram: BurstLen     : 0x01 (32 Byte)[0m
[0;32mI (506) octal_psram: Readlatency  : 0x02 (10 cycles@Fixed)[0m
[0;32mI (512) octal_psram: DriveStrength: 0x00 (1/1)[0m
[0;32mI (518) MSPI Timing: PSRAM timing tuning index: 5[0m
[0;32mI (523) esp_psram: Found 8MB PSRAM device[0m
[0;32mI (527) esp_psram: Speed: 80MHz[0m
[0;32mI (945) esp_psram: SPI SRAM memory test OK[0m
[0;32mI (953) cpu_start: Pro cpu start user code[0m
[0;32mI (953) cpu_start: cpu freq: 160000000 Hz[0m
[0;32mI (954) cpu_start: Application information:[0m
[0;32mI (956) cpu_start: Project name:     light[0m
[0;32mI (961) cpu_start: App version:      1.0[0m
[0;32mI (966) cpu_start: Compile time:     Mar  9 2026 19:33:06[0m
[0;32mI (972) cpu_start: ELF file SHA256:  0d00e8afa...[0m
[0;32mI (977) cpu_start: ESP-IDF:          v5.2.1-dirty[0m
[0;32mI (983) cpu_start: Min chip rev:     v0.0[0m
[0;32mI (987) cpu_start: Max chip rev:     v0.99 [0m
[0;32mI (992) cpu_start: Chip rev:         v0.2[0m
[0;32mI (997) heap_init: Initializing. RAM available for dynamic allocation:[0m
[0;32mI (1004) heap_init: At 3FCB58D8 len 00033E38 (207 KiB): RAM[0m
[0;32mI (1010) heap_init: At 3FCE9710 len 00005724 (21 KiB): RAM[0m
[0;32mI (1017) heap_init: At 3FCF0000 len 00008000 (32 KiB): DRAM[0m
[0;32mI (1023) heap_init: At 600FE010 len 00001FD8 (7 KiB): RTCRAM[0m
[0;32mI (1029) esp_psram: Adding pool of 8192K of PSRAM memory to heap allocator[0m
[0;32mI (1038) spi_flash: detected chip: generic[0m
[0;32mI (1041) spi_flash: flash io: dio[0m
[0;33mW (1046) rmt(legacy): legacy driver is deprecated, please migrate to `driver/rmt_tx.h` and/or `driver/rmt_rx.h`[0m
[0;32mI (1057) sleep: Configure to isolate all GPIO pins in sleep state[0m
[0;32mI (1063) sleep: Enable automatic switching of GPIO sleep configuration[0m
[0;32mI (1070) coexist: coex firmware version: 77cd7f8[0m
[0;32mI (1076) coexist: coexist rom version e7ae62f[0m
[0;32mI (1081) main_task: Started on CPU0[0m
[0;32mI (1091) esp_psram: Reserving pool of 32K of internal memory for DMA/internal allocations[0m
[0;32mI (1091) main_task: Calling app_main()[0m
[0;32mI (1461) led_driver_ws2812: Initializing light driver[0m
[0;32mI (1461) led_driver_ws2812: led set r:0, g:0, b:0[0m
[0;32mI (1461) led_driver_ws2812: led set r:0, g:0, b:0[0m

***ERROR*** A stack overflow in task status_led has been detected.


Backtrace: 0x40375c8e:0x3fcc4440 0x40380f95:0x3fcc4460 0x40381d36:0x3fcc4480 0x4038325a:0x3fcc4500 0x40381e6c:0x3fcc4530 0x40381e62:0xa5a5a5a5 |<-CORRUPTED




ELF file SHA256: 0d00e8afa

Rebooting...
ESP-ROM:esp32s3-20210327
Build:Mar 27 2021
rst:0xc (RTC_SW_CPU_RST),boot:0x8 (SPI_FAST_FLASH_BOOT)
Saved PC:0x40375c10
SPIWP:0xee
mode:DIO, clock div:1
load:0x3fce3810,len:0x178c
load:0x403c9700,len:0x4
load:0x403c9704,len:0xcbc
load:0x403cc700,len:0x2da0
entry 0x403c9914
[0;32mI (31) boot: ESP-IDF v5.2.1-dirty 2nd stage bootloader[0m
[0;32mI (31) boot: compile time Mar  5 2026 16:45:52[0m
[0;32mI (31) boot: Multicore bootloader[0m
[0;32mI (35) boot: chip revision: v0.2[0m
[0;32mI (39) boot.esp32s3: Boot SPI Speed : 80MHz[0m
[0;32mI (43) boot.esp32s3: SPI Mode       : DIO[0m
[0;32mI (48) boot.esp32s3: SPI Flash Size : 16MB[0m
[0;32mI (53) boot: Enabling RNG early entropy source...[0m
[0;32mI (58) boot: Partition Table:[0m
[0;32mI (62) boot: ## Label            Usage          Type ST Offset   Length[0m
[0;32mI (69) boot:  0 esp_secure_cert  unknown          3f 06 0000d000 00002000[0m
[0;32mI (77) boot:  1 nvs              WiFi data        01 02 00010000 00100000[0m
[0;32mI (84) boot:  2 nvs_keys         NVS keys         01 04 00110000 00001000[0m
[0;32mI (92) boot:  3 otadata          OTA data         01 00 00111000 00002000[0m
[0;32mI (99) boot:  4 phy_init         RF data          01 01 00113000 00001000[0m
[0;32mI (107) boot:  5 ota_0            OTA app          00 10 00120000 00500000[0m
[0;32mI (114) boot:  6 ota_1            OTA app          00 11 00620000 00500000[0m
[0;32mI (122) boot:  7 storage          Unknown data     01 82 00b20000 004d0000[0m
[0;32mI (129) boot:  8 fctry            WiFi data        01 02 00ff0000 00010000[0m
[0;32mI (137) boot: End of partition table[0m
[0;32mI (141) esp_image: segment 0: paddr=00120020 vaddr=3c120020 size=46d74h (290164) map[0m
[0;32mI (202) esp_image: segment 1: paddr=00166d9c vaddr=3fc9c300 size=071f4h ( 29172) load[0m
[0;32mI (208) esp_image: segment 2: paddr=0016df98 vaddr=40374000 size=02080h (  8320) load[0m
[0;32mI (210) esp_image: segment 3: paddr=00170020 vaddr=42000020 size=118c18h (1149976) map[0m
[0;32mI (422) esp_image: segment 4: paddr=00288c40 vaddr=40376080 size=16258h ( 90712) load[0m
[0;32mI (453) boot: Loaded app from partition at offset 0x120000[0m
[0;32mI (453) boot: Disabling RNG early entropy source...[0m
[0;32mI (464) cpu_start: Multicore app[0m
[0;32mI (465) octal_psram: vendor id    : 0x0d (AP)[0m
[0;32mI (465) octal_psram: dev id       : 0x02 (generation 3)[0m
[0;32mI (468) octal_psram: density      : 0x03 (64 Mbit)[0m
[0;32mI (473) octal_psram: good-die     : 0x01 (Pass)[0m
[0;32mI (479) octal_psram: Latency      : 0x01 (Fixed)[0m
[0;32mI (484) octal_psram: VCC          : 0x01 (3V)[0m
[0;32mI (489) octal_psram: SRF          : 0x01 (Fast Refresh)[0m
[0;32mI (495) octal_psram: BurstType    : 0x01 (Hybrid Wrap)[0m
[0;32mI (501) octal_psram: BurstLen     : 0x01 (32 Byte)[0m
[0;32mI (506) octal_psram: Readlatency  : 0x02 (10 cycles@Fixed)[0m
[0;32mI (512) octal_psram: DriveStrength: 0x00 (1/1)[0m
[0;32mI (518) MSPI Timing: PSRAM timing tuning index: 5[0m
[0;32mI (523) esp_psram: Found 8MB PSRAM device[0m
[0;32mI (527) esp_psram: Speed: 80MHz[0m
[0;32mI (945) esp_psram: SPI SRAM memory test OK[0m
[0;32mI (953) cpu_start: Pro cpu start user code[0m
[0;32mI (953) cpu_start: cpu freq: 160000000 Hz[0m
[0;32mI (954) cpu_start: Application information:[0m
[0;32mI (956) cpu_start: Project name:     light[0m
[0;32mI (961) cpu_start: App version:      1.0[0m
[0;32mI (966) cpu_start: Compile time:     Mar  9 2026 19:33:06[0m
[0;32mI (972) cpu_start: ELF file SHA256:  0d00e8afa...[0m
[0;32mI (977) cpu_start: ESP-IDF:          v5.2.1-dirty[0m
[0;32mI (983) cpu_start: Min chip rev:     v0.0[0m
[0;32mI (987) cpu_start: Max chip rev:     v0.99 [0m
[0;32mI (992) cpu_start: Chip rev:         v0.2[0m
[0;32mI (997) heap_init: Initializing. RAM available for dynamic allocation:[0m
[0;32mI (1004) heap_init: At 3FCB58D8 len 00033E38 (207 KiB): RAM[0m
[0;32mI (1010) heap_init: At 3FCE9710 len 00005724 (21 KiB): RAM[0m
[0;32mI (1017) heap_init: At 3FCF0000 len 00008000 (32 KiB): DRAM[0m
[0;32mI (1023) heap_init: At 600FE010 len 00001FD8 (7 KiB): RTCRAM[0m
[0;32mI (1029) esp_psram: Adding pool of 8192K of PSRAM memory to heap allocator[0m
[0;32mI (1038) spi_flash: detected chip: generic[0m
[0;32mI (1041) spi_flash: flash io: dio[0m
[0;33mW (1046) rmt(legacy): legacy driver is deprecated, please migrate to `driver/rmt_tx.h` and/or `driver/rmt_rx.h`[0m
[0;32mI (1057) sleep: Configure to isolate all GPIO pins in sleep state[0m
[0;32mI (1063) sleep: Enable automatic switching of GPIO sleep configuration[0m
[0;32mI (1070) coexist: coex firmware version: 77cd7f8[0m
[0;32mI (1076) coexist: coexist rom version e7ae62f[0m
[0;32mI (1081) main_task: Started on CPU0[0m
[0;32mI (1091) esp_psram: Reserving pool of 32K of internal memory for DMA/internal allocations[0m
[0;32mI (1091) main_task: Calling app_main()[0m
[0;32mI (1461) led_driver_ws2812: Initializing light driver[0m
[0;32mI (1461) led_driver_ws2812: led set r:0, g:0, b:0[0m
[0;32mI (1461) led_driver_ws2812: led set r:0, g:0, b:0[0m

***ERROR*** A stack overflow in task status_led has been detected.


Backtrace: 0x40375c8e:0x3fcc4440 0x40380f95:0x3fcc4460 0x40381d36:0x3fcc4480 0x4038325a:0x3fcc4500 0x40381e6c:0x3fcc4530 0x40381e62:0xa5a5a5a5 |<-CORRUPTED




ELF file SHA256: 0d00e8afa

Rebooting...
ESP-ROM:esp32s3-20210327
Build:Mar 27 2021
rst:0xc (RTC_SW_CPU_RST),boot:0x8 (SPI_FAST_FLASH_BOOT)
Saved PC:0x40375c10
SPIWP:0xee
mode:DIO, clock div:1
load:0x3fce3810,len:0x178c
load:0x403c9700,len:0x4
load:0x403c9704,len:0xcbc
load:0x403cc700,len:0x2da0
entry 0x403c9914
[0;32mI (31) boot: ESP-IDF v5.2.1-dirty 2nd stage bootloader[0m
[0;32mI (31) boot: compile time Mar  5 2026 16:45:52[0m
[0;32mI (31) boot: Multicore bootloader[0m
[0;32mI (35) boot: chip revision: v0.2[0m
[0;32mI (39) boot.esp32s3: Boot SPI Speed : 80MHz[0m
[0;32mI (43) boot.esp32s3: SPI Mode       : DIO[0m
[0;32mI (48) boot.esp32s3: SPI Flash Size : 16MB[0m
[0;32mI (53) boot: Enabling RNG early entropy source...[0m
[0;32mI (58) boot: Partition Table:[0m
[0;32mI (62) boot: ## Label            Usage          Type ST Offset   Length[0m
[0;32mI (69) boot:  0 esp_secure_cert  unknown          3f 06 0000d000 00002000[0m
[0;32mI (77) boot:  1 nvs              WiFi data        01 02 00010000 00100000[0m
[0;32mI (84) boot:  2 nvs_keys         NVS keys         01 04 00110000 00001000[0m
[0;32mI (92) boot:  3 otadata          OTA data         01 00 00111000 00002000[0m
[0;32mI (99) boot:  4 phy_init         RF data          01 01 00113000 00001000[0m
[0;32mI (107) boot:  5 ota_0            OTA app          00 10 00120000 00500000[0m
[0;32mI (114) boot:  6 ota_1            OTA app          00 11 00620000 00500000[0m
[0;32mI (122) boot:  7 storage          Unknown data     01 82 00b20000 004d0000[0m
[0;32mI (129) boot:  8 fctry            WiFi data        01 02 00ff0000 00010000[0m
[0;32mI (137) boot: End of partition table[0m
[0;32mI (141) esp_image: segment 0: paddr=00120020 vaddr=3c120020 size=46d74h (290164) map[0m
[0;32mI (202) esp_image: segment 1: paddr=00166d9c vaddr=3fc9c300 size=071f4h ( 29172) load[0m
[0;32mI (208) esp_image: segment 2: paddr=0016df98 vaddr=40374000 size=02080h (  8320) load[0m
[0;32mI (210) esp_image: segment 3: paddr=00170020 vaddr=42000020 size=118c18h (1149976) map[0m
[0;32mI (422) esp_image: segment 4: paddr=00288c40 vaddr=40376080 size=16258h ( 90712) load[0m
[0;32mI (453) boot: Loaded app from partition at offset 0x120000[0m
[0;32mI (453) boot: Disabling RNG early entropy source...[0m
[0;32mI (464) cpu_start: Multicore app[0m
[0;32mI (465) octal_psram: vendor id    : 0x0d (AP)[0m
[0;32mI (465) octal_psram: dev id       : 0x02 (generation 3)[0m
[0;32mI (468) octal_psram: density      : 0x03 (64 Mbit)[0m
[0;32mI (473) octal_psram: good-die     : 0x01 (Pass)[0m
[0;32mI (479) octal_psram: Latency      : 0x01 (Fixed)[0m
[0;32mI (484) octal_psram: VCC          : 0x01 (3V)[0m
[0;32mI (489) octal_psram: SRF          : 0x01 (Fast Refresh)[0m
[0;32mI (495) octal_psram: BurstType    : 0x01 (Hybrid Wrap)[0m
[0;32mI (501) octal_psram: BurstLen     : 0x01 (32 Byte)[0m
[0;32mI (506) octal_psram: Readlatency  : 0x02 (10 cycles@Fixed)[0m
[0;32mI (512) octal_psram: DriveStrength: 0x00 (1/1)[0m
[0;32mI (518) MSPI Timing: PSRAM timing tuning index: 5[0m
[0;32mI (523) esp_psram: Found 8MB PSRAM device[0m
[0;32mI (527) esp_psram: Speed: 80MHz[0m
[0;32mI (945) esp_psram: SPI SRAM memory test OK[0m
[0;32mI (953) cpu_start: Pro cpu start user code[0m
[0;32mI (953) cpu_start: cpu freq: 160000000 Hz[0m
[0;32mI (954) cpu_start: Application information:[0m
[0;32mI (956) cpu_start: Project name:     light[0m
[0;32mI (961) cpu_start: App version:      1.0[0m
[0;32mI (966) cpu_start: Compile time:     Mar  9 2026 19:33:06[0m
[0;32mI (972) cpu_start: ELF file SHA256:  0d00e8afa...[0m
[0;32mI (977) cpu_start: ESP-IDF:          v5.2.1-dirty[0m
[0;32mI (983) cpu_start: Min chip rev:     v0.0[0m
[0;32mI (987) cpu_start: Max chip rev:     v0.99 [0m
[0;32mI (992) cpu_start: Chip rev:         v0.2[0m
[0;32mI (997) heap_init: Initializing. RAM available for dynamic allocation:[0m
[0;32mI (1004) heap_init: At 3FCB58D8 len 00033E38 (207 KiB): RAM[0m
[0;32mI (1010) heap_init: At 3FCE9710 len 00005724 (21 KiB): RAM[0m
[0;32mI (1017) heap_init: At 3FCF0000 len 00008000 (32 KiB): DRAM[0m
[0;32mI (1023) heap_init: At 600FE010 len 00001FD8 (7 KiB): RTCRAM[0m
[0;32mI (1029) esp_psram: Adding pool of 8192K of PSRAM memory to heap allocator[0m
[0;32mI (1038) spi_flash: detected chip: generic[0m
[0;32mI (1041) spi_flash: flash io: dio[0m
[0;33mW (1046) rmt(legacy): legacy driver is deprecated, please migrate to `driver/rmt_tx.h` and/or `driver/rmt_rx.h`[0m
[0;32mI (1057) sleep: Configure to isolate all GPIO pins in sleep state[0m
[0;32mI (1063) sleep: Enable automatic switching of GPIO sleep configuration[0m
[0;32mI (1070) coexist: coex firmware version: 77cd7f8[0m
[0;32mI (1076) coexist: coexist rom version e7ae62f[0m
[0;32mI (1081) main_task: Started on CPU0[0m
[0;32mI (1091) esp_psram: Reserving pool of 32K of internal memory for DMA/internal allocations[0m
[0;32mI (1091) main_task: Calling app_main()[0m
[0;32mI (1461) led_driver_ws2812: Initializing light driver[0m
[0;32mI (1461) led_driver_ws2812: led set r:0, g:0, b:0[0m
[0;32mI (1461) led_driver_ws2812: led set r:0, g:0, b:0[0m

***ERROR*** A stack overflow in task status_led has been detected.


Backtrace: 0x40375c8e:0x3fcc4440 0x40380f95:0x3fcc4460 0x40381d36:0x3fcc4480 0x4038325a:0x3fcc4500 0x40381e6c:0x3fcc4530 0x40381e62:0xa5a5a5a5 |<-CORRUPTED




ELF file SHA256: 0d00e8afa

Rebooting...
ESP-ROM:esp32s3-20210327
Build:Mar 27 2021
rst:0xc (RTC_SW_CPU_RST),boot:0x8 (SPI_FAST_FLASH_BOOT)
Saved PC:0x40375c10
SPIWP:0xee
mode:DIO, clock div:1
load:0x3fce3810,len:0x178c
load:0x403c9700,len:0x4
load:0x403c9704,len:0xcbc
load:0x403cc700,len:0x2da0
entry 0x403c9914
[0;32mI (31) boot: ESP-IDF v5.2.1-dirty 2nd stage bootloader[0m
[0;32mI (31) boot: compile time Mar  5 2026 16:45:52[0m
[0;32mI (31) boot: Multicore bootloader[0m
[0;32mI (35) boot: chip revision: v0.2[0m
[0;32mI (39) boot.esp32s3: Boot SPI Speed : 80MHz[0m
[0;32mI (43) boot.esp32s3: SPI Mode       : DIO[0m
[0;32mI (48) boot.esp32s3: SPI Flash Size : 16MB[0m
[0;32mI (53) boot: Enabling RNG early entropy source...[0m
[0;32mI (58) boot: Partition Table:[0m
[0;32mI (62) boot: ## Label            Usage          Type ST Offset   Length[0m
[0;32mI (69) boot:  0 esp_secure_cert  unknown          3f 06 0000d000 00002000[0m
[0;32mI (77) boot:  1 nvs              WiFi data        01 02 00010000 00100000[0m
[0;32mI (84) boot:  2 nvs_keys         NVS keys         01 04 00110000 00001000[0m
[0;32mI (92) boot:  3 otadata          OTA data         01 00 00111000 00002000[0m
[0;32mI (99) boot:  4 phy_init         RF data          01 01 00113000 00001000[0m
[0;32mI (107) boot:  5 ota_0            OTA app          00 10 00120000 00500000[0m
[0;32mI (114) boot:  6 ota_1            OTA app          00 11 00620000 00500000[0m
[0;32mI (122) boot:  7 storage          Unknown data     01 82 00b20000 004d0000[0m
[0;32mI (129) boot:  8 fctry            WiFi data        01 02 00ff0000 00010000[0m
[0;32mI (137) boot: End of partition table[0m
[0;32mI (141) esp_image: segment 0: paddr=00120020 vaddr=3c120020 size=46d74h (290164) map[0m
[0;32mI (202) esp_image: segment 1: paddr=00166d9c vaddr=3fc9c300 size=071f4h ( 29172) load[0m
[0;32mI (208) esp_image: segment 2: paddr=0016df98 vaddr=40374000 size=02080h (  8320) load[0m
[0;32mI (210) esp_image: segment 3: paddr=00170020 vaddr=42000020 size=118c18h (1149976) map[0m
[0;32mI (422) esp_image: segment 4: paddr=00288c40 vaddr=40376080 size=16258h ( 90712) load[0m
[0;32mI (453) boot: Loaded app from partition at offset 0x120000[0m
[0;32mI (453) boot: Disabling RNG early entropy source...[0m
[0;32mI (464) cpu_start: Multicore app[0m
[0;32mI (465) octal_psram: vendor id    : 0x0d (AP)[0m
[0;32mI (465) octal_psram: dev id       : 0x02 (generation 3)[0m
[0;32mI (468) octal_psram: density      : 0x03 (64 Mbit)[0m
[0;32mI (473) octal_psram: good-die     : 0x01 (Pass)[0m
[0;32mI (479) octal_psram: Latency      : 0x01 (Fixed)[0m
[0;32mI (484) octal_psram: VCC          : 0x01 (3V)[0m
[0;32mI (489) octal_psram: SRF          : 0x01 (Fast Refresh)[0m
[0;32mI (495) octal_psram: BurstType    : 0x01 (Hybrid Wrap)[0m
[0;32mI (501) octal_psram: BurstLen     : 0x01 (32 Byte)[0m
[0;32mI (506) octal_psram: Readlatency  : 0x02 (10 cycles@Fixed)[0m
[0;32mI (512) octal_psram: DriveStrength: 0x00 (1/1)[0m
[0;32mI (518) MSPI Timing: PSRAM timing tuning index: 5[0m
[0;32mI (523) esp_psram: Found 8MB PSRAM device[0m
[0;32mI (527) esp_psram: Speed: 80MHz[0m
[0;32mI (945) esp_psram: SPI SRAM memory test OK[0m
[0;32mI (953) cpu_start: Pro cpu start user code[0m
[0;32mI (953) cpu_start: cpu freq: 160000000 Hz[0m
[0;32mI (954) cpu_start: Application information:[0m
[0;32mI (956) cpu_start: Project name:     light[0m
[0;32mI (961) cpu_start: App version:      1.0[0m
[0;32mI (966) cpu_start: Compile time:     Mar  9 2026 19:33:06[0m
[0;32mI (972) cpu_start: ELF file SHA256:  0d00e8afa...[0m
[0;32mI (977) cpu_start: ESP-IDF:          v5.2.1-dirty[0m
[0;32mI (983) cpu_start: Min chip rev:     v0.0[0m
[0;32mI (987) cpu_start: Max chip rev:     v0.99 [0m
[0;32mI (992) cpu_start: Chip rev:         v0.2[0m
[0;32mI (997) heap_init: Initializing. RAM available for dynamic allocation:[0m
[0;32mI (1004) heap_init: At 3FCB58D8 len 00033E38 (207 KiB): RAM[0m
[0;32mI (1010) heap_init: At 3FCE9710 len 00005724 (21 KiB): RAM[0m
[0;32mI (1017) heap_init: At 3FCF0000 len 00008000 (32 KiB): DRAM[0m
[0;32mI (1023) heap_init: At 600FE010 len 00001FD8 (7 KiB): RTCRAM[0m
[0;32mI (1029) esp_psram: Adding pool of 8192K of PSRAM memory to heap allocator[0m
[0;32mI (1038) spi_flash: detected chip: generic[0m
[0;32mI (1041) spi_flash: flash io: dio[0m
[0;33mW (1046) rmt(legacy): legacy driver is deprecated, please migrate to `driver/rmt_tx.h` and/or `driver/rmt_rx.h`[0m
[0;32mI (1057) sleep: Configure to isolate all GPIO pins in sleep state[0m
[0;32mI (1063) sleep: Enable automatic switching of GPIO sleep configuration[0m
[0;32mI (1070) coexist: coex firmware version: 77cd7f8[0m
[0;32mI (1076) coexist: coexist rom version e7ae62f[0m
[0;32mI (1081) main_task: Started on CPU0[0m
[0;32mI (1091) esp_psram: Reserving pool of 32K of internal memory for DMA/internal allocations[0m
[0;32mI (1091) main_task: Calling app_main()[0m
[0;32mI (1461) led_driver_ws2812: Initializing light driver[0m
[0;32mI (1461) led_driver_ws2812: led set r:0, g:0, b:0[0m
[0;32mI (1461) led_driver_ws2812: led set r:0, g:0, b:0[0m

***ERROR*** A stack overflow in task status_led has been detected.


Backtrace: 0x40375c8e:0x3fcc4440 0x40380f95:0x3fcc4460 0x40381d36:0x3fcc4480 0x4038325a:0x3fcc4500 0x40381e6c:0x3fcc4530 0x40381e62:0xa5a5a5a5 |<-CORRUPTED




ELF file SHA256: 0d00e8afa

Rebooting...
ESP-ROM:esp32s3-20210327
Build:Mar 27 2021
rst:0xc (RTC_SW_CPU_RST),boot:0x8 (SPI_FAST_FLASH_BOOT)
Saved PC:0x40375c10
SPIWP:0xee
mode:DIO, clock div:1
load:0x3fce3810,len:0x178c
load:0x403c9700,len:0x4
load:0x403c9704,len:0xcbc
load:0x403cc700,len:0x2da0
entry 0x403c9914
[0;32mI (31) boot: ESP-IDF v5.2.1-dirty 2nd stage bootloader[0m
[0;32mI (31) boot: compile time Mar  5 2026 16:45:52[0m
[0;32mI (31) boot: Multicore bootloader[0m
[0;32mI (35) boot: chip revision: v0.2[0m
[0;32mI (39) boot.esp32s3: Boot SPI Speed : 80MHz[0m
[0;32mI (43) boot.esp32s3: SPI Mode       : DIO[0m
[0;32mI (48) boot.esp32s3: SPI Flash Size : 16MB[0m
[0;32mI (53) boot: Enabling RNG early entropy source...[0m
[0;32mI (58) boot: Partition Table:[0m
[0;32mI (62) boot: ## Label            Usage          Type ST Offset   Length[0m
[0;32mI (69) boot:  0 esp_secure_cert  unknown          3f 06 0000d000 00002000[0m
[0;32mI (77) boot:  1 nvs              WiFi data        01 02 00010000 00100000[0m
[0;32mI (84) boot:  2 nvs_keys         NVS keys         01 04 00110000 00001000[0m
[0;32mI (92) boot:  3 otadata          OTA data         01 00 00111000 00002000[0m
[0;32mI (99) boot:  4 phy_init         RF data          01 01 00113000 00001000[0m
[0;32mI (107) boot:  5 ota_0            OTA app          00 10 00120000 00500000[0m
[0;32mI (114) boot:  6 ota_1            OTA app          00 11 00620000 00500000[0m
[0;32mI (122) boot:  7 storage          Unknown data     01 82 00b20000 004d0000[0m
[0;32mI (129) boot:  8 fctry            WiFi data        01 02 00ff0000 00010000[0m
[0;32mI (137) boot: End of partition table[0m
[0;32mI (141) esp_image: segment 0: paddr=00120020 vaddr=3c120020 size=46d74h (290164) map[0m
[0;32mI (202) esp_image: segment 1: paddr=00166d9c vaddr=3fc9c300 size=071f4h ( 29172) load[0m
[0;32mI (208) esp_image: segment 2: paddr=0016df98 vaddr=40374000 size=02080h (  8320) load[0m
[0;32mI (210) esp_image: segment 3: paddr=00170020 vaddr=42000020 size=118c18h (1149976) map[0m
[0;32mI (422) esp_image: segment 4: paddr=00288c40 vaddr=40376080 size=16258h ( 90712) load[0m
[0;32mI (453) boot: Loaded app from partition at offset 0x120000[0m
[0;32mI (453) boot: Disabling RNG early entropy source...[0m
[0;32mI (464) cpu_start: Multicore app[0m
[0;32mI (465) octal_psram: vendor id    : 0x0d (AP)[0m
[0;32mI (465) octal_psram: dev id       : 0x02 (generation 3)[0m
[0;32mI (468) octal_psram: density      : 0x03 (64 Mbit)[0m
[0;32mI (473) octal_psram: good-die     : 0x01 (Pass)[0m
[0;32mI (479) octal_psram: Latency      : 0x01 (Fixed)[0m
[0;32mI (484) octal_psram: VCC          : 0x01 (3V)[0m
[0;32mI (489) octal_psram: SRF          : 0x01 (Fast Refresh)[0m
[0;32mI (495) octal_psram: BurstType    : 0x01 (Hybrid Wrap)[0m
[0;32mI (501) octal_psram: BurstLen     : 0x01 (32 Byte)[0m
[0;32mI (506) octal_psram: Readlatency  : 0x02 (10 cycles@Fixed)[0m
[0;32mI (512) octal_psram: DriveStrength: 0x00 (1/1)[0m
[0;32mI (518) MSPI Timing: PSRAM timing tuning index: 5[0m
[0;32mI (523) esp_psram: Found 8MB PSRAM device[0m
[0;32mI (527) esp_psram: Speed: 80MHz[0m
[0;32mI (945) esp_psram: SPI SRAM memory test OK[0m
[0;32mI (953) cpu_start: Pro cpu start user code[0m
[0;32mI (953) cpu_start: cpu freq: 160000000 Hz[0m
[0;32mI (954) cpu_start: Application information:[0m
[0;32mI (956) cpu_start: Project name:     light[0m
[0;32mI (961) cpu_start: App version:      1.0[0m
[0;32mI (966) cpu_start: Compile time:     Mar  9 2026 19:33:06[0m
[0;32mI (972) cpu_start: ELF file SHA256:  0d00e8afa...[0m
[0;32mI (977) cpu_start: ESP-IDF:          v5.2.1-dirty[0m
[0;32mI (983) cpu_start: Min chip rev:     v0.0[0m
[0;32mI (987) cpu_start: Max chip rev:     v0.99 [0m
[0;32mI (992) cpu_start: Chip rev:         v0.2[0m
[0;32mI (997) heap_init: Initializing. RAM available for dynamic allocation:[0m
[0;32mI (1004) heap_init: At 3FCB58D8 len 00033E38 (207 KiB): RAM[0m
[0;32mI (1010) heap_init: At 3FCE9710 len 00005724 (21 KiB): RAM[0m
[0;32mI (1017) heap_init: At 3FCF0000 len 00008000 (32 KiB): DRAM[0m
[0;32mI (1023) heap_init: At 600FE010 len 00001FD8 (7 KiB): RTCRAM[0m
[0;32mI (1029) esp_psram: Adding pool of 8192K of PSRAM memory to heap allocator[0m
[0;32mI (1038) spi_flash: detected chip: generic[0m
[0;32mI (1041) spi_flash: flash io: dio[0m
[0;33mW (1046) rmt(legacy): legacy driver is deprecated, please migrate to `driver/rmt_tx.h` and/or `driver/rmt_rx.h`[0m
[0;32mI (1057) sleep: Configure to isolate all GPIO pins in sleep state[0m
[0;32mI (1063) sleep: Enable automatic switching of GPIO sleep configuration[0m
[0;32mI (1070) coexist: coex firmware version: 77cd7f8[0m
[0;32mI (1076) coexist: coexist rom version e7ae62f[0m
[0;32mI (1081) main_task: Started on CPU0[0m
[0;32mI (1091) esp_psram: Reserving pool of 32K of internal memory for DMA/internal allocations[0m
[0;32mI (1091) main_task: Calling app_main()[0m
[0;32mI (1461) led_driver_ws2812: Initializing light driver[0m
[0;32mI (1461) led_driver_ws2812: led set r:0, g:0, b:0[0m
[0;32mI (1461) led_driver_ws2812: led set r:0, g:0, b:0[0m

***ERROR*** A stack overflow in task status_led has been detected.


Backtrace: 0x40375c8e:0x3fcc4440 0x40380f95:0x3fcc4460 0x40381d36:0x3fcc4480 0x4038325a:0x3fcc4500 0x40381e6c:0x3fcc4530 0x40381e62:0xa5a5a5a5 |<-CORRUPTED




ELF file SHA256: 0d00e8afa

Rebooting...
ESP-ROM:esp32s3-20210327
Build:Mar 27 2021
rst:0xc (RTC_SW_CPU_RST),boot:0x8 (SPI_FAST_FLASH_BOOT)
Saved PC:0x40375c10
SPIWP:0xee
mode:DIO, clock div:1
load:0x3fce3810,len:0x178c
load:0x403c9700,len:0x4
load:0x403c9704,len:0xcbc
load:0x403cc700,len:0x2da0
entry 0x403c9914
[0;32mI (31) boot: ESP-IDF v5.2.1-dirty 2nd stage bootloader[0m
[0;32mI (31) boot: compile time Mar  5 2026 16:45:52[0m
[0;32mI (31) boot: Multicore bootloader[0m
[0;32mI (35) boot: chip revision: v0.2[0m
[0;32mI (39) boot.esp32s3: Boot SPI Speed : 80MHz[0m
[0;32mI (43) boot.esp32s3: SPI Mode       : DIO[0m
[0;32mI (48) boot.esp32s3: SPI Flash Size : 16MB[0m
[0;32mI (53) boot: Enabling RNG early entropy source...[0m
[0;32mI (58) boot: Partition Table:[0m
[0;32mI (62) boot: ## Label            Usage          Type ST Offset   Length[0m
[0;32mI (69) boot:  0 esp_secure_cert  unknown          3f 06 0000d000 00002000[0m
[0;32mI (77) boot:  1 nvs              WiFi data        01 02 00010000 00100000[0m
[0;32mI (84) boot:  2 nvs_keys         NVS keys         01 04 00110000 00001000[0m
[0;32mI (92) boot:  3 otadata          OTA data         01 00 00111000 00002000[0m
[0;32mI (99) boot:  4 phy_init         RF data          01 01 00113000 00001000[0m
[0;32mI (107) boot:  5 ota_0            OTA app          00 10 00120000 00500000[0m
[0;32mI (114) boot:  6 ota_1            OTA app          00 11 00620000 00500000[0m
[0;32mI (122) boot:  7 storage          Unknown data     01 82 00b20000 004d0000[0m
[0;32mI (129) boot:  8 fctry            WiFi data        01 02 00ff0000 00010000[0m
[0;32mI (137) boot: End of partition table[0m
[0;32mI (141) esp_image: segment 0: paddr=00120020 vaddr=3c120020 size=46d74h (290164) map[0m
[0;32mI (202) esp_image: segment 1: paddr=00166d9c vaddr=3fc9c300 size=071f4h ( 29172) load[0m
[0;32mI (208) esp_image: segment 2: paddr=0016df98 vaddr=40374000 size=02080h (  8320) load[0m
[0;32mI (210) esp_image: segment 3: paddr=00170020 vaddr=42000020 size=118c18h (1149976) map[0m
[0;32mI (422) esp_image: segment 4: paddr=00288c40 vaddr=40376080 size=16258h ( 90712) load[0m
[0;32mI (453) boot: Loaded app from partition at offset 0x120000[0m
[0;32mI (453) boot: Disabling RNG early entropy source...[0m
[0;32mI (464) cpu_start: Multicore app[0m
[0;32mI (465) octal_psram: vendor id    : 0x0d (AP)[0m
[0;32mI (465) octal_psram: dev id       : 0x02 (generation 3)[0m
[0;32mI (468) octal_psram: density      : 0x03 (64 Mbit)[0m
[0;32mI (473) octal_psram: good-die     : 0x01 (Pass)[0m
[0;32mI (479) octal_psram: Latency      : 0x01 (Fixed)[0m
[0;32mI (484) octal_psram: VCC          : 0x01 (3V)[0m
[0;32mI (489) octal_psram: SRF          : 0x01 (Fast Refresh)[0m
[0;32mI (495) octal_psram: BurstType    : 0x01 (Hybrid Wrap)[0m
[0;32mI (501) octal_psram: BurstLen     : 0x01 (32 Byte)[0m
[0;32mI (506) octal_psram: Readlatency  : 0x02 (10 cycles@Fixed)[0m
[0;32mI (512) octal_psram: DriveStrength: 0x00 (1/1)[0m
[0;32mI (518) MSPI Timing: PSRAM timing tuning index: 5[0m
[0;32mI (523) esp_psram: Found 8MB PSRAM device[0m
[0;32mI (527) esp_psram: Speed: 80MHz[0m
[0;32mI (945) esp_psram: SPI SRAM memory test OK[0m
[0;32mI (953) cpu_start: Pro cpu start user code[0m
[0;32mI (953) cpu_start: cpu freq: 160000000 Hz[0m
[0;32mI (954) cpu_start: Application information:[0m
[0;32mI (956) cpu_start: Project name:     light[0m
[0;32mI (961) cpu_start: App version:      1.0[0m
[0;32mI (966) cpu_start: Compile time:     Mar  9 2026 19:33:06[0m
[0;32mI (972) cpu_start: ELF file SHA256:  0d00e8afa...[0m
[0;32mI (977) cpu_start: ESP-IDF:          v5.2.1-dirty[0m
[0;32mI (983) cpu_start: Min chip rev:     v0.0[0m
[0;32mI (987) cpu_start: Max chip rev:     v0.99 [0m
[0;32mI (992) cpu_start: Chip rev:         v0.2[0m
[0;32mI (997) heap_init: Initializing. RAM available for dynamic allocation:[0m
[0;32mI (1004) heap_init: At 3FCB58D8 len 00033E38 (207 KiB): RAM[0m
[0;32mI (1010) heap_init: At 3FCE9710 len 00005724 (21 KiB): RAM[0m
[0;32mI (1017) heap_init: At 3FCF0000 len 00008000 (32 KiB): DRAM[0m
[0;32mI (1023) heap_init: At 600FE010 len 00001FD8 (7 KiB): RTCRAM[0m
[0;32mI (1029) esp_psram: Adding pool of 8192K of PSRAM memory to heap allocator[0m
[0;32mI (1038) spi_flash: detected chip: generic[0m
[0;32mI (1041) spi_flash: flash io: dio[0m
[0;33mW (1046) rmt(legacy): legacy driver is deprecated, please migrate to `driver/rmt_tx.h` and/or `driver/rmt_rx.h`[0m
[0;32mI (1057) sleep: Configure to isolate all GPIO pins in sleep state[0m
[0;32mI (1063) sleep: Enable automatic switching of GPIO sleep configuration[0m
[0;32mI (1070) coexist: coex firmware version: 77cd7f8[0m
[0;32mI (1076) coexist: coexist rom version e7ae62f[0m
[0;32mI (1081) main_task: Started on CPU0[0m
[0;32mI (1091) esp_psram: Reserving pool of 32K of internal memory for DMA/internal allocations[0m
[0;32mI (1091) main_task: Calling app_main()[0m
[0;32mI (1461) led_driver_ws2812: Initializing light driver[0m
[0;32mI (1461) led_driver_ws2812: led set r:0, g:0, b:0[0m
[0;32mI (1461) led_driver_ws2812: led set r:0, g:0, b:0[0m

***ERROR*** A stack overflow in task status_led has been detected.


Backtrace: 0x40375c8e:0x3fcc4440 0x40380f95:0x3fcc4460 0x40381d36:0x3fcc4480 0x4038325a:0x3fcc4500 0x40381e6c:0x3fcc4530 0x40381e62:0xa5a5a5a5 |<-CORRUPTED




ELF file SHA256: 0d00e8afa

Rebooting...
ESP-ROM:esp32s3-20210327
Build:Mar 27 2021
rst:0xc (RTC_SW_CPU_RST),boot:0x8 (SPI_FAST_FLASH_BOOT)
Saved PC:0x40375c10
SPIWP:0xee
mode:DIO, clock div:1
load:0x3fce3810,len:0x178c
load:0x403c9700,len:0x4
load:0x403c9704,len:0xcbc
load:0x403cc700,len:0x2da0
entry 0x403c9914
[0;32mI (31) boot: ESP-IDF v5.2.1-dirty 2nd stage bootloader[0m
[0;32mI (31) boot: compile time Mar  5 2026 16:45:52[0m
[0;32mI (31) boot: Multicore bootloader[0m
[0;32mI (35) boot: chip revision: v0.2[0m
[0;32mI (39) boot.esp32s3: Boot SPI Speed : 80MHz[0m
[0;32mI (43) boot.esp32s3: SPI Mode       : DIO[0m
[0;32mI (48) boot.esp32s3: SPI Flash Size : 16MB[0m
[0;32mI (53) boot: Enabling RNG early entropy source...[0m
[0;32mI (58) boot: Partition Table:[0m
[0;32mI (62) boot: ## Label            Usage          Type ST Offset   Length[0m
[0;32mI (69) boot:  0 esp_secure_cert  unknown          3f 06 0000d000 00002000[0m
[0;32mI (77) boot:  1 nvs              WiFi data        01 02 00010000 00100000[0m
[0;32mI (84) boot:  2 nvs_keys         NVS keys         01 04 00110000 00001000[0m
[0;32mI (92) boot:  3 otadata          OTA data         01 00 00111000 00002000[0m
[0;32mI (99) boot:  4 phy_init         RF data          01 01 00113000 00001000[0m
[0;32mI (107) boot:  5 ota_0            OTA app          00 10 00120000 00500000[0m
[0;32mI (114) boot:  6 ota_1            OTA app          00 11 00620000 00500000[0m
[0;32mI (122) boot:  7 storage          Unknown data     01 82 00b20000 004d0000[0m
[0;32mI (129) boot:  8 fctry            WiFi data        01 02 00ff0000 00010000[0m
[0;32mI (137) boot: End of partition table[0m
[0;32mI (141) esp_image: segment 0: paddr=00120020 vaddr=3c120020 size=46d74h (290164) map[0m
[0;32mI (202) esp_image: segment 1: paddr=00166d9c vaddr=3fc9c300 size=071f4h ( 29172) load[0m
[0;32mI (208) esp_image: segment 2: paddr=0016df98 vaddr=40374000 size=02080h (  8320) load[0m
[0;32mI (210) esp_image: segment 3: paddr=00170020 vaddr=42000020 size=118c18h (1149976) map[0m
[0;32mI (422) esp_image: segment 4: paddr=00288c40 vaddr=40376080 size=16258h ( 90712) load[0m
[0;32mI (453) boot: Loaded app from partition at offset 0x120000[0m
[0;32mI (453) boot: Disabling RNG early entropy source...[0m
[0;32mI (464) cpu_start: Multicore app[0m
[0;32mI (465) octal_psram: vendor id    : 0x0d (AP)[0m
[0;32mI (465) octal_psram: dev id       : 0x02 (generation 3)[0m
[0;32mI (468) octal_psram: density      : 0x03 (64 Mbit)[0m
[0;32mI (473) octal_psram: good-die     : 0x01 (Pass)[0m
[0;32mI (479) octal_psram: Latency      : 0x01 (Fixed)[0m
[0;32mI (484) octal_psram: VCC          : 0x01 (3V)[0m
[0;32mI (489) octal_psram: SRF          : 0x01 (Fast Refresh)[0m
[0;32mI (495) octal_psram: BurstType    : 0x01 (Hybrid Wrap)[0m
[0;32mI (501) octal_psram: BurstLen     : 0x01 (32 Byte)[0m
[0;32mI (506) octal_psram: Readlatency  : 0x02 (10 cycles@Fixed)[0m
[0;32mI (512) octal_psram: DriveStrength: 0x00 (1/1)[0m
[0;32mI (518) MSPI Timing: PSRAM timing tuning index: 5[0m
[0;32mI (523) esp_psram: Found 8MB PSRAM device[0m
[0;32mI (527) esp_psram: Speed: 80MHz[0m
[0;32mI (945) esp_psram: SPI SRAM memory test OK[0m
[0;32mI (953) cpu_start: Pro cpu start user code[0m
[0;32mI (953) cpu_start: cpu freq: 160000000 Hz[0m
[0;32mI (954) cpu_start: Application information:[0m
[0;32mI (956) cpu_start: Project name:     light[0m
[0;32mI (961) cpu_start: App version:      1.0[0m
[0;32mI (966) cpu_start: Compile time:     Mar  9 2026 19:33:06[0m
[0;32mI (972) cpu_start: ELF file SHA256:  0d00e8afa...[0m
[0;32mI (977) cpu_start: ESP-IDF:          v5.2.1-dirty[0m
[0;32mI (983) cpu_start: Min chip rev:     v0.0[0m
[0;32mI (987) cpu_start: Max chip rev:     v0.99 [0m
[0;32mI (992) cpu_start: Chip rev:         v0.2[0m
[0;32mI (997) heap_init: Initializing. RAM available for dynamic allocation:[0m
[0;32mI (1004) heap_init: At 3FCB58D8 len 00033E38 (207 KiB): RAM[0m
[0;32mI (1010) heap_init: At 3FCE9710 len 00005724 (21 KiB): RAM[0m
[0;32mI (1017) heap_init: At 3FCF0000 len 00008000 (32 KiB): DRAM[0m
[0;32mI (1023) heap_init: At 600FE010 len 00001FD8 (7 KiB): RTCRAM[0m
[0;32mI (1029) esp_psram: Adding pool of 8192K of PSRAM memory to heap allocator[0m
[0;32mI (1038) spi_flash: detected chip: generic[0m
[0;32mI (1041) spi_flash: flash io: dio[0m
[0;33mW (1046) rmt(legacy): legacy driver is deprecated, please migrate to `driver/rmt_tx.h` and/or `driver/rmt_rx.h`[0m
[0;32mI (1057) sleep: Configure to isolate all GPIO pins in sleep state[0m
[0;32mI (1063) sleep: Enable automatic switching of GPIO sleep configuration[0m
[0;32mI (1070) coexist: coex firmware version: 77cd7f8[0m
[0;32mI (1076) coexist: coexist rom version e7ae62f[0m
[0;32mI (1081) main_task: Started on CPU0[0m
[0;32mI (1091) esp_psram: Reserving pool of 32K of internal memory for DMA/internal allocations[0m
[0;32mI (1091) main_task: Calling app_main()[0m
[0;32mI (1461) led_driver_ws2812: Initializing light driver[0m
[0;32mI (1461) led_driver_ws2812: led set r:0, g:0, b:0[0m
[0;32mI (1461) led_driver_ws2812: led set r:0, g:0, b:0[0m

***ERROR*** A stack overflow in task status_led has been detected.


Backtrace: 0x40375c8e:0x3fcc4440 0x40380f95:0x3fcc4460 0x40381d36:0x3fcc4480 0x4038325a:0x3fcc4500 0x40381e6c:0x3fcc4530 0x40381e62:0xa5a5a5a5 |<-CORRUPTED




ELF file SHA256: 0d00e8afa

Rebooting...
ESP-ROM:esp32s3-20210327
Build:Mar 27 2021
rst:0xc (RTC_SW_CPU_RST),boot:0x8 (SPI_FAST_FLASH_BOOT)
Saved PC:0x40375c10
SPIWP:0xee
mode:DIO, clock div:1
load:0x3fce3810,len:0x178c
load:0x403c9700,len:0x4
load:0x403c9704,len:0xcbc
load:0x403cc700,len:0x2da0
entry 0x403c9914
[0;32mI (31) boot: ESP-IDF v5.2.1-dirty 2nd stage bootloader[0m
[0;32mI (31) boot: compile time Mar  5 2026 16:45:52[0m
[0;32mI (31) boot: Multicore bootloader[0m
[0;32mI (35) boot: chip revision: v0.2[0m
[0;32mI (39) boot.esp32s3: Boot SPI Speed : 80MHz[0m
[0;32mI (43) boot.esp32s3: SPI Mode       : DIO[0m
[0;32mI (48) boot.esp32s3: SPI Flash Size : 16MB[0m
[0;32mI (53) boot: Enabling RNG early entropy source...[0m
[0;32mI (58) boot: Partition Table:[0m
[0;32mI (62) boot: ## Label            Usage          Type ST Offset   Length[0m
[0;32mI (69) boot:  0 esp_secure_cert  unknown          3f 06 0000d000 00002000[0m
[0;32mI (77) boot:  1 nvs              WiFi data        01 02 00010000 00100000[0m
[0;32mI (84) boot:  2 nvs_keys         NVS keys         01 04 00110000 00001000[0m
[0;32mI (92) boot:  3 otadata          OTA data         01 00 00111000 00002000[0m
[0;32mI (99) boot:  4 phy_init         RF data          01 01 00113000 00001000[0m
[0;32mI (107) boot:  5 ota_0            OTA app          00 10 00120000 00500000[0m
[0;32mI (114) boot:  6 ota_1            OTA app          00 11 00620000 00500000[0m
[0;32mI (122) boot:  7 storage          Unknown data     01 82 00b20000 004d0000[0m
[0;32mI (129) boot:  8 fctry            WiFi data        01 02 00ff0000 00010000[0m
[0;32mI (137) boot: End of partition table[0m
[0;32mI (141) esp_image: segment 0: paddr=00120020 vaddr=3c120020 size=46d74h (290164) map[0m
[0;32mI (202) esp_image: segment 1: paddr=00166d9c vaddr=3fc9c300 size=071f4h ( 29172) load[0m
[0;32mI (208) esp_image: segment 2: paddr=0016df98 vaddr=40374000 size=02080h (  8320) load[0m
[0;32mI (210) esp_image: segment 3: paddr=00170020 vaddr=42000020 size=118c18h (1149976) map[0m
[0;32mI (422) esp_image: segment 4: paddr=00288c40 vaddr=40376080 size=16258h ( 90712) load[0m
[0;32mI (453) boot: Loaded app from partition at offset 0x120000[0m
[0;32mI (453) boot: Disabling RNG early entropy source...[0m
[0;32mI (464) cpu_start: Multicore app[0m
[0;32mI (465) octal_psram: vendor id    : 0x0d (AP)[0m
[0;32mI (465) octal_psram: dev id       : 0x02 (generation 3)[0m
[0;32mI (468) octal_psram: density      : 0x03 (64 Mbit)[0m
[0;32mI (473) octal_psram: good-die     : 0x01 (Pass)[0m
[0;32mI (479) octal_psram: Latency      : 0x01 (Fixed)[0m
[0;32mI (484) octal_psram: VCC          : 0x01 (3V)[0m
[0;32mI (489) octal_psram: SRF          : 0x01 (Fast Refresh)[0m
[0;32mI (495) octal_psram: BurstType    : 0x01 (Hybrid Wrap)[0m
[0;32mI (501) octal_psram: BurstLen     : 0x01 (32 Byte)[0m
[0;32mI (506) octal_psram: Readlatency  : 0x02 (10 cycles@Fixed)[0m
[0;32mI (512) octal_psram: DriveStrength: 0x00 (1/1)[0m
[0;32mI (518) MSPI Timing: PSRAM timing tuning index: 5[0m
[0;32mI (523) esp_psram: Found 8MB PSRAM device[0m
[0;32mI (527) esp_psram: Speed: 80MHz[0m
[0;32mI (945) esp_psram: SPI SRAM memory test OK[0m
[0;32mI (953) cpu_start: Pro cpu start user code[0m
[0;32mI (953) cpu_start: cpu freq: 160000000 Hz[0m
[0;32mI (954) cpu_start: Application information:[0m
[0;32mI (956) cpu_start: Project name:     light[0m
[0;32mI (961) cpu_start: App version:      1.0[0m
[0;32mI (966) cpu_start: Compile time:     Mar  9 2026 19:33:06[0m
[0;32mI (972) cpu_start: ELF file SHA256:  0d00e8afa...[0m
[0;32mI (977) cpu_start: ESP-IDF:          v5.2.1-dirty[0m
[0;32mI (983) cpu_start: Min chip rev:     v0.0[0m
[0;32mI (987) cpu_start: Max chip rev:     v0.99 [0m
[0;32mI (992) cpu_start: Chip rev:         v0.2[0m
[0;32mI (997) heap_init: Initializing. RAM available for dynamic allocation:[0m
[0;32mI (1004) heap_init: At 3FCB58D8 len 00033E38 (207 KiB): RAM[0m
[0;32mI (1010) heap_init: At 3FCE9710 len 00005724 (21 KiB): RAM[0m
[0;32mI (1017) heap_init: At 3FCF0000 len 00008000 (32 KiB): DRAM[0m
[0;32mI (1023) heap_init: At 600FE010 len 00001FD8 (7 KiB): RTCRAM[0m
[0;32mI (1029) esp_psram: Adding pool of 8192K of PSRAM memory to heap allocator[0m
[0;32mI (1038) spi_flash: detected chip: generic[0m
[0;32mI (1041) spi_flash: flash io: dio[0m
[0;33mW (1046) rmt(legacy): legacy driver is deprecated, please migrate to `driver/rmt_tx.h` and/or `driver/rmt_rx.h`[0m
[0;32mI (1057) sleep: Configure to isolate all GPIO pins in sleep state[0m
[0;32mI (1063) sleep: Enable automatic switching of GPIO sleep configuration[0m
[0;32mI (1070) coexist: coex firmware version: 77cd7f8[0m
[0;32mI (1076) coexist: coexist rom version e7ae62f[0m
[0;32mI (1081) main_task: Started on CPU0[0m
[0;32mI (1091) esp_psram: Reserving pool of 32K of internal memory for DMA/internal allocations[0m
[0;32mI (1091) main_task: Calling app_main()[0m
[0;32mI (1461) led_driver_ws2812: Initializing light driver[0m
[0;32mI (1461) led_driver_ws2812: led set r:0, g:0, b:0[0m
[0;32mI (1461) led_driver_ws2812: led set r:0, g:0, b:0[0m

***ERROR*** A stack overflow in task status_led has been detected.


Backtrace: 0x40375c8e:0x3fcc4440 0x40380f95:0x3fcc4460 0x40381d36:0x3fcc4480 0x4038325a:0x3fcc4500 0x40381e6c:0x3fcc4530 0x40381e62:0xa5a5a5a5 |<-CORRUPTED




ELF file SHA256: 0d00e8afa

Rebooting...
ESP-ROM:esp32s3-20210327
Build:Mar 27 2021
rst:0xc (RTC_SW_CPU_RST),boot:0x8 (SPI_FAST_FLASH_BOOT)
Saved PC:0x40375c10
SPIWP:0xee
mode:DIO, clock div:1
load:0x3fce3810,len:0x178c
load:0x403c9700,len:0x4
load:0x403c9704,len:0xcbc
load:0x403cc700,len:0x2da0
entry 0x403c9914
[0;32mI (31) boot: ESP-IDF v5.2.1-dirty 2nd stage bootloader[0m
[0;32mI (31) boot: compile time Mar  5 2026 16:45:52[0m
[0;32mI (31) boot: Multicore bootloader[0m
