ESP-ROM:esp32s3-20210327
Build:Mar 27 2021
rst:0x1 (POWERON),boot:0x8 (SPI_FAST_FLASH_BOOT)
SPIWP:0xee
mode:DIO, clock div:1
load:0x3fce3810,len:0x178c
load:0x403c9700,len:0x4
load:0x403c9704,len:0xcbc
load:0x403cc700,len:0x2da0
entry 0x403c9914
[0;32mI (27) boot: ESP-IDF v5.2.1-dirty 2nd stage bootloader[0m
[0;32mI (27) boot: compile time Mar  5 2026 16:45:52[0m
[0;32mI (27) boot: Multicore bootloader[0m
[0;32mI (30) boot: chip revision: v0.2[0m
[0;32mI (34) boot.esp32s3: Boot SPI Speed : 80MHz[0m
[0;32mI (39) boot.esp32s3: SPI Mode       : DIO[0m
[0;32mI (44) boot.esp32s3: SPI Flash Size : 16MB[0m
[0;32mI (49) boot: Enabling RNG early entropy source...[0m
[0;32mI (54) boot: Partition Table:[0m
[0;32mI (58) boot: ## Label            Usage          Type ST Offset   Length[0m
[0;32mI (65) boot:  0 esp_secure_cert  unknown          3f 06 0000d000 00002000[0m
[0;32mI (72) boot:  1 nvs              WiFi data        01 02 00010000 00100000[0m
[0;32mI (80) boot:  2 nvs_keys         NVS keys         01 04 00110000 00001000[0m
[0;32mI (87) boot:  3 otadata          OTA data         01 00 00111000 00002000[0m
[0;32mI (95) boot:  4 phy_init         RF data          01 01 00113000 00001000[0m
[0;32mI (102) boot:  5 ota_0            OTA app          00 10 00120000 00500000[0m
[0;32mI (110) boot:  6 ota_1            OTA app          00 11 00620000 00500000[0m
[0;32mI (117) boot:  7 storage          Unknown data     01 82 00b20000 004d0000[0m
[0;32mI (125) boot:  8 fctry            WiFi data        01 02 00ff0000 00010000[0m
[0;32mI (132) boot: End of partition table[0m
[0;32mI (137) esp_image: segment 0: paddr=00120020 vaddr=3c120020 size=45164h (282980) map[0m
[0;32mI (196) esp_image: segment 1: paddr=0016518c vaddr=3fc9c300 size=06cd4h ( 27860) load[0m
[0;32mI (202) esp_image: segment 2: paddr=0016be68 vaddr=40374000 size=041b0h ( 16816) load[0m
[0;32mI (206) esp_image: segment 3: paddr=00170020 vaddr=42000020 size=11754ch (1144140) map[0m
[0;32mI (416) esp_image: segment 4: paddr=00287574 vaddr=403781b0 size=14128h ( 82216) load[0m
[0;32mI (444) boot: Loaded app from partition at offset 0x120000[0m
[0;32mI (444) boot: Disabling RNG early entropy source...[0m
[0;32mI (456) cpu_start: Multicore app[0m
[0;32mI (456) octal_psram: vendor id    : 0x0d (AP)[0m
[0;32mI (457) octal_psram: dev id       : 0x02 (generation 3)[0m
[0;32mI (459) octal_psram: density      : 0x03 (64 Mbit)[0m
[0;32mI (465) octal_psram: good-die     : 0x01 (Pass)[0m
[0;32mI (470) octal_psram: Latency      : 0x01 (Fixed)[0m
[0;32mI (475) octal_psram: VCC          : 0x01 (3V)[0m
[0;32mI (480) octal_psram: SRF          : 0x01 (Fast Refresh)[0m
[0;32mI (486) octal_psram: BurstType    : 0x01 (Hybrid Wrap)[0m
[0;32mI (492) octal_psram: BurstLen     : 0x01 (32 Byte)[0m
[0;32mI (498) octal_psram: Readlatency  : 0x02 (10 cycles@Fixed)[0m
[0;32mI (504) octal_psram: DriveStrength: 0x00 (1/1)[0m
[0;32mI (510) MSPI Timing: PSRAM timing tuning index: 5[0m
[0;32mI (514) esp_psram: Found 8MB PSRAM device[0m
[0;32mI (519) esp_psram: Speed: 80MHz[0m
[0;32mI (936) esp_psram: SPI SRAM memory test OK[0m
[0;32mI (945) cpu_start: Pro cpu start user code[0m
[0;32mI (945) cpu_start: cpu freq: 160000000 Hz[0m
[0;32mI (945) cpu_start: Application information:[0m
[0;32mI (948) cpu_start: Project name:     light[0m
[0;32mI (953) cpu_start: App version:      1.0[0m
[0;32mI (957) cpu_start: Compile time:     Mar  8 2026 11:19:54[0m
[0;32mI (963) cpu_start: ELF file SHA256:  912c666bc...[0m
[0;32mI (969) cpu_start: ESP-IDF:          v5.2.1-dirty[0m
[0;32mI (974) cpu_start: Min chip rev:     v0.0[0m
[0;32mI (979) cpu_start: Max chip rev:     v0.99 [0m
[0;32mI (984) cpu_start: Chip rev:         v0.2[0m
[0;32mI (989) heap_init: Initializing. RAM available for dynamic allocation:[0m
[0;32mI (996) heap_init: At 3FCB4C08 len 00034B08 (210 KiB): RAM[0m
[0;32mI (1002) heap_init: At 3FCE9710 len 00005724 (21 KiB): RAM[0m
[0;32mI (1008) heap_init: At 3FCF0000 len 00008000 (32 KiB): DRAM[0m
[0;32mI (1014) heap_init: At 600FE010 len 00001FD8 (7 KiB): RTCRAM[0m
[0;32mI (1021) esp_psram: Adding pool of 8192K of PSRAM memory to heap allocator[0m
[0;32mI (1029) spi_flash: detected chip: generic[0m
[0;32mI (1033) spi_flash: flash io: dio[0m
[0;33mW (1037) rmt(legacy): legacy driver is deprecated, please migrate to `driver/rmt_tx.h` and/or `driver/rmt_rx.h`[0m
[0;32mI (1049) sleep: Configure to isolate all GPIO pins in sleep state[0m
[0;32mI (1055) sleep: Enable automatic switching of GPIO sleep configuration[0m
[0;32mI (1062) coexist: coex firmware version: 77cd7f8[0m
[0;32mI (1067) coexist: coexist rom version e7ae62f[0m
[0;32mI (1073) main_task: Started on CPU0[0m
[0;32mI (1083) esp_psram: Reserving pool of 32K of internal memory for DMA/internal allocations[0m
[0;32mI (1083) main_task: Calling app_main()[0m
[0;32mI (1523) gpio: GPIO[15]| InputEn: 0| OutputEn: 1| OpenDrain: 0| Pullup: 0| Pulldown: 0| Intr:0 [0m
[0;32mI (1523) gpio: GPIO[16]| InputEn: 0| OutputEn: 1| OpenDrain: 0| Pullup: 0| Pulldown: 0| Intr:0 [0m
[0;32mI (1523) gpio: GPIO[17]| InputEn: 0| OutputEn: 1| OpenDrain: 0| Pullup: 0| Pulldown: 0| Intr:0 [0m
[0;32mI (1533) status_led: Status LED ready (R=15 G=16 B=17, common cathode)[0m
[0;32mI (1543) led_driver_ws2812: Initializing light driver[0m
[0;32mI (1553) gpio: GPIO[0]| InputEn: 1| OutputEn: 0| OpenDrain: 0| Pullup: 1| Pulldown: 0| Intr:0 [0m
[0;32mI (1563) button: IoT Button Version: 4.1.6[0m
[0;32mI (1563) app_main: Bridge slot 0 created with endpoint_id 1[0m
[0;32mI (1573) app_main: Bridge slot 1 created with endpoint_id 2[0m
[0;32mI (1583) app_main: Bridge slot 2 created with endpoint_id 3[0m
[0;32mI (1583) app_main: Bridge slot 3 created with endpoint_id 4[0m
[0;32mI (1593) bridge_action: Slot 0 binding loaded: on=0, off=0, level=0[0m
[0;32mI (1593) bridge_action: Slot 1 binding loaded: on=0, off=0, level=2[0m
[0;32mI (1603) bridge_action: Slot 2 binding loaded: on=0, off=0, level=4[0m
[0;32mI (1613) bridge_action: Slot 3 binding loaded: on=0, off=0, level=4[0m
[0;32mI (1613) bridge_action: Initialized 4 bridge slot actions[0m
[0;32mI (1643) ir_engine: IR RMT initialized TX=4 RX={5,6}[0m
[0;32mI (1643) ir_engine: IR engine initialized (signals=4, next_id=5)[0m
[0;32mI (1653) pp: pp rom version: e7ae62f[0m
[0;32mI (1653) net80211: net80211 rom version: e7ae62f[0m
[0;32mI (1663) wifi:wifi driver task: 3fccbf54, prio:23, stack:6656, core=0[0m
[0;32mI (1693) wifi:wifi firmware version: a9f5b59[0m
[0;32mI (1693) wifi:wifi certification version: v7.0[0m
[0;32mI (1693) wifi:config NVS flash: enabled[0m
[0;32mI (1693) wifi:config nano formating: disabled[0m
[0;32mI (1693) wifi:Init data frame dynamic rx buffer num: 32[0m
[0;32mI (1703) wifi:Init static rx mgmt buffer num: 5[0m
[0;32mI (1703) wifi:Init management short buffer num: 32[0m
[0;32mI (1713) wifi:Init static tx buffer num: 16[0m
[0;32mI (1713) wifi:Init tx cache buffer num: 32[0m
[0;32mI (1713) wifi:Init static tx FG buffer num: 2[0m
[0;32mI (1723) wifi:Init static rx buffer size: 1600[0m
[0;32mI (1723) wifi:Init static rx buffer num: 10[0m
[0;32mI (1733) wifi:Init dynamic rx buffer num: 32[0m
[0;32mI (1733) wifi_init: rx ba win: 6[0m
[0;32mI (1733) wifi_init: tcpip mbox: 32[0m
[0;32mI (1743) wifi_init: udp mbox: 6[0m
[0;32mI (1743) wifi_init: tcp mbox: 6[0m
[0;32mI (1753) wifi_init: tcp tx win: 5760[0m
[0;32mI (1753) wifi_init: tcp rx win: 5760[0m
[0;32mI (1753) wifi_init: tcp mss: 1440[0m
[0;32mI (1763) wifi_init: WiFi IRAM OP enabled[0m
[0;32mI (1763) wifi_init: WiFi RX IRAM OP enabled[0m
[0;32mI (1803) chip[DL]: NVS set: chip-counters/reboot-count = 20 (0x14)[0m
[0;32mI (1803) BLE_INIT: BT controller compile version [30b57c4][0m
[0;32mI (1803) BLE_INIT: Bluetooth MAC: 1c:db:d4:65:98:26[0m
[0;32mI (1803) phy_init: phy_version 640,cd64a1a,Jan 24 2024,17:28:12[0m
[0;32mI (1853) NimBLE: GAP procedure initiated: stop advertising.
[0m
[0;32mI (1853) CHIP[DL]: BLE host-controller synced[0m
[0;32mI (2363) chip[DL]: Starting ESP WiFi layer[0m
[0;32mI (2363) wifi:mode : sta (1c:db:d4:65:98:24)[0m
[0;32mI (2363) wifi:enable tsf[0m
[0;32mI (2363) chip[DL]: Posting ESPSystemEvent: Wifi Event with eventId : 40[0m
[0;33mW (2363) wifi:Haven't to connect to a suitable AP now![0m
[0;32mI (2373) chip[DL]: Attempting to connect WiFi station interface[0m
[0;32mI (2373) chip[DL]: [0;32mI (2383) chip[DL]: Posting ESPSystemEvent: Wifi Event with eventId : 2WiFi station state change: NotConnected -> Connecting[0m
[0;32mI (2393) wifi:new:<2,0>, old:<1,0>, ap:<255,255>, sta:<2,0>, prof:1[0;32mI (2393) chip[DL]: [0m
Done driving station state, nothing else to do...[0m
[0;32mI (2403) wifi:state: init -> auth (b0)[0m
[0;32mI (2403) chip[SVR]: Initializing session resumption storage...[0m
[0;32mI (2413) wifi:state: auth -> assoc (0)[0;32mI (2413) chip[SVR]: [0m
Initializing subscription resumption storage...[0m
[0m
[0;32mI (2423) chip[DL]: Posting ESPSystemEvent: Wifi Event with eventId : 40[0m
[0;32mI (2423) chip[SVR]: Server initializing...[0m
[0;32mI (2433) wifi:state: assoc -> run (10)[0m
[0;32mI (2443) chip[TS]: Last Known Good Time: 2026-03-05T08:13:52[0m
[0;32mI (2453) chip[FP]: Fabric index 0x1 was retrieved from storage. Compressed FabricId 0xE33643B0965FE197, FabricId 0x000000006057FA6B, NodeId 0x000000003BBB5D68, VendorId 0x1349[0m
[0;32mI (2473) chip[FP]: Fabric index 0x2 was retrieved from storage. Compressed FabricId 0x7969C12744EC5819, FabricId 0x000000002B179B36, NodeId 0x0000000045B23DC9, VendorId 0x1384[0m
[0;32mI (2483) chip[DMG]: AccessControl: initializing[0m
[0;32mI (2483) wifi:[0;32mI (2483) chip[DMG]: connected with SK_WiFiGIGADC40_2.4G, aid = 2, channel 2, BW20, bssid = 04:09:a5:51:dc:43Examples::AccessControlDelegate::Init[0m
[0m
[0;32mI (2503) wifi:security: WPA2-PSK, phy: bgn, rssi: -66[0;32mI (2503) chip[DMG]: [0m
AccessControl: setting[0m
[0;32mI (2513) chip[DMG]: DefaultAclStorage: initializing[0m
[0;32mI (2523) wifi:pm start, type: 1[0m

[0;32mI (2523) wifi:dp: 1, bi: 103424, li: 2, scale listen interval from 307200 us to 206848 us[0m
[0;32mI (2523) chip[DMG]: DefaultAclStorage: 2 entries loaded[0m
[0;32mI (2523) wifi:set rx beacon pti, rx_bcn_pti: 14, bcn_timeout: 25000, mt_pti: 14, mt_time: 10000[0;32mI (2533) chip[SVR]: [0m
WARNING: mTestEventTriggerDelegate is null[0m
[0;32mI (2543) wifi:AP's beacon interval = 103424 us, DTIM period = 1[0m
[0;32mI (2553) chip[DL]: Posting ESPSystemEvent: Wifi Event with eventId : 4[0m
[0;32mI (2573) mdns_mem: mDNS task will be created from internal RAM[0m
[0;32mI (2573) chip[SVR]: Fabric already commissioned. Disabling BLE advertisement[0m
[0;32mI (2573) chip[IN]: CASE Server enabling CASE session setups[0m
[0;32mI (2583) chip[SVR]: Joining Multicast groups[0m
[0;32mI (2593) chip[SVR]: Server initialization complete[0m
[0;32mI (2593) chip[SVR]: Server Listening...[0m
[0;32mI (2593) chip[DMG]: AccessControlCluster: initializing[0m
[0;32mI (2603) chip[ZCL]: Endpoint 1 On/off already set to new value[0m
[0;32mI (2613) chip[ZCL]: Endpoint 2 On/off already set to new value[0m
[0;32mI (2623) chip[ZCL]: Endpoint 3 On/off already set to new value[0m
[0;32mI (2623) chip[ZCL]: Endpoint 4 On/off already set to new value[0m
[0;32mI (2633) chip[DL]: WIFI_EVENT_STA_START[0m
[0;32mI (2633) chip[DL]: Done driving station state, nothing else to do...[0m
[0;32mI (2643) chip[DL]: WIFI_EVENT_STA_CONNECTED[0m
[0;32mI (2643) chip[DL]: WiFi station state change: Connecting -> Connecting_Succeeded[0m
[0;32mI (2643) chip[SVR]: SetupQRCode: [MT:Y.K9042C00KA0648G00][0m
[0;32mI (2653) chip[DL]: [0;32mI (2653) chip[SVR]: WiFi station state change: Connecting_Succeeded -> Connected[0m
Copy/paste the below URL in a browser to see the QR Code:[0m
[0;32mI (2673) chip[DL]: [0;32mI (2673) chip[SVR]: WiFi station interface connectedhttps://project-chip.github.io/connectedhomeip/qrcode.html?data=MT%3AY.K9042C00KA0648G00[0m
[0m
[0;32mI (2693) chip[SVR]: Manual pairing code: [34970112332][0m
[0;32mI (2693) chip[DL]: Done driving station state, nothing else to do...[0m
[0;32mI (2703) web_server: HTTP API started: GET /, GET /api/health, GET /api/slots, GET /api/signals, POST /api/slots/{id}/bind, POST /api/learn/start, GET /api/learn/status, POST /api/learn/commit, POST /api/commissioning/open[0m
[0;32mI (2703) chip[SWU]: Stopping the watchdog timer[0m
[0;32mI (2723) led_driver_ws2812: led set r:0, g:0, b:0[0m
[0;32mI (2733) chip[SWU]: Starting the periodic query timer, timeout: 86400 seconds[0m
[0;32mI (2733) led_driver_ws2812: led set r:0, g:0, b:0[0m
[0;32mI (2743) chip[IM]: No subscriptions to resume[0m
[0;32mI ���[5n[0;32mI (2763) chip[DL]: BLE deinit successful and memory reclaimed[0m
[0;32mI (2773) app_main: BLE deinitialized and memory reclaimed[0m
[6n [999C [6n [79D[0;32m> [0m[0;32mI (3553) esp_netif_handlers: sta ip: 192.168.75.231, mask: 255.255.255.0, gw: 192.168.75.1[0m
[0;32mI (3553) chip[DL]: Posting ESPSystemEvent: IP Event with eventId : 0[0m
[0;32mI (3563) chip[DL]: [0;32mI (3563) app_main: Web UI ready (IP): http://192.168.75.231[0m
IP_EVENT_STA_GOT_IP[0m
[0;33mW (3563) local_discovery: Matter mDNS host not ready yet, deferring HTTP mDNS registration[0m
[0;32mI (3563) chip[DL]: [0;33mW (3573) app_main: mDNS start deferred (IP_EVENT_STA_GOT_IP): ESP_ERR_INVALID_STATE[0m
IPv4 address changed on WiFi station interface: 192.168.75.231/255.255.255.0 gateway 192.168.75.1[0;32mI (3593) app_main: Scheduled mDNS registration retry (ip_event_sta_got_ip)[0m
[0m
[0;33mW (3593) local_discovery: Matter mDNS host not ready yet, deferring HTTP mDNS registration[0m
[0;32mI (3603) chip[DL]: IPv4 Internet connectivity ESTABLISHED[0m
[0;32mI (3613) app_main: Interface IP Address changed[0m
[0;33mW (3633) local_discovery: Matter mDNS host not ready yet, deferring HTTP mDNS registration[0m
[0;33mW (3643) app_main: mDNS registration deferred (interface event): ESP_ERR_INVALID_STATE[0m
[0;32mI (3643) chip[DIS]: Updating services using commissioning mode 0[0m
[0;32mI (3653) chip[DIS]: Advertise operational node E33643B0965FE197-000000003BBB5D68[0m
[0;32mI (3653) chip[DIS]: Advertise operational node 7969C12744EC5819-0000000045B23DC9[0m
[0;32mI (4113) local_discovery: mDNS hostname forced: esp-matter-hub-659824[0m
[0;32mI (4113) local_discovery: mDNS ready: http://esp-matter-hub-659824.local[0m
[0;32mI (4123) app_main: mDNS registration completed after 2 attempt(s)[0m
[0;32mI (4643) chip[DL]: Posting ESPSystemEvent: IP Event with eventId : 3[0m
[0;32mI (4643) chip[DL]: IP_EVENT_GOT_IP6[0m
[0;32mI (4643) chip[DL]: IPv6 addr available. Ready on WIFI_STA_DEF interface: fe80:0000:0000:0000:1edb:d4ff:fe65:9824[0m
[0;32mI (4653) app_main: Interface IP Address changed[0m
[0;32mI (4663) chip[DIS]: Updating services using commissioning mode 0[0m
[0;32mI (4673) chip[DIS]: Advertise operational node E33643B0965FE197-000000003BBB5D68[0m
[0;32mI (4673) chip[DIS]: Advertise operational node 7969C12744EC5819-0000000045B23DC9[0m
[0;32mI (82853) wifi:<ba-add>idx:0 (ifx:0, 04:09:a5:51:dc:43), tid:0, ssn:2585, winSize:64[0m
[0;32mI (82863) wifi:<ba-add>idx:1 (ifx:0, 04:09:a5:51:dc:43), tid:4, ssn:64, winSize:64[0m
[0K[0;32m> [0m][3C