ESP-ROM:esp32s3-20210327
Build:Mar 27 2021
rst:0x1 (POWERON),boot:0x8 (SPI_FAST_FLASH_BOOT)
SPIWP:0xee
mode:DIO, clock div:1
load:0x3fce3810,len:0x178c
load:0x403c9700,len:0x4
load:0x403c9704,len:0xcbc
load:0x403cc700,len:0x2da0
entry 0x403c9914
[0;32mI (27) boot: ESP-IDF v5.2.1-dirty 2nd stage bootloader[0m
[0;32mI (27) boot: compile time Mar  5 2026 16:30:54[0m
[0;32mI (27) boot: Multicore bootloader[0m
[0;32mI (30) boot: chip revision: v0.2[0m
[0;32mI (34) boot.esp32s3: Boot SPI Speed : 80MHz[0m
[0;32mI (39) boot.esp32s3: SPI Mode       : DIO[0m
[0;32mI (44) boot.esp32s3: SPI Flash Size : 4MB[0m
[0;32mI (48) boot: Enabling RNG early entropy source...[0m
[0;32mI (54) boot: Partition Table:[0m
[0;32mI (57) boot: ## Label            Usage          Type ST Offset   Length[0m
[0;32mI (65) boot:  0 esp_secure_cert  unknown          3f 06 0000d000 00002000[0m
[0;32mI (72) boot:  1 nvs              WiFi data        01 02 00010000 0000c000[0m
[0;32mI (80) boot:  2 nvs_keys         NVS keys         01 04 0001c000 00001000[0m
[0;32mI (87) boot:  3 otadata          OTA data         01 00 0001d000 00002000[0m
[0;32mI (95) boot:  4 phy_init         RF data          01 01 0001f000 00001000[0m
[0;32mI (102) boot:  5 ota_0            OTA app          00 10 00020000 001e0000[0m
[0;32mI (110) boot:  6 ota_1            OTA app          00 11 00200000 001e0000[0m
[0;32mI (117) boot:  7 fctry            WiFi data        01 02 003e0000 00006000[0m
[0;32mI (125) boot: End of partition table[0m
[0;32mI (129) esp_image: segment 0: paddr=00020020 vaddr=3c120020 size=447e8h (280552) map[0m
[0;32mI (188) esp_image: segment 1: paddr=00064810 vaddr=3fc9c300 size=06ca4h ( 27812) load[0m
[0;32mI (194) esp_image: segment 2: paddr=0006b4bc vaddr=40374000 size=04b5ch ( 19292) load[0m
[0;32mI (198) esp_image: segment 3: paddr=00070020 vaddr=42000020 size=1131e4h (1126884) map[0m
[0;32mI (404) esp_image: segment 4: paddr=0018320c vaddr=40378b5c size=13724h ( 79652) load[0m
[0;32mI (432) boot: Loaded app from partition at offset 0x20000[0m
[0;32mI (432) boot: Disabling RNG early entropy source...[0m
[0;32mI (444) cpu_start: Multicore app[0m
[0;32mI (445) octal_psram: vendor id    : 0x0d (AP)[0m
[0;32mI (445) octal_psram: dev id       : 0x02 (generation 3)[0m
[0;32mI (448) octal_psram: density      : 0x03 (64 Mbit)[0m
[0;32mI (453) octal_psram: good-die     : 0x01 (Pass)[0m
[0;32mI (458) octal_psram: Latency      : 0x01 (Fixed)[0m
[0;32mI (464) octal_psram: VCC          : 0x01 (3V)[0m
[0;32mI (469) octal_psram: SRF          : 0x01 (Fast Refresh)[0m
[0;32mI (475) octal_psram: BurstType    : 0x01 (Hybrid Wrap)[0m
[0;32mI (480) octal_psram: BurstLen     : 0x01 (32 Byte)[0m
[0;32mI (486) octal_psram: Readlatency  : 0x02 (10 cycles@Fixed)[0m
[0;32mI (492) octal_psram: DriveStrength: 0x00 (1/1)[0m
[0;32mI (498) MSPI Timing: PSRAM timing tuning index: 5[0m
[0;32mI (503) esp_psram: Found 8MB PSRAM device[0m
[0;32mI (507) esp_psram: Speed: 80MHz[0m
[0;32mI (924) esp_psram: SPI SRAM memory test OK[0m
[0;32mI (933) cpu_start: Pro cpu start user code[0m
[0;32mI (933) cpu_start: cpu freq: 160000000 Hz[0m
[0;32mI (933) cpu_start: Application information:[0m
[0;32mI (936) cpu_start: Project name:     light[0m
[0;32mI (941) cpu_start: App version:      1.0[0m
[0;32mI (946) cpu_start: Compile time:     Mar  5 2026 16:30:46[0m
[0;32mI (952) cpu_start: ELF file SHA256:  87fd2a9a1...[0m
[0;32mI (957) cpu_start: ESP-IDF:          v5.2.1-dirty[0m
[0;32mI (962) cpu_start: Min chip rev:     v0.0[0m
[0;32mI (967) cpu_start: Max chip rev:     v0.99 [0m
[0;32mI (972) cpu_start: Chip rev:         v0.2[0m
[0;32mI (977) heap_init: Initializing. RAM available for dynamic allocation:[0m
[0;32mI (984) heap_init: At 3FCB5020 len 000346F0 (209 KiB): RAM[0m
[0;32mI (990) heap_init: At 3FCE9710 len 00005724 (21 KiB): RAM[0m
[0;32mI (996) heap_init: At 3FCF0000 len 00008000 (32 KiB): DRAM[0m
[0;32mI (1002) heap_init: At 600FE010 len 00001FD8 (7 KiB): RTCRAM[0m
[0;32mI (1009) esp_psram: Adding pool of 8192K of PSRAM memory to heap allocator[0m
[0;32mI (1017) spi_flash: detected chip: generic[0m
[0;32mI (1021) spi_flash: flash io: dio[0m
[0;33mW (1025) spi_flash: Detected size(16384k) larger than the size in the binary image header(4096k). Using the size in the binary image header.[0m
[0;33mW (1038) rmt(legacy): legacy driver is deprecated, please migrate to `driver/rmt_tx.h` and/or `driver/rmt_rx.h`[0m
[0;32mI (1050) sleep: Configure to isolate all GPIO pins in sleep state[0m
[0;32mI (1056) sleep: Enable automatic switching of GPIO sleep configuration[0m
[0;32mI (1063) coexist: coex firmware version: 77cd7f8[0m
[0;32mI (1069) coexist: coexist rom version e7ae62f[0m
[0;32mI (1074) main_task: Started on CPU0[0m
[0;32mI (1084) esp_psram: Reserving pool of 32K of internal memory for DMA/internal allocations[0m
[0;32mI (1084) main_task: Calling app_main()[0m
[0;32mI (1124) led_driver_ws2812: Initializing light driver[0m
[0;32mI (1124) gpio: GPIO[0]| InputEn: 1| OutputEn: 0| OpenDrain: 0| Pullup: 1| Pulldown: 0| Intr:0 [0m
[0;32mI (1124) button: IoT Button Version: 4.1.6[0m
[0;32mI (1134) app_main: Bridge slot 0 created with endpoint_id 1[0m
[0;32mI (1144) app_main: Bridge slot 1 created with endpoint_id 2[0m
[0;32mI (1144) app_main: Bridge slot 2 created with endpoint_id 3[0m
[0;32mI (1154) app_main: Bridge slot 3 created with endpoint_id 4[0m
[0;32mI (1154) bridge_action: Slot 0 binding loaded: onoff=0, level=0[0m
[0;32mI (1164) bridge_action: Slot 1 binding loaded: onoff=0, level=0[0m
[0;32mI (1174) bridge_action: Slot 2 binding loaded: onoff=0, level=0[0m
[0;32mI (1174) bridge_action: Slot 3 binding loaded: onoff=0, level=0[0m
[0;32mI (1184) bridge_action: Initialized 4 bridge slot actions[0m
[0;32mI (1194) ir_engine: No signal table found in NVS; starting empty[0m
[0;32mI (1194) ir_engine: IR RMT initialized TX=4 RX={5,6}[0m
[0;32mI (1204) ir_engine: IR engine initialized (signals=0, next_id=1)[0m
[0;32mI (1214) pp: pp rom version: e7ae62f[0m
[0;32mI (1214) net80211: net80211 rom version: e7ae62f[0m
[0;32mI (1234) wifi:wifi driver task: 3fccf05c, prio:23, stack:6656, core=0[0m
[0;32mI (1234) wifi:wifi firmware version: a9f5b59[0m
[0;32mI (1234) wifi:wifi certification version: v7.0[0m
[0;32mI (1234) wifi:config NVS flash: enabled[0m
[0;32mI (1234) wifi:config nano formating: disabled[0m
[0;32mI (1244) wifi:Init data frame dynamic rx buffer num: 32[0m
[0;32mI (1244) wifi:Init static rx mgmt buffer num: 5[0m
[0;32mI (1254) wifi:Init management short buffer num: 32[0m
[0;32mI (1254) wifi:Init static tx buffer num: 16[0m
[0;32mI (1254) wifi:Init tx cache buffer num: 32[0m
[0;32mI (1264) wifi:Init static tx FG buffer num: 2[0m
[0;32mI (1264) wifi:Init static rx buffer size: 1600[0m
[0;32mI (1274) wifi:Init static rx buffer num: 10[0m
[0;32mI (1274) wifi:Init dynamic rx buffer num: 32[0m
[0;32mI (1284) wifi_init: rx ba win: 6[0m
[0;32mI (1284) wifi_init: tcpip mbox: 32[0m
[0;32mI (1284) wifi_init: udp mbox: 6[0m
[0;32mI (1294) wifi_init: tcp mbox: 6[0m
[0;32mI (1294) wifi_init: tcp tx win: 5760[0m
[0;32mI (1294) wifi_init: tcp rx win: 5760[0m
[0;32mI (1304) wifi_init: tcp mss: 1440[0m
[0;32mI (1304) wifi_init: WiFi IRAM OP enabled[0m
[0;32mI (1314) wifi_init: WiFi RX IRAM OP enabled[0m
[0;32mI (1334) chip[DL]: NVS set: chip-counters/reboot-count = 8 (0x8)[0m
[0;32mI (1334) BLE_INIT: BT controller compile version [30b57c4][0m
[0;32mI (1334) BLE_INIT: Bluetooth MAC: 1c:db:d4:65:98:26[0m
[0;32mI (1334) phy_init: phy_version 640,cd64a1a,Jan 24 2024,17:28:12[0m
[0;32mI (1384) NimBLE: GAP procedure initiated: stop advertising.
[0m
[0;32mI (1384) CHIP[DL]: BLE host-controller synced[0m
[0;32mI (1884) chip[DL]: Starting ESP WiFi layer[0m
[0;32mI (1884) wifi:mode : sta (1c:db:d4:65:98:24)[0m
[0;32mI (1884) wifi:enable tsf[0m
[0;32mI (1884) chip[DL]: Posting ESPSystemEvent: Wifi Event with eventId : 40[0m
[0;33mW (1884) wifi:Haven't to connect to a suitable AP now![0m
[0;32mI (1894) chip[DL]: Done driving station state, nothing else to do...[0m
[0;32mI (1894) chip[DL]: Posting ESPSystemEvent: Wifi Event with eventId : 2[0m
[0;33mW (1904) wifi:Haven't to connect to a suitable AP now![0m
[0;32mI (1914) chip[DL]: Done driving station state, nothing else to do...[0m
[0;32mI (1914) chip[SVR]: Initializing session resumption storage...[0m
[0;32mI (1924) chip[SVR]: Initializing subscription resumption storage...[0m
[0;32mI (1934) chip[SVR]: Server initializing...[0m
[0;32mI (1934) chip[TS]: Last Known Good Time: 2023-10-14T01:16:48[0m
[0;32mI (1944) chip[DMG]: AccessControl: initializing[0m
[0;32mI (1944) chip[DMG]: Examples::AccessControlDelegate::Init[0m
[0;32mI (1954) chip[DMG]: AccessControl: setting[0m
[0;32mI (1954) chip[DMG]: DefaultAclStorage: initializing[0m
[0;32mI (1964) chip[DMG]: DefaultAclStorage: 0 entries loaded[0m
[0;32mI (1974) chip[SVR]: WARNING: mTestEventTriggerDelegate is null[0m
[0;32mI (2004) chip[DIS]: Updating services using commissioning mode 1[0m
[0;32mI (2004) chip[DIS]: CHIP minimal mDNS started advertising.[0m
[0;32mI (2004) chip[DIS]: Advertise commission parameter vendorID=65521 productID=32768 discriminator=3840/15 cm=1 cp=0 jf=0[0m
[0;32mI (2014) chip[DIS]: CHIP minimal mDNS configured as 'Commissionable node device'; instance name: A3557416F74CAF2D.[0m
[0;32mI (2024) chip[DIS]: mDNS service published: _matterc._udp[0m
[0;32mI (2034) chip[IN]: CASE Server enabling CASE session setups[0m
[0;32mI (2044) chip[SVR]: Joining Multicast groups[0m
[0;32mI (2044) chip[SVR]: Server Listening...[0m
[0;32mI (2054) chip[DMG]: AccessControlCluster: initializing[0m
[0;32mI (2064) chip[ZCL]: Endpoint 1 On/off already set to new value[0m
[0;32mI (2064) chip[ZCL]: Endpoint 2 On/off already set to new value[0m
[0;32mI (2074) chip[ZCL]: Endpoint 3 On/off already set to new value[0m
[0;32mI (2074) chip[ZCL]: Endpoint 4 On/off already set to new value[0m
[0;32mI (2084) chip[DL]: WIFI_EVENT_STA_START[0m
[0;33mW (2084) wifi:Haven't to connect to a suitable AP now![0m
[0;32mI (2094) chip[DL]: Done driving station state, nothing else to do...[0m
[0;32mI (2094) chip[SVR]: [0;32mI (2094) chip[DL]: SetupQRCode: [MT:Y.K9042C00KA0648G00]Configuring CHIPoBLE advertising (interval 25 ms, connectable)[0m
[0m
[0;32mI (2114) NimBLE: GAP procedure initiated: advertise; [0m
[0;32mI (2114) chip[SVR]: [0;32mI (2114) NimBLE: disc_mode=2[0m
Copy/paste the below URL in a browser to see the QR Code:[0m
[0;32mI (2124) NimBLE:  adv_channel_map=0 own_addr_type=1 adv_filter_policy=0 adv_itvl_min=40 adv_itvl_max=40[0m
[0;32mI (2124) chip[SVR]: [0;32mI (2134) NimBLE: 
[0m
https://project-chip.github.io/connectedhomeip/qrcode.html?data=MT%3AY.K9042C00KA0648G00[0m
[0;32mI (2144) chip[DL]: CHIPoBLE advertising started[0m
[0;32mI (2154) chip[SVR]: Manual pairing code: [34970112332][0m
[0;32mI (2154) app_main: Commissioning window opened[0m
[0;32mI (2164) web_server: HTTP API started: GET /, GET /api/health, GET /api/slots, GET /api/signals, POST /api/slots/{id}/bind, POST /api/learn/start, GET /api/learn/status, POST /api/learn/commit, POST /api/commissioning/open[0m
[0;32mI (2164) chip[SVR]: SetupQRCode: [MT:Y.K9042C00KA0648G00][0m
[0;32mI (2194) led_driver_ws2812: led set r:0, g:0, b:0[0m
[0;32mI (2194) chip[SVR]: Copy/paste the below URL in a browser to see the QR Code:[0m
[0;32mI (2204) led_driver_ws2812: led set r:63, g:63, b:63[0m
[0;32mI (2204) chip[SVR]: https://project-chip.github.io/connectedhomeip/qrcode.html?data=MT%3AY.K9042C00KA0648G00[0m
[0;32m��[5n[6n [999C [6n [77D[0;32m> [0m[0;32mI (32004) chip[DL]: bleAdv Timeout : Start slow advertisement[0m
[0;32mI (32004) chip[DL]: Configuring CHIPoBLE advertising (interval 500 ms, connectable)[0m
[0;32mI (32004) chip[DL]: Device already advertising, stop active advertisement and restart[0m
[0;32mI (32014) NimBLE: GAP procedure initiated: stop advertising.
[0m
[0;32mI (32034) NimBLE: GAP procedure initiated: advertise; [0m
[0;32mI (32034) NimBLE: disc_mode=2[0m
[0;32mI (32034) NimBLE:  adv_channel_map=0 own_addr_type=1 adv_filter_policy=0 adv_itvl_min=800 adv_itvl_max=800[0m
[0;32mI (32044) NimBLE: 
[0m
[0;32mI (35084) chip[DL]: BLE GAP connection established (con 1)[0m
[0;32mI (35084) chip[DL]: CHIPoBLE advertising stopped[0m
[0;32mI (36044) CHIP[DL]: Write request received for CHIPoBLE RX characteristic con 1 16[0m
[0;32mI (36044) chip[BLE]: local and remote recv window sizes = 5[0m
[0;32mI (36044) chip[BLE]: selected BTP version 4[0m
[0;32mI (36054) chip[BLE]: using BTP fragment sizes rx 244 / tx 244.[0m
[0;32mI (36224) chip[DL]: Write request/command received for CHIPoBLE TX CCCD characteristic (con 1 ) indicate = 1[0m
[0;32mI (36224) chip[DL]: CHIPoBLE subscribe received[0m
[0;32mI (36224) NimBLE: GATT procedure initiated: indicate; [0m
[0;32mI (36234) NimBLE: att_handle=18
[0m
[0;32mI (36284) chip[DL]: Confirm received for CHIPoBLE TX characteristic indication (con 1) status= 14 [0m
[0;32mI (36284) CHIP[DL]: Write request received for CHIPoBLE RX characteristic con 1 16[0m
[0;32mI (36304) chip[EM]: >>> [E:38239r S:0 M:118006112] (U) Msg RX from 0:0DB10AA8AD417890 [0000] to 0000000000000000 --- Type 0000:20 (SecureChannel:PBKDFParamRequest) (B:98)[0m
[0;32mI (36314) chip[EM]: <<< [E:38239r S:0 M:77135298] (U) Msg TX from 0000000000000000 to 0:0DB10AA8AD417890 [0000] [BLE] --- Type 0000:21 (SecureChannel:PBKDFParamResponse) (B:154)[0m
[0;32mI (36334) NimBLE: GATT procedure initiated: indicate; [0m
[0;32mI (36334) NimBLE: att_handle=18
[0m
[0;31mE (36344) BLE_INIT: Malloc failed[0m
[0;32mI (36344) chip[SVR]: Commissioning session establishment step started[0m
[0;32mI (51284) chip[DL]: Write request/command received for CHIPoBLE TX CCCD characteristic (con 1 ) indicate = 0[0m
[0;32mI (51284) chip[DL]: CHIPoBLE unsubscribe received[0m
[0;32mI (51284) chip[BLE]: Releasing end point's BLE connection back to application.[0m
[0;32mI (51294) chip[DL]: Closing BLE GATT connection (con 1)[0m
[0;32mI (51314) NimBLE: GAP procedure initiated: terminate connection; conn_handle=1 hci_reason=19
[0m
[0;31mE (51314) BLE_INIT: Malloc failed[0m
[0;31mE (51324) chip[DL]: ble_gap_adv_set_data failed: 5b00207 3840[0m
[0;31mE (51324) chip[DL]: Configure Adv Data failed: 5b00207[0m
[0;31mE (51334) chip[DL]: Disabling CHIPoBLE service due to error: 5b00207[0m
[0;32mI (51344) NimBLE: GAP procedure initiated: stop advertising.
[0m
[0;31mE (51344) NimBLE: ble_hs_stop: failed to terminate connection; rc=2
[0m
[0;32mI (53354) chip[DL]: BLE deinit successful and memory reclaimed[0m
[0;32mI (53354) app_main: BLE deinitialized and memory reclaimed[0m
